 uix86

 Timestamp is 5aa4dcae (Sun Mar 11 01:37:18 2018)

 Preferred load address is 40000000

 Start         Length     Name                   Class
 0001:00000000 000dc650H .text$mn                CODE
 0001:000dc650 000010a6H .text$x                 CODE
 0002:00000000 00000104H .CRT$XCA                DATA
 0002:00000104 00000104H .CRT$XCZ                DATA
 0002:00000208 00000104H .CRT$XIA                DATA
 0002:0000030c 00000110H .CRT$XIC                DATA
 0002:0000041c 00000104H .CRT$XIZ                DATA
 0002:00000520 00000104H .CRT$XPA                DATA
 0002:00000624 0000010cH .CRT$XPX                DATA
 0002:00000730 00000104H .CRT$XPXA               DATA
 0002:00000834 00000104H .CRT$XPZ                DATA
 0002:00000938 00000104H .CRT$XTA                DATA
 0002:00000a3c 00000104H .CRT$XTZ                DATA
 0002:00000b40 00029818H .rdata                  DATA
 0002:0002a358 00000448H .rdata$r                DATA
 0002:0002a7a0 00000128H .rdata$sxdata           DATA
 0002:0002a8c8 0000017cH .rdata$zzzdbg           DATA
 0002:0002aa44 00000104H .rtc$IAA                DATA
 0002:0002ab48 00000130H .rtc$IMZ                DATA
 0002:0002ac78 00000104H .rtc$IZZ                DATA
 0002:0002ad7c 00000104H .rtc$TAA                DATA
 0002:0002ae80 00000130H .rtc$TMZ                DATA
 0002:0002afb0 00000108H .rtc$TZZ                DATA
 0002:0002b0b8 00000dd8H .xdata$x                DATA
 0002:0002be90 00000167H .edata                  DATA
 0003:00000000 00005d28H .data                   DATA
 0003:00005d28 00000258H .data$r                 DATA
 0003:00005f80 0024bb4cH .bss                    DATA
 0004:00000000 000001d0H .idata$5                DATA
 0004:000001d0 00000014H .idata$2                DATA
 0004:000001e4 00000014H .idata$3                DATA
 0004:000001f8 000001d0H .idata$4                DATA
 0004:000003c8 0000083cH .idata$6                DATA
 0005:00000000 00000104H .00cfg                  DATA
 0006:00000000 00000170H .rsrc$01                DATA
 0006:00000170 000002ccH .rsrc$02                DATA

  Address         Publics by Value              Rva+Base       Lib:Object

 0000:00000000       ___guard_fids_count        00000000     <absolute>
 0000:00000000       ___guard_longjmp_table     00000000     <absolute>
 0000:00000000       ___hybrid_code_map         00000000     <absolute>
 0000:00000000       ___hybrid_code_map_count   00000000     <absolute>
 0000:00000000       ___guard_iat_count         00000000     <absolute>
 0000:00000000       ___hybrid_auxiliary_iat    00000000     <absolute>
 0000:00000000       ___guard_longjmp_count     00000000     <absolute>
 0000:00000000       ___guard_fids_table        00000000     <absolute>
 0000:00000000       ___dynamic_value_reloc_table 00000000     <absolute>
 0000:00000000       ___enclave_config          00000000     <absolute>
 0000:00000000       __except_list              00000000     <absolute>
 0000:00000000       ___guard_iat_table         00000000     <absolute>
 0000:00000008       ___safe_se_handler_count   00000008     <absolute>
 0000:00000100       ___guard_flags             00000100     <absolute>
 0000:00000000       ___ImageBase               40000000     <linker-defined>
 0001:00007630       __atof                     40008630 f   bg_lib.obj
 0001:000079a0       _atof                      400089a0 f   bg_lib.obj
 0001:00007d40       _memmove                   40008d40 f   bg_lib.obj
 0001:00007df0       _qsort                     40008df0 f   bg_lib.obj
 0001:00008540       _rand                      40009540 f   bg_lib.obj
 0001:000085a0       _srand                     400095a0 f   bg_lib.obj
 0001:000085e0       _strcat                    400095e0 f   bg_lib.obj
 0001:00008670       _strchr                    40009670 f   bg_lib.obj
 0001:000086d0       _strcmp                    400096d0 f   bg_lib.obj
 0001:00008760       _strcpy                    40009760 f   bg_lib.obj
 0001:000087e0       _strlen                    400097e0 f   bg_lib.obj
 0001:00008840       _strstr                    40009840 f   bg_lib.obj
 0001:000089f0       _tan                       400099f0 f   bg_lib.obj
 0001:00008ab0       _BG_AddPredictableEventToPlayerstate 40009ab0 f   bg_misc.obj
 0001:00008c10       _BG_AkimboFireSequence     40009c10 f   bg_misc.obj
 0001:00008c80       _BG_CanItemBeGrabbed       40009c80 f   bg_misc.obj
 0001:00009130       _BG_EvaluateTrajectory     4000a130 f   bg_misc.obj
 0001:00009f90       _BG_EvaluateTrajectoryDelta 4000af90 f   bg_misc.obj
 0001:0000a810       _BG_FindAmmoForWeapon      4000b810 f   bg_misc.obj
 0001:0000a930       _BG_FindClipForWeapon      4000b930 f   bg_misc.obj
 0001:0000aa50       _BG_FindItem               4000ba50 f   bg_misc.obj
 0001:0000aae0       _BG_FindItem2              4000bae0 f   bg_misc.obj
 0001:0000abb0       _BG_FindItemForAmmo        4000bbb0 f   bg_misc.obj
 0001:0000ac60       _BG_FindItemForHoldable    4000bc60 f   bg_misc.obj
 0001:0000acf0       _BG_FindItemForKey         4000bcf0 f   bg_misc.obj
 0001:0000adc0       _BG_FindItemForPowerup     4000bdc0 f   bg_misc.obj
 0001:0000ae60       _BG_FindItemForWeapon      4000be60 f   bg_misc.obj
 0001:0000afa0       _BG_GetMarkDir             4000bfa0 f   bg_misc.obj
 0001:0000b3f0       _BG_PlayerStateToEntityState 4000c3f0 f   bg_misc.obj
 0001:0000ba80       _BG_PlayerStateToEntityStateExtraPolate 4000ca80 f   bg_misc.obj
 0001:0000c140       _BG_PlayerTouchesItem      4000d140 f   bg_misc.obj
 0001:0000c340       _isClipOnly                4000d340 f   bg_misc.obj
 0001:0000c3e0       _AddPointToBounds          4000d3e0 f   q_math.obj
 0001:0000c5d0       _AngleDelta                4000d5d0 f   q_math.obj
 0001:0000c630       _AngleMod                  4000d630 f   q_math.obj
 0001:0000c6a0       _AngleNormalize180         4000d6a0 f   q_math.obj
 0001:0000c730       _AngleNormalize360         4000d730 f   q_math.obj
 0001:0000c7a0       _AngleSubtract             4000d7a0 f   q_math.obj
 0001:0000c840       _AngleVectors              4000d840 f   q_math.obj
 0001:0000cc30       _AnglesSubtract            4000dc30 f   q_math.obj
 0001:0000cd70       _AnglesToAxis              4000dd70 f   q_math.obj
 0001:0000cf10       _AxisClear                 4000df10 f   q_math.obj
 0001:0000d080       _AxisCopy                  4000e080 f   q_math.obj
 0001:0000d290       _AxisToAngles              4000e290 f   q_math.obj
 0001:0000d620       _BoxOnPlaneSide            4000e620 f   q_math.obj
 0001:0000d8f0       _ByteToDir                 4000e8f0 f   q_math.obj
 0001:0000da20       _ClampChar                 4000ea20 f   q_math.obj
 0001:0000da70       _ClampShort                4000ea70 f   q_math.obj
 0001:0000dad0       _ClearBounds               4000ead0 f   q_math.obj
 0001:0000dbb0       _ColorBytes3               4000ebb0 f   q_math.obj
 0001:0000dc80       _ColorBytes4               4000ec80 f   q_math.obj
 0001:0000dd80       _CrossProduct              4000ed80 f   q_math.obj
 0001:0000def0       _DirToByte                 4000eef0 f   q_math.obj
 0001:0000e030       _Distance                  4000f030 f   q_math.obj
 0001:0000e190       _DistanceSquared           4000f190 f   q_math.obj
 0001:0000e350       _GetPerpendicularViewVector 4000f350 f   q_math.obj
 0001:0000e5c0       _LerpAngle                 4000f5c0 f   q_math.obj
 0001:0000e680       _MakeNormalVectors         4000f680 f   q_math.obj
 0001:0000e8e0       _MatrixMultiply            4000f8e0 f   q_math.obj
 0001:0000f0a0       _NormalizeColor            400100a0 f   q_math.obj
 0001:0000f240       _PerpendicularVector       40010240 f   q_math.obj
 0001:0000f400       _PlaneFromPoints           40010400 f   q_math.obj
 0001:0000f700       _ProjectPointOnPlane       40010700 f   q_math.obj
 0001:0000f9f0       _ProjectPointOntoVector    400109f0 f   q_math.obj
 0001:0000fe30       _Q_crandom                 40010e30 f   q_math.obj
 0001:0000fec0       _Q_fabs                    40010ec0 f   q_math.obj
 0001:0000ff10       _Q_log2                    40010f10 f   q_math.obj
 0001:0000ff70       _Q_rand                    40010f70 f   q_math.obj
 0001:0000ffc0       _Q_random                  40010fc0 f   q_math.obj
 0001:00010040       _Q_rsqrt                   40011040 f   q_math.obj
 0001:00010100       _RadiusFromBounds          40011100 f   q_math.obj
 0001:00010260       _RotateAroundDirection     40011260 f   q_math.obj
 0001:00010420       _RotatePointAroundVector   40011420 f   q_math.obj
 0001:00010c00       _SetPlaneSignbits          40011c00 f   q_math.obj
 0001:00010c90       _Vector4Scale              40011c90 f   q_math.obj
 0001:00010d80       _VectorCompare             40011d80 f   q_math.obj
 0001:00010e50       _VectorDistance            40011e50 f   q_math.obj
 0001:00010fb0       _VectorInverse             40011fb0 f   q_math.obj
 0001:00011070       _VectorLength              40012070 f   q_math.obj
 0001:00011160       _VectorLengthSquared       40012160 f   q_math.obj
 0001:00011220       _VectorNormalize           40012220 f   q_math.obj
 0001:000113c0       _VectorNormalize2          400123c0 f   q_math.obj
 0001:000115b0       _VectorNormalizeFast       400125b0 f   q_math.obj
 0001:00011710       _VectorRotate              40012710 f   q_math.obj
 0001:00011950       __DotProduct               40012950 f   q_math.obj
 0001:00011a10       __VectorAdd                40012a10 f   q_math.obj
 0001:00011af0       __VectorCopy               40012af0 f   q_math.obj
 0001:00011b90       __VectorMA                 40012b90 f   q_math.obj
 0001:00011c90       __VectorScale              40012c90 f   q_math.obj
 0001:00011d50       __VectorSubtract           40012d50 f   q_math.obj
 0001:00011e30       _vectoangles               40012e30 f   q_math.obj
 0001:00012160       _vectoyaw                  40013160 f   q_math.obj
 0001:00012300       _BigFloat                  40013300 f   q_shared.obj
 0001:00012370       _BigLong                   40013370 f   q_shared.obj
 0001:000123d0       _BigLong64                 400133d0 f   q_shared.obj
 0001:00012430       _BigShort                  40013430 f   q_shared.obj
 0001:00012490       _COM_BeginParseSession     40013490 f   q_shared.obj
 0001:00012500       _COM_BitCheck              40013500 f   q_shared.obj
 0001:000125a0       _COM_BitClear              400135a0 f   q_shared.obj
 0001:00012620       _COM_BitSet                40013620 f   q_shared.obj
 0001:000126a0       _COM_Compress              400136a0 f   q_shared.obj
 0001:000128b0       _COM_DefaultExtension      400138b0 f   q_shared.obj
 0001:000129d0       _COM_GetCurrentParseLine   400139d0 f   q_shared.obj
 0001:00012a10       _COM_MatchToken            40013a10 f   q_shared.obj
 0001:00012aa0       _COM_Parse                 40013aa0 f   q_shared.obj
 0001:00012af0       _COM_ParseError            40013af0 f   q_shared.obj
 0001:00012b80       _COM_ParseExt              40013b80 f   q_shared.obj
 0001:00012f70       _COM_ParseWarning          40013f70 f   q_shared.obj
 0001:00013000       _COM_RestoreParseSession   40014000 f   q_shared.obj
 0001:00013050       _COM_SetCurrentParseLine   40014050 f   q_shared.obj
 0001:00013090       _COM_SkipPath              40014090 f   q_shared.obj
 0001:00013100       _COM_StripExtension        40014100 f   q_shared.obj
 0001:00013180       _COM_StripFilename         40014180 f   q_shared.obj
 0001:00013200       _Com_Clamp                 40014200 f   q_shared.obj
 0001:00013260       _Com_sprintf               40014260 f   q_shared.obj
 0001:00013390       _FloatNoSwap               40014390 f   q_shared.obj
 0001:000133d0       _FloatSwap                 400143d0 f   q_shared.obj
 0001:000134e0       _Info_NextPair             400144e0 f   q_shared.obj
 0001:00013620       _Info_RemoveKey            40014620 f   q_shared.obj
 0001:00013880       _Info_RemoveKey_Big        40014880 f   q_shared.obj
 0001:00013ae0       _Info_SetValueForKey       40014ae0 f   q_shared.obj
 0001:00013d20       _Info_SetValueForKey_Big   40014d20 f   q_shared.obj
 0001:00013f60       _Info_Validate             40014f60 f   q_shared.obj
 0001:00013fe0       _Info_ValueForKey          40014fe0 f   q_shared.obj
 0001:00014240       _LittleFloat               40015240 f   q_shared.obj
 0001:000142b0       _LittleLong                400152b0 f   q_shared.obj
 0001:00014310       _LittleLong64              40015310 f   q_shared.obj
 0001:00014370       _LittleShort               40015370 f   q_shared.obj
 0001:000143d0       _Long64NoSwap              400153d0 f   q_shared.obj
 0001:00014410       _Long64Swap                40015410 f   q_shared.obj
 0001:000144c0       _LongNoSwap                400154c0 f   q_shared.obj
 0001:00014500       _LongSwap                  40015500 f   q_shared.obj
 0001:000145a0       _Parse1DMatrix             400155a0 f   q_shared.obj
 0001:00014660       _Parse2DMatrix             40015660 f   q_shared.obj
 0001:00014720       _Parse3DMatrix             40015720 f   q_shared.obj
 0001:000147e0       _Q_CleanStr                400157e0 f   q_shared.obj
 0001:000148b0       _Q_PrintStrlen             400158b0 f   q_shared.obj
 0001:00014970       _Q_isalpha                 40015970 f   q_shared.obj
 0001:000149d0       _Q_isalphanumeric          400159d0 f   q_shared.obj
 0001:00014a50       _Q_isforfilename           40015a50 f   q_shared.obj
 0001:00014ac0       _Q_islower                 40015ac0 f   q_shared.obj
 0001:00014b10       _Q_isnumeric               40015b10 f   q_shared.obj
 0001:00014b60       _Q_isprint                 40015b60 f   q_shared.obj
 0001:00014bb0       _Q_isupper                 40015bb0 f   q_shared.obj
 0001:00014c00       _Q_strcasecmp              40015c00 f   q_shared.obj
 0001:00014c60       _Q_strcat                  40015c60 f   q_shared.obj
 0001:00014cf0       _Q_stricmp                 40015cf0 f   q_shared.obj
 0001:00014d80       _Q_stricmpn                40015d80 f   q_shared.obj
 0001:00014eb0       _Q_strlwr                  40015eb0 f   q_shared.obj
 0001:00014f30       _Q_strncasecmp             40015f30 f   q_shared.obj
 0001:00015030       _Q_strncmp                 40016030 f   q_shared.obj
 0001:00015100       _Q_strncpyz                40016100 f   q_shared.obj
 0001:000151a0       _Q_strrchr                 400161a0 f   q_shared.obj
 0001:00015230       _Q_strupr                  40016230 f   q_shared.obj
 0001:000152b0       _ShortNoSwap               400162b0 f   q_shared.obj
 0001:000152f0       _ShortSwap                 400162f0 f   q_shared.obj
 0001:00015350       _SkipBracedSection         40016350 f   q_shared.obj
 0001:00015420       _SkipRestOfLine            40016420 f   q_shared.obj
 0001:000154e0       _SkipWhitespace            400164e0 f   q_shared.obj
 0001:00015570       _Swap_Init                 40016570 f   q_shared.obj
 0001:000156c0       ___local_stdio_printf_options 400166c0 f i q_shared.obj
 0001:00015700       __vsnprintf_l              40016700 f i q_shared.obj
 0001:000157b0       _tv                        400167b0 f   q_shared.obj
 0001:00015860       _va                        40016860 f   q_shared.obj
 0001:00015970       _vsprintf                  40016970 f i q_shared.obj
 0001:000159d0       _Com_Error                 400169d0 f   ui_atoms.obj
 0001:00015ab0       _Com_Printf                40016ab0 f   ui_atoms.obj
 0001:00015b90       _UI_AdjustFrom640          40016b90 f   ui_atoms.obj
 0001:00015c30       _UI_Argv                   40016c30 f   ui_atoms.obj
 0001:00015d10       _UI_ClampCvar              40016d10 f   ui_atoms.obj
 0001:00015d70       _UI_ClearScores            40016d70 f   ui_atoms.obj
 0001:00015da0       _UI_ConsoleCommand         40016da0 f   ui_atoms.obj
 0001:00016030       _UI_CursorInRect           40017030 f   ui_atoms.obj
 0001:000160b0       _UI_Cvar_VariableString    400170b0 f   ui_atoms.obj
 0001:00016110       _UI_DrawHandlePic          40017110 f   ui_atoms.obj
 0001:000162a0       _UI_DrawNamedPic           400172a0 f   ui_atoms.obj
 0001:00016390       _UI_DrawRect               40017390 f   ui_atoms.obj
 0001:00016470       _UI_DrawSides              40017470 f   ui_atoms.obj
 0001:000165d0       _UI_DrawTextBox            400175d0 f   ui_atoms.obj
 0001:000166e0       _UI_DrawTopBottom          400176e0 f   ui_atoms.obj
 0001:00016840       _UI_FillRect               40017840 f   ui_atoms.obj
 0001:00016930       _UI_LoadBestScores         40017930 f   ui_atoms.obj
 0001:00016960       _UI_SetColor               40017960 f   ui_atoms.obj
 0001:000169b0       _UI_Shutdown               400179b0 f   ui_atoms.obj
 0001:000169e0       _UI_StartDemoLoop          400179e0 f   ui_atoms.obj
 0001:00016a40       _UI_UpdateScreen           40017a40 f   ui_atoms.obj
 0001:00016a90       _UI_GetBotInfoByName       40017a90 f   ui_gameinfo.obj
 0001:00016b50       _UI_GetBotInfoByNumber     40017b50 f   ui_gameinfo.obj
 0001:00016be0       _UI_GetBotNameByNumber     40017be0 f   ui_gameinfo.obj
 0001:00016c60       _UI_GetNumBots             40017c60 f   ui_gameinfo.obj
 0001:00016ca0       _UI_LoadArenas             40017ca0 f   ui_gameinfo.obj
 0001:00017370       _UI_LoadBots               40018370 f   ui_gameinfo.obj
 0001:000177b0       _UI_ParseInfos             400187b0 f   ui_gameinfo.obj
 0001:00017ad0       _AssetCache                40018ad0 f   ui_main.obj
 0001:00017d30       _Asset_Parse               40018d30 f   ui_main.obj
 0001:00018560       _Font_Report               40019560 f   ui_main.obj
 0001:00018890       _GetMenuBuffer             40019890 f   ui_main.obj
 0001:00018a00       _Load_Menu                 40019a00 f   ui_main.obj
 0001:00018e90       _Text_Height               40019e90 f   ui_main.obj
 0001:00019080       _Text_Paint                4001a080 f   ui_main.obj
 0001:00019590       _Text_PaintCenter          4001a590 f   ui_main.obj
 0001:00019660       _Text_PaintChar            4001a660 f   ui_main.obj
 0001:000197b0       _Text_PaintWithCursor      4001a7b0 f   ui_main.obj
 0001:00019ec0       _Text_Width                4001aec0 f   ui_main.obj
 0001:0001c6a0       _UI_DrawCenteredPic        4001d6a0 f   ui_main.obj
 0001:0001cc20       _UI_DrawConnectScreen      4001dc20 f   ui_main.obj
 0001:000224b0       _UI_FilledBar              400234b0 f   ui_main.obj
 0001:00023610       _UI_Load                   40024610 f   ui_main.obj
 0001:00023a00       _UI_LoadMenus              40024a00 f   ui_main.obj
 0001:00024010       _UI_LoadNonIngame          40025010 f   ui_main.obj
 0001:000264b0       _UI_ParseMenu              400274b0 f   ui_main.obj
 0001:00026660       _UI_ParseSavegame          40027660 f   ui_main.obj
 0001:00027100       _UI_RegisterCvars          40028100 f   ui_main.obj
 0001:00027270       _UI_Report                 40028270 f   ui_main.obj
 0001:00029f20       _UI_SavegameSort           4002af20 f   ui_main.obj
 0001:0002a500       _UI_ServersSort            4002b500 f   ui_main.obj
 0001:0002a690       _UI_ShowPostGame           4002b690 f   ui_main.obj
 0001:0002bf60       _UI_UpdateCvars            4002cf60 f   ui_main.obj
 0001:0002c170       _WM_ActivateLimboChat      4002d170 f   ui_main.obj
 0001:0002c490       _WM_GetSpawnPoints         4002d490 f   ui_main.obj
 0001:0002c670       _WM_HideItems              4002d670 f   ui_main.obj
 0001:0002c750       _WM_LimboChat              4002d750 f   ui_main.obj
 0001:0002c850       _WM_PickItem               4002d850 f   ui_main.obj
 0001:0002cd00       _WM_getWeaponAnim          4002dd00 f   ui_main.obj
 0001:0002cdd0       _WM_getWeaponIndex         4002ddd0 f   ui_main.obj
 0001:0002ce80       __UI_DrawRect              4002de80 f   ui_main.obj
 0001:0002cf80       __UI_DrawSides             4002df80 f   ui_main.obj
 0001:0002d0f0       __UI_DrawTopBottom         4002e0f0 f   ui_main.obj
 0001:0002d260       __UI_GetActiveMenu         4002e260 f   ui_main.obj
 0001:0002d2a0       __UI_Init                  4002e2a0 f   ui_main.obj
 0001:0002d8a0       __UI_IsFullscreen          4002e8a0 f   ui_main.obj
 0001:0002d8f0       __UI_KeyEvent              4002e8f0 f   ui_main.obj
 0001:0002d9c0       __UI_MouseEvent            4002e9c0 f   ui_main.obj
 0001:0002dab0       __UI_Refresh               4002eab0 f   ui_main.obj
 0001:0002dc80       __UI_SetActiveMenu         4002ec80 f   ui_main.obj
 0001:0002e290       __UI_Shutdown              4002f290 f   ui_main.obj
 0001:0002e3d0       _vmMain                    4002f3d0 f   ui_main.obj
 0001:0002f170       _UI_DrawPlayer             40030170 f   ui_players.obj
 0001:000304a0       _UI_MachinegunSpinAngle    400314a0 f   ui_players.obj
 0001:00031360       _UI_PlayerInfo_SetInfo     40032360 f   ui_players.obj
 0001:000318a0       _UI_PlayerInfo_SetModel    400328a0 f   ui_players.obj
 0001:000322c0       _UI_RegisterClientModelname 400332c0 f   ui_players.obj
 0001:00032d90       _MenuParse_onClose         40033d90 f   ui_shared.obj
 0001:00032e00       _MenuParse_onESC           40033e00 f   ui_shared.obj
 0001:00032e70       _MenuParse_onROQDone       40033e70 f   ui_shared.obj
 0001:00032ee0       _MenuParse_border          40033ee0 f   ui_shared.obj
 0001:00032f50       _MenuParse_borderSize      40033f50 f   ui_shared.obj
 0001:00032fc0       _MenuParse_backcolor       40033fc0 f   ui_shared.obj
 0001:000330a0       _MenuParse_forecolor       400340a0 f   ui_shared.obj
 0001:00033190       _MenuParse_bordercolor     40034190 f   ui_shared.obj
 0001:00033270       _MenuParse_focuscolor      40034270 f   ui_shared.obj
 0001:00033350       _MenuParse_disablecolor    40034350 f   ui_shared.obj
 0001:00033430       _MenuParse_outlinecolor    40034430 f   ui_shared.obj
 0001:000334a0       _MenuParse_background      400344a0 f   ui_shared.obj
 0001:00033570       _MenuParse_cinematic       40034570 f   ui_shared.obj
 0001:000335e0       _MenuParse_ownerdrawFlag   400345e0 f   ui_shared.obj
 0001:000336a0       _MenuParse_ownerdraw       400346a0 f   ui_shared.obj
 0001:00033710       _MenuParse_popup           40034710 f   ui_shared.obj
 0001:00033770       _MenuParse_outOfBounds     40034770 f   ui_shared.obj
 0001:000337d0       _MenuParse_soundLoop       400347d0 f   ui_shared.obj
 0001:00033840       _MenuParse_fadeClamp       40034840 f   ui_shared.obj
 0001:000338b0       _MenuParse_fadeAmount      400348b0 f   ui_shared.obj
 0001:00033920       _MenuParse_fadeCycle       40034920 f   ui_shared.obj
 0001:00033990       _MenuParse_itemDef         40034990 f   ui_shared.obj
 0001:00033ae0       _MenuParse_execKey         40034ae0 f   ui_shared.obj
 0001:00033bc0       _MenuParse_execKeyInt      40034bc0 f   ui_shared.obj
 0001:00033c90       _Script_SetColor           40034c90 f   ui_shared.obj
 0001:00033e40       _Script_SetAsset           40034e40 f   ui_shared.obj
 0001:00033ed0       _Script_SetBackground      40034ed0 f   ui_shared.obj
 0001:00033f90       _Script_SetTeamColor       40034f90 f   ui_shared.obj
 0001:00034090       _Script_SetItemColor       40035090 f   ui_shared.obj
 0001:00034300       _Script_Show               40035300 f   ui_shared.obj
 0001:000343b0       _Script_Hide               400353b0 f   ui_shared.obj
 0001:00034460       _Script_FadeIn             40035460 f   ui_shared.obj
 0001:00034510       _Script_FadeOut            40035510 f   ui_shared.obj
 0001:000345c0       _Script_Open               400355c0 f   ui_shared.obj
 0001:00034660       _Script_Close              40035660 f   ui_shared.obj
 0001:00034700       _ItemParse_name            40035700 f   ui_shared.obj
 0001:00034770       _Script_Clipboard          40035770 f   ui_shared.obj
 0001:00034850       _ItemParse_focusSound      40035850 f   ui_shared.obj
 0001:00034920       _Script_NotebookShowpage   40035920 f   ui_shared.obj
 0001:00034ca0       _ItemParse_text            40035ca0 f   ui_shared.obj
 0001:00034d10       _ItemParse_textfile        40035d10 f   ui_shared.obj
 0001:00034e10       _ItemParse_textsavegame    40035e10 f   ui_shared.obj
 0001:00034e70       _ItemParse_group           40035e70 f   ui_shared.obj
 0001:00034ee0       _ItemParse_asset_model     40035ee0 f   ui_shared.obj
 0001:00034fe0       _ItemParse_asset_shader    40035fe0 f   ui_shared.obj
 0001:000350b0       _ItemParse_model_origin    400360b0 f   ui_shared.obj
 0001:00035190       _Script_Transition         40036190 f   ui_shared.obj
 0001:00035380       _ItemParse_model_fovx      40036380 f   ui_shared.obj
 0001:00035410       _ItemParse_model_fovy      40036410 f   ui_shared.obj
 0001:000354a0       _ItemParse_model_rotation  400364a0 f   ui_shared.obj
 0001:00035530       _ItemParse_model_angle     40036530 f   ui_shared.obj
 0001:000355b0       _Script_Orbit              400365b0 f   ui_shared.obj
 0001:00035790       _ItemParse_model_animplay  40036790 f   ui_shared.obj
 0001:000358d0       _Script_SetFocus           400368d0 f   ui_shared.obj
 0001:00035a50       _ItemParse_rect            40036a50 f   ui_shared.obj
 0001:00035ac0       _ItemParse_style           40036ac0 f   ui_shared.obj
 0001:00035b30       _Script_SetPlayerModel     40036b30 f   ui_shared.obj
 0001:00035bf0       _ItemParse_decoration      40036bf0 f   ui_shared.obj
 0001:00035c40       _Script_SetPlayerHead      40036c40 f   ui_shared.obj
 0001:00035d00       _ItemParse_notselectable   40036d00 f   ui_shared.obj
 0001:00035d90       _Script_SetCvar            40036d90 f   ui_shared.obj
 0001:00035e80       _ItemParse_wrapped         40036e80 f   ui_shared.obj
 0001:00035ed0       _ItemParse_autowrapped     40036ed0 f   ui_shared.obj
 0001:00035f20       _Script_Exec               40036f20 f   ui_shared.obj
 0001:00035ff0       _ItemParse_horizontalscroll 40036ff0 f   ui_shared.obj
 0001:00036040       _Script_Play               40037040 f   ui_shared.obj
 0001:00036120       _ItemParse_type            40037120 f   ui_shared.obj
 0001:000361a0       _Script_playLooped         400371a0 f   ui_shared.obj
 0001:00036260       _ItemParse_elementwidth    40037260 f   ui_shared.obj
 0001:000362f0       _Script_AddListItem        400372f0 f   ui_shared.obj
 0001:00036480       _ItemParse_elementheight   40037480 f   ui_shared.obj
 0001:00036510       _ItemParse_feeder          40037510 f   ui_shared.obj
 0001:00036580       _ItemParse_elementtype     40037580 f   ui_shared.obj
 0001:00036620       _ItemParse_columns         40037620 f   ui_shared.obj
 0001:00036800       _ItemParse_border          40037800 f   ui_shared.obj
 0001:00036870       _ItemParse_bordersize      40037870 f   ui_shared.obj
 0001:000368e0       _ItemParse_visible         400378e0 f   ui_shared.obj
 0001:000369a0       _ItemParse_ownerdraw       400379a0 f   ui_shared.obj
 0001:00036a20       _ItemParse_align           40037a20 f   ui_shared.obj
 0001:00036a90       _ItemParse_textalign       40037a90 f   ui_shared.obj
 0001:00036b00       _ItemParse_textalignx      40037b00 f   ui_shared.obj
 0001:00036b70       _ItemParse_textaligny      40037b70 f   ui_shared.obj
 0001:00036be0       _ItemParse_textscale       40037be0 f   ui_shared.obj
 0001:00036c50       _ItemParse_textstyle       40037c50 f   ui_shared.obj
 0001:00036cc0       _ItemParse_textfont        40037cc0 f   ui_shared.obj
 0001:00036d30       _ItemParse_backcolor       40037d30 f   ui_shared.obj
 0001:00036e00       _ItemParse_forecolor       40037e00 f   ui_shared.obj
 0001:00036ef0       _ItemParse_bordercolor     40037ef0 f   ui_shared.obj
 0001:00036fc0       _ItemParse_outlinecolor    40037fc0 f   ui_shared.obj
 0001:00037030       _ItemParse_background      40038030 f   ui_shared.obj
 0001:00037100       _ItemParse_cinematic       40038100 f   ui_shared.obj
 0001:00037170       _ItemParse_doubleClick     40038170 f   ui_shared.obj
 0001:00037210       _ItemParse_onFocus         40038210 f   ui_shared.obj
 0001:00037280       _ItemParse_leaveFocus      40038280 f   ui_shared.obj
 0001:000372f0       _ItemParse_mouseEnter      400382f0 f   ui_shared.obj
 0001:00037360       _ItemParse_mouseExit       40038360 f   ui_shared.obj
 0001:000373d0       _ItemParse_mouseEnterText  400383d0 f   ui_shared.obj
 0001:00037440       _ItemParse_mouseExitText   40038440 f   ui_shared.obj
 0001:000374b0       _ItemParse_action          400384b0 f   ui_shared.obj
 0001:00037520       _ItemParse_accept          40038520 f   ui_shared.obj
 0001:00037590       _ItemParse_special         40038590 f   ui_shared.obj
 0001:00037600       _ItemParse_cvarTest        40038600 f   ui_shared.obj
 0001:00037670       _ItemParse_cvar            40038670 f   ui_shared.obj
 0001:00037740       _ItemParse_maxChars        40038740 f   ui_shared.obj
 0001:00037820       _ItemParse_maxPaintChars   40038820 f   ui_shared.obj
 0001:00037900       _ItemParse_cvarFloat       40038900 f   ui_shared.obj
 0001:000379f0       _ItemParse_cvarStrList     400389f0 f   ui_shared.obj
 0001:00037cb0       _ItemParse_cvarFloatList   40038cb0 f   ui_shared.obj
 0001:00037f40       _ItemParse_addColorRangeRel 40038f40 f   ui_shared.obj
 0001:00037fa0       _ItemParse_addColorRange   40038fa0 f   ui_shared.obj
 0001:00038000       _ItemParse_ownerdrawFlag   40039000 f   ui_shared.obj
 0001:000380b0       _ItemParse_enableCvar      400390b0 f   ui_shared.obj
 0001:00038130       _ItemParse_disableCvar     40039130 f   ui_shared.obj
 0001:000381b0       _ItemParse_showCvar        400391b0 f   ui_shared.obj
 0001:00038230       _ItemParse_hideCvar        40039230 f   ui_shared.obj
 0001:000382b0       _MenuParse_font            400392b0 f   ui_shared.obj
 0001:00038380       _MenuParse_name            40039380 f   ui_shared.obj
 0001:00038410       _MenuParse_fullscreen      40039410 f   ui_shared.obj
 0001:00038480       _MenuParse_rect            40039480 f   ui_shared.obj
 0001:000384f0       _MenuParse_style           400394f0 f   ui_shared.obj
 0001:00038560       _MenuParse_visible         40039560 f   ui_shared.obj
 0001:00038620       _MenuParse_onOpen          40039620 f   ui_shared.obj
 0001:00038690       _AdjustFrom640             40039690 f   ui_shared.obj
 0001:00038750       _BindingFromName           40039750 f   ui_shared.obj
 0001:00038910       _BindingIDFromName         40039910 f   ui_shared.obj
 0001:000389b0       _Color_Parse               400399b0 f   ui_shared.obj
 0001:00038a80       _Controls_GetConfig        40039a80 f   ui_shared.obj
 0001:00038d00       _Controls_SetConfig        40039d00 f   ui_shared.obj
 0001:00038e30       _Controls_SetDefaults      40039e30 f   ui_shared.obj
 0001:00038ec0       _Display_CacheAll          40039ec0 f   ui_shared.obj
 0001:00038f40       _Display_CaptureItem       40039f40 f   ui_shared.obj
 0001:00039080       _Display_CursorType        4003a080 f   ui_shared.obj
 0001:000391e0       _Display_GetContext        4003a1e0 f   ui_shared.obj
 0001:00039220       _Display_HandleKey         4003a220 f   ui_shared.obj
 0001:000392b0       _Display_KeyBindPending    4003a2b0 f   ui_shared.obj
 0001:000392f0       _Display_MouseMove         4003a2f0 f   ui_shared.obj
 0001:00039450       _Display_VisibleMenuCount  4003a450 f   ui_shared.obj
 0001:000394e0       _Fade                      4003a4e0 f   ui_shared.obj
 0001:00039600       _Float_Parse               4003a600 f   ui_shared.obj
 0001:000396a0       _GradientBar_Paint         4003a6a0 f   ui_shared.obj
 0001:00039790       _Init_Display              4003a790 f   ui_shared.obj
 0001:000397d0       _Int_Parse                 4003a7d0 f   ui_shared.obj
 0001:00039870       _IsVisible                 4003a870 f   ui_shared.obj
 0001:000398e0       _Item_Action               4003a8e0 f   ui_shared.obj
 0001:00039950       _Item_Bind_HandleKey       4003a950 f   ui_shared.obj
 0001:00039d60       _Item_Bind_Paint           4003ad60 f   ui_shared.obj
 0001:0003a380       _Item_EnableShowViaCvar    4003b380 f   ui_shared.obj
 0001:0003a690       _Item_HandleKey            4003b690 f   ui_shared.obj
 0001:0003a8f0       _Item_Image_Paint          4003b8f0 f   ui_shared.obj
 0001:0003a9d0       _Item_Init                 4003b9d0 f   ui_shared.obj
 0001:0003aa50       _Item_InitControls         4003ba50 f   ui_shared.obj
 0001:0003aaf0       _Item_ListBox_HandleKey    4003baf0 f   ui_shared.obj
 0001:0003b5f0       _Item_ListBox_MaxScroll    4003c5f0 f   ui_shared.obj
 0001:0003b700       _Item_ListBox_MouseEnter   4003c700 f   ui_shared.obj
 0001:0003ba00       _Item_ListBox_OverLB       4003ca00 f   ui_shared.obj
 0001:0003bf80       _Item_ListBox_Paint        4003cf80 f   ui_shared.obj
 0001:0003cfb0       _Item_ListBox_ThumbDrawPosition 4003dfb0 f   ui_shared.obj
 0001:0003d200       _Item_ListBox_ThumbPosition 4003e200 f   ui_shared.obj
 0001:0003d400       _Item_Model_Paint          4003e400 f   ui_shared.obj
 0001:0003ddb0       _Item_MouseEnter           4003edb0 f   ui_shared.obj
 0001:0003e050       _Item_MouseLeave           4003f050 f   ui_shared.obj
 0001:0003e110       _Item_Multi_CountSettings  4003f110 f   ui_shared.obj
 0001:0003e170       _Item_Multi_FindCvarByValue 4003f170 f   ui_shared.obj
 0001:0003e380       _Item_Multi_HandleKey      4003f380 f   ui_shared.obj
 0001:0003e5e0       _Item_Multi_Paint          4003f5e0 f   ui_shared.obj
 0001:0003e9b0       _Item_Multi_Setting        4003f9b0 f   ui_shared.obj
 0001:0003ebe0       _Item_OwnerDraw_HandleKey  4003fbe0 f   ui_shared.obj
 0001:0003ec80       _Item_OwnerDraw_Paint      4003fc80 f   ui_shared.obj
 0001:0003f600       _Item_Paint                40040600 f   ui_shared.obj
 0001:00040070       _Item_Parse                40041070 f   ui_shared.obj
 0001:00040260       _Item_RunScript            40041260 f   ui_shared.obj
 0001:000404f0       _Item_SetFocus             400414f0 f   ui_shared.obj
 0001:00040850       _Item_SetMouseOver         40041850 f   ui_shared.obj
 0001:000408c0       _Item_SetScreenCoords      400418c0 f   ui_shared.obj
 0001:000409b0       _Item_SetTextExtents       400419b0 f   ui_shared.obj
 0001:00040e10       _Item_SetupKeywordHash     40041e10 f   ui_shared.obj
 0001:00040eb0       _Item_Slider_HandleKey     40041eb0 f   ui_shared.obj
 0001:000411c0       _Item_Slider_OverSlider    400421c0 f   ui_shared.obj
 0001:00041300       _Item_Slider_Paint         40042300 f   ui_shared.obj
 0001:00041740       _Item_Slider_ThumbPosition 40042740 f   ui_shared.obj
 0001:000418e0       _Item_StartCapture         400428e0 f   ui_shared.obj
 0001:00041be0       _Item_StopCapture          40042be0 f   ui_shared.obj
 0001:00041c10       _Item_TextColor            40042c10 f   ui_shared.obj
 0001:000420d0       _Item_TextField_HandleKey  400430d0 f   ui_shared.obj
 0001:00042a20       _Item_TextField_Paint      40043a20 f   ui_shared.obj
 0001:00042fe0       _Item_Text_AutoWrapped_Paint 40043fe0 f   ui_shared.obj
 0001:00043640       _Item_Text_Paint           40044640 f   ui_shared.obj
 0001:00043980       _Item_Text_Wrapped_Paint   40044980 f   ui_shared.obj
 0001:00043dc0       _Item_UpdatePosition       40044dc0 f   ui_shared.obj
 0001:00043eb0       _Item_ValidateTypeData     40044eb0 f   ui_shared.obj
 0001:000440c0       _Item_YesNo_HandleKey      400450c0 f   ui_shared.obj
 0001:00044260       _Item_YesNo_Paint          40045260 f   ui_shared.obj
 0001:00044740       _KeywordHash_Add           40045740 f   ui_shared.obj
 0001:000447c0       _KeywordHash_Find          400457c0 f   ui_shared.obj
 0001:00044860       _KeywordHash_Key           40045860 f   ui_shared.obj
 0001:00044960       _LerpColor                 40045960 f   ui_shared.obj
 0001:00044b40       _Menu_ClearFocus           40045b40 f   ui_shared.obj
 0001:00044d80       _Menu_Count                40045d80 f   ui_shared.obj
 0001:00044dc0       _Menu_FadeItemByName       40045dc0 f   ui_shared.obj
 0001:00044ec0       _Menu_FindItemByName       40045ec0 f   ui_shared.obj
 0001:00044f80       _Menu_GetFocused           40045f80 f   ui_shared.obj
 0001:00045020       _Menu_GetFocusedItem       40046020 f   ui_shared.obj
 0001:000450b0       _Menu_GetMatchingItemByNumber 400460b0 f   ui_shared.obj
 0001:000452b0       _Menu_HandleKey            400462b0 f   ui_shared.obj
 0001:00045b40       _Menu_HandleMouseMove      40046b40 f   ui_shared.obj
 0001:00045e70       _Menu_HitTest              40046e70 f   ui_shared.obj
 0001:00045f30       _Menu_Init                 40046f30 f   ui_shared.obj
 0001:00046000       _Menu_ItemsMatchingGroup   40047000 f   ui_shared.obj
 0001:000461c0       _Menu_New                  400471c0 f   ui_shared.obj
 0001:00046270       _Menu_OrbitItemByName      40047270 f   ui_shared.obj
 0001:00046560       _Menu_Paint                40047560 f   ui_shared.obj
 0001:00046880       _Menu_PaintAll             40047880 f   ui_shared.obj
 0001:00046a60       _Menu_Parse                40047a60 f   ui_shared.obj
 0001:00046c70       _Menu_PostParse            40047c70 f   ui_shared.obj
 0001:00046d20       _Menu_Reset                40047d20 f   ui_shared.obj
 0001:00046e40       _Menu_ScrollFeeder         40047e40 f   ui_shared.obj
 0001:00046f30       _Menu_SetFeederSelection   40047f30 f   ui_shared.obj
 0001:000470d0       _Menu_SetNextCursorItem    400480d0 f   ui_shared.obj
 0001:000472d0       _Menu_SetPrevCursorItem    400482d0 f   ui_shared.obj
 0001:000474c0       _Menu_SetupKeywordHash     400484c0 f   ui_shared.obj
 0001:00047560       _Menu_ShowItemByName       40048560 f   ui_shared.obj
 0001:00047680       _Menu_TransitionItemByName 40048680 f   ui_shared.obj
 0001:00047860       _Menu_UpdatePosition       40048860 f   ui_shared.obj
 0001:00047970       _Menus_Activate            40048970 f   ui_shared.obj
 0001:00047ac0       _Menus_ActivateByName      40048ac0 f   ui_shared.obj
 0001:00047c00       _Menus_AnyFullScreenVisible 40048c00 f   ui_shared.obj
 0001:00047c90       _Menus_CloseAll            40048c90 f   ui_shared.obj
 0001:00047d40       _Menus_CloseByName         40048d40 f   ui_shared.obj
 0001:00047dc0       _Menus_FindByName          40048dc0 f   ui_shared.obj
 0001:00047e60       _Menus_HandleOOBClick      40048e60 f   ui_shared.obj
 0001:00048050       _Menus_OpenByName          40049050 f   ui_shared.obj
 0001:000480a0       _Menus_ShowByName          400490a0 f   ui_shared.obj
 0001:00048110       _PC_Char_Parse             40049110 f   ui_shared.obj
 0001:000481e0       _PC_Color_Parse            400491e0 f   ui_shared.obj
 0001:000482b0       _PC_Float_Parse            400492b0 f   ui_shared.obj
 0001:00048430       _PC_Int_Parse              40049430 f   ui_shared.obj
 0001:000485a0       _PC_Rect_Parse             400495a0 f   ui_shared.obj
 0001:00048660       _PC_Script_Parse           40049660 f   ui_shared.obj
 0001:00048880       _PC_SourceError            40049880 f   ui_shared.obj
 0001:000489e0       _PC_SourceWarning          400499e0 f   ui_shared.obj
 0001:00048b40       _PC_String_Parse           40049b40 f   ui_shared.obj
 0001:00048c10       _ParseColorRange           40049c10 f   ui_shared.obj
 0001:00048da0       _Rect_ContainsPoint        40049da0 f   ui_shared.obj
 0001:00048e40       _Rect_Parse                40049e40 f   ui_shared.obj
 0001:00048f00       _Rect_ToWindowCoords       40049f00 f   ui_shared.obj
 0001:000496a0       _String_Alloc              4004a6a0 f   ui_shared.obj
 0001:00049880       _String_Init               4004a880 f   ui_shared.obj
 0001:00049960       _String_Parse              4004a960 f   ui_shared.obj
 0001:00049a00       _String_Report             4004aa00 f   ui_shared.obj
 0001:00049b40       _ToWindowCoords            4004ab40 f   ui_shared.obj
 0001:00049bf0       _UI_Alloc                  4004abf0 f   ui_shared.obj
 0001:00049cc0       _UI_InitMemory             4004acc0 f   ui_shared.obj
 0001:00049d10       _UI_OutOfMemory            4004ad10 f   ui_shared.obj
 0001:00049d50       _UI_RoQDone                4004ad50 f   ui_shared.obj
 0001:00049f80       _Window_Init               4004af80 f   ui_shared.obj
 0001:0004a080       _Window_Paint              4004b080 f   ui_shared.obj
 0001:0004ac30       _PASSFLOAT                 4004bc30 f   ui_syscalls.obj
 0001:0004ac70       _dllEntry                  4004bc70 f   ui_syscalls.obj
 0001:0004acb0       _trap_Argc                 4004bcb0 f   ui_syscalls.obj
 0001:0004ad10       _trap_Argv                 4004bd10 f   ui_syscalls.obj
 0001:0004ad80       _trap_CIN_DrawCinematic    4004bd80 f   ui_syscalls.obj
 0001:0004ade0       _trap_CIN_PlayCinematic    4004bde0 f   ui_syscalls.obj
 0001:0004ae60       _trap_CIN_RunCinematic     4004be60 f   ui_syscalls.obj
 0001:0004aec0       _trap_CIN_SetExtents       4004bec0 f   ui_syscalls.obj
 0001:0004af30       _trap_CIN_StopCinematic    4004bf30 f   ui_syscalls.obj
 0001:0004af90       _trap_CM_LerpTag           4004bf90 f   ui_syscalls.obj
 0001:0004b000       _trap_Cmd_ExecuteText      4004c000 f   ui_syscalls.obj
 0001:0004b070       _trap_Cvar_Create          4004c070 f   ui_syscalls.obj
 0001:0004b0e0       _trap_Cvar_InfoStringBuffer 4004c0e0 f   ui_syscalls.obj
 0001:0004b150       _trap_Cvar_Register        4004c150 f   ui_syscalls.obj
 0001:0004b1c0       _trap_Cvar_Reset           4004c1c0 f   ui_syscalls.obj
 0001:0004b220       _trap_Cvar_Set             4004c220 f   ui_syscalls.obj
 0001:0004b290       _trap_Cvar_SetValue        4004c290 f   ui_syscalls.obj
 0001:0004b310       _trap_Cvar_Update          4004c310 f   ui_syscalls.obj
 0001:0004b370       _trap_Cvar_VariableStringBuffer 4004c370 f   ui_syscalls.obj
 0001:0004b3e0       _trap_Cvar_VariableValue   4004c3e0 f   ui_syscalls.obj
 0001:0004b450       _trap_Error                4004c450 f   ui_syscalls.obj
 0001:0004b4b0       _trap_FS_Delete            4004c4b0 f   ui_syscalls.obj
 0001:0004b510       _trap_FS_FCloseFile        4004c510 f   ui_syscalls.obj
 0001:0004b570       _trap_FS_FOpenFile         4004c570 f   ui_syscalls.obj
 0001:0004b5e0       _trap_FS_GetFileList       4004c5e0 f   ui_syscalls.obj
 0001:0004b650       _trap_FS_Read              4004c650 f   ui_syscalls.obj
 0001:0004b6c0       _trap_FS_Seek              4004c6c0 f   ui_syscalls.obj
 0001:0004b730       _trap_FS_Write             4004c730 f   ui_syscalls.obj
 0001:0004b7a0       _trap_GetCDKey             4004c7a0 f   ui_syscalls.obj
 0001:0004b810       _trap_GetClientState       4004c810 f   ui_syscalls.obj
 0001:0004b870       _trap_GetClipboardData     4004c870 f   ui_syscalls.obj
 0001:0004b8e0       _trap_GetConfigString      4004c8e0 f   ui_syscalls.obj
 0001:0004b950       _trap_GetGlconfig          4004c950 f   ui_syscalls.obj
 0001:0004b9b0       _trap_GetLimboString       4004c9b0 f   ui_syscalls.obj
 0001:0004ba20       _trap_Key_ClearStates      4004ca20 f   ui_syscalls.obj
 0001:0004ba80       _trap_Key_GetBindingBuf    4004ca80 f   ui_syscalls.obj
 0001:0004baf0       _trap_Key_GetCatcher       4004caf0 f   ui_syscalls.obj
 0001:0004bb50       _trap_Key_GetOverstrikeMode 4004cb50 f   ui_syscalls.obj
 0001:0004bbb0       _trap_Key_IsDown           4004cbb0 f   ui_syscalls.obj
 0001:0004bc10       _trap_Key_KeynumToStringBuf 4004cc10 f   ui_syscalls.obj
 0001:0004bc80       _trap_Key_SetBinding       4004cc80 f   ui_syscalls.obj
 0001:0004bcf0       _trap_Key_SetCatcher       4004ccf0 f   ui_syscalls.obj
 0001:0004bd50       _trap_Key_SetOverstrikeMode 4004cd50 f   ui_syscalls.obj
 0001:0004bdb0       _trap_LAN_AddServer        4004cdb0 f   ui_syscalls.obj
 0001:0004be20       _trap_LAN_ClearPing        4004ce20 f   ui_syscalls.obj
 0001:0004be80       _trap_LAN_CompareServers   4004ce80 f   ui_syscalls.obj
 0001:0004bef0       _trap_LAN_GetGlobalServerAddressString 4004cef0 f   ui_syscalls.obj
 0001:0004bf60       _trap_LAN_GetGlobalServerCount 4004cf60 f   ui_syscalls.obj
 0001:0004bfc0       _trap_LAN_GetLocalServerAddressString 4004cfc0 f   ui_syscalls.obj
 0001:0004c030       _trap_LAN_GetLocalServerCount 4004d030 f   ui_syscalls.obj
 0001:0004c090       _trap_LAN_GetPing          4004d090 f   ui_syscalls.obj
 0001:0004c100       _trap_LAN_GetPingInfo      4004d100 f   ui_syscalls.obj
 0001:0004c170       _trap_LAN_GetPingQueueCount 4004d170 f   ui_syscalls.obj
 0001:0004c1d0       _trap_LAN_GetServerAddressString 4004d1d0 f   ui_syscalls.obj
 0001:0004c240       _trap_LAN_GetServerCount   4004d240 f   ui_syscalls.obj
 0001:0004c2a0       _trap_LAN_GetServerInfo    4004d2a0 f   ui_syscalls.obj
 0001:0004c310       _trap_LAN_GetServerPing    4004d310 f   ui_syscalls.obj
 0001:0004c380       _trap_LAN_LoadCachedServers 4004d380 f   ui_syscalls.obj
 0001:0004c3e0       _trap_LAN_MarkServerVisible 4004d3e0 f   ui_syscalls.obj
 0001:0004c450       _trap_LAN_RemoveServer     4004d450 f   ui_syscalls.obj
 0001:0004c4c0       _trap_LAN_ResetPings       4004d4c0 f   ui_syscalls.obj
 0001:0004c520       _trap_LAN_SaveCachedServers 4004d520 f   ui_syscalls.obj
 0001:0004c580       _trap_LAN_ServerIsVisible  4004d580 f   ui_syscalls.obj
 0001:0004c5f0       _trap_LAN_ServerStatus     4004d5f0 f   ui_syscalls.obj
 0001:0004c660       _trap_LAN_UpdateVisiblePings 4004d660 f   ui_syscalls.obj
 0001:0004c6c0       _trap_MemoryRemaining      4004d6c0 f   ui_syscalls.obj
 0001:0004c720       _trap_Milliseconds         4004d720 f   ui_syscalls.obj
 0001:0004c780       _trap_PC_AddGlobalDefine   4004d780 f   ui_syscalls.obj
 0001:0004c7e0       _trap_PC_FreeSource        4004d7e0 f   ui_syscalls.obj
 0001:0004c840       _trap_PC_LoadSource        4004d840 f   ui_syscalls.obj
 0001:0004c8a0       _trap_PC_ReadToken         4004d8a0 f   ui_syscalls.obj
 0001:0004c910       _trap_PC_SourceFileAndLine 4004d910 f   ui_syscalls.obj
 0001:0004c980       _trap_Print                4004d980 f   ui_syscalls.obj
 0001:0004c9e0       _trap_R_AddCoronaToScene   4004d9e0 f   ui_syscalls.obj
 0001:0004cab0       _trap_R_AddLightToScene    4004dab0 f   ui_syscalls.obj
 0001:0004cb80       _trap_R_AddPolyToScene     4004db80 f   ui_syscalls.obj
 0001:0004cbf0       _trap_R_AddRefEntityToScene 4004dbf0 f   ui_syscalls.obj
 0001:0004cc50       _trap_R_ClearScene         4004dc50 f   ui_syscalls.obj
 0001:0004ccb0       _trap_R_DrawStretchPic     4004dcb0 f   ui_syscalls.obj
 0001:0004cde0       _trap_R_ModelBounds        4004dde0 f   ui_syscalls.obj
 0001:0004ce50       _trap_R_RegisterFont       4004de50 f   ui_syscalls.obj
 0001:0004cec0       _trap_R_RegisterModel      4004dec0 f   ui_syscalls.obj
 0001:0004cf20       _trap_R_RegisterShaderNoMip 4004df20 f   ui_syscalls.obj
 0001:0004cf80       _trap_R_RegisterSkin       4004df80 f   ui_syscalls.obj
 0001:0004cfe0       _trap_R_RemapShader        4004dfe0 f   ui_syscalls.obj
 0001:0004d050       _trap_R_RenderScene        4004e050 f   ui_syscalls.obj
 0001:0004d0b0       _trap_R_SetColor           4004e0b0 f   ui_syscalls.obj
 0001:0004d110       _trap_RealTime             4004e110 f   ui_syscalls.obj
 0001:0004d170       _trap_S_FadeAllSound       4004e170 f   ui_syscalls.obj
 0001:0004d1f0       _trap_S_FadeBackgroundTrack 4004e1f0 f   ui_syscalls.obj
 0001:0004d270       _trap_S_RegisterSound      4004e270 f   ui_syscalls.obj
 0001:0004d2d0       _trap_S_StartBackgroundTrack 4004e2d0 f   ui_syscalls.obj
 0001:0004d340       _trap_S_StartLocalSound    4004e340 f   ui_syscalls.obj
 0001:0004d3b0       _trap_S_StopBackgroundTrack 4004e3b0 f   ui_syscalls.obj
 0001:0004d410       _trap_SetCDKey             4004e410 f   ui_syscalls.obj
 0001:0004d470       _trap_UpdateScreen         4004e470 f   ui_syscalls.obj
 0001:0004d4d0       _trap_VerifyCDKey          4004e4d0 f   ui_syscalls.obj
 0001:0004d540       @_RTC_AllocaHelper@12      4004e540 f   LIBCMTD:_stack_.obj
 0001:0004d580       @_RTC_CheckStackVars2@12   4004e580 f   LIBCMTD:_stack_.obj
 0001:0004d6a0       @_RTC_CheckStackVars@8     4004e6a0 f   LIBCMTD:_stack_.obj
 0001:0004d720       __RTC_CheckEsp             4004e720 f   LIBCMTD:_stack_.obj
 0001:0004d760       __CRT_RTC_INIT             4004e760 f   LIBCMTD:_init_.obj
 0001:0004d770       __CRT_RTC_INITW            4004e770 f   LIBCMTD:_init_.obj
 0001:0004d780       __RTC_InitBase             4004e780 f   LIBCMTD:_init_.obj
 0001:0004d7c0       __RTC_Shutdown             4004e7c0 f   LIBCMTD:_init_.obj
 0001:0004d7e0       ??$__vcrt_va_start_verify_argument_type@QBD@@YAXXZ 4004e7e0 f i LIBCMTD:_error_.obj
 0001:0004d8a0       ?_RTC_AllocaFailure@@YAXPAXPAU_RTC_ALLOCA_NODE@@H@Z 4004e8a0 f   LIBCMTD:_error_.obj
 0001:0004d9c0       ?_RTC_Failure@@YAXPAXH@Z   4004e9c0 f   LIBCMTD:_error_.obj
 0001:0004da30       ?_RTC_StackFailure@@YAXPAXPBD@Z 4004ea30 f   LIBCMTD:_error_.obj
 0001:0004dee0       __RTC_UninitUse            4004eee0 f   LIBCMTD:_error_.obj
 0001:0004dfc0       __vsprintf_s_l             4004efc0 f i LIBCMTD:_error_.obj
 0001:0004e000       _sprintf_s                 4004f000 f i LIBCMTD:_error_.obj
 0001:0004e030       @__security_check_cookie@4 4004f030 f   LIBCMTD:_secchk_.obj
 0001:0004e050       ___raise_securityfailure   4004f050 f   LIBCMTD:gs_report.obj
 0001:0004e090       ___report_gsfailure        4004f090 f   LIBCMTD:gs_report.obj
 0001:0004e1e0       ___report_rangecheckfailure 4004f1e0 f   LIBCMTD:gs_report.obj
 0001:0004e1f0       ___report_securityfailure  4004f1f0 f   LIBCMTD:gs_report.obj
 0001:0004e300       ___report_securityfailureEx 4004f300 f   LIBCMTD:gs_report.obj
 0001:0004e470       __chkstk                   4004f470 f   LIBCMTD:chkstk.obj
 0001:0004e470       __alloca_probe             4004f470 f   LIBCMTD:chkstk.obj
 0001:0004e4b0       __ftol2_sse                4004f4b0 f   LIBCMTD:_ftol2_.obj
 0001:0004e4b9       __ftol2_pentium4           4004f4b9 f   LIBCMTD:_ftol2_.obj
 0001:0004e4cc       __ftol2_sse_excpt          4004f4cc f   LIBCMTD:_ftol2_.obj
 0001:0004e4f0       __ftol2                    4004f4f0 f   LIBCMTD:_ftol2_.obj
 0001:0004eb50       __CRT_INIT@12              4004fb50 f   LIBCMTD:dll_dllmain.obj
 0001:0004eb70       __DllMainCRTStartup@12     4004fb70 f   LIBCMTD:dll_dllmain.obj
 0001:0004eba0       ?_RTC_GetErrorFunc@@YAP6AHHPBDH00ZZPBX@Z 4004fba0 f   LIBCMTD:_userapi_.obj
 0001:0004ebb0       ?_RTC_GetErrorFuncW@@YAP6AHHPB_WH00ZZPBX@Z 4004fbb0 f   LIBCMTD:_userapi_.obj
 0001:0004ebc0       __RTC_GetErrDesc           4004fbc0 f   LIBCMTD:_userapi_.obj
 0001:0004ebe0       __RTC_NumErrors            4004fbe0 f   LIBCMTD:_userapi_.obj
 0001:0004ebf0       __RTC_SetErrorFunc         4004fbf0 f   LIBCMTD:_userapi_.obj
 0001:0004ec20       __RTC_SetErrorFuncW        4004fc20 f   LIBCMTD:_userapi_.obj
 0001:0004ec50       __RTC_SetErrorType         4004fc50 f   LIBCMTD:_userapi_.obj
 0001:0004f240       ?_RTC_GetSrcLine@@YAHPAEPA_WKPAH1K@Z 40050240 f   LIBCMTD:_pdblkup_.obj
 0001:0004f660       @_guard_check_icall@4      40050660 f i LIBCMTD:checkcfg.obj
 0001:0004f680       ___isa_available_init      40050680 f   LIBCMTD:_cpu_disp_.obj
 0001:0004faa0       ___security_init_cookie    40050aa0 f   LIBCMTD:gs_support.obj
 0001:0004fb40       _DllMain@12                40050b40 f   LIBCMTD:dll_dllmain_stub.obj
 0001:0004fb50       ?__scrt_initialize_type_info@@YAXXZ 40050b50 f   LIBCMTD:tncleanup.obj
 0001:0004fb70       ?__scrt_uninitialize_type_info@@YAXXZ 40050b70 f   LIBCMTD:tncleanup.obj
 0001:0004fb90       ___local_stdio_scanf_options 40050b90 f i LIBCMTD:default_local_stdio_options.obj
 0001:0004fba0       ___scrt_initialize_default_local_stdio_options 40050ba0 f   LIBCMTD:default_local_stdio_options.obj
 0001:0004fbf0       ??$__crt_fast_decode_pointer@PAP6AXXZ@@YAPAP6AXXZQAP6AXXZ@Z 40050bf0 f i LIBCMTD:utility.obj
 0001:0004fc20       ??$__crt_fast_encode_pointer@PAP6AXXZ@@YAPAP6AXXZQAP6AXXZ@Z 40050c20 f i LIBCMTD:utility.obj
 0001:0004fc60       ?__crt_rotate_pointer_value@@YAIIH@Z 40050c60 f i LIBCMTD:utility.obj
 0001:0004fc70       ?configure_argv@__scrt_narrow_argv_policy@@SAHXZ 40050c70 f i LIBCMTD:utility.obj
 0001:0004fd40       ?initialize_environment@__scrt_narrow_environment_policy@@SAHXZ 40050d40 f i LIBCMTD:utility.obj
 0001:0004fde0       _NtCurrentTeb              40050de0 f i LIBCMTD:utility.obj
 0001:0004fdf0       ___scrt_acquire_startup_lock 40050df0 f   LIBCMTD:utility.obj
 0001:0004fe50       ___scrt_dllmain_after_initialize_c 40050e50 f   LIBCMTD:utility.obj
 0001:0004fe90       ___scrt_dllmain_before_initialize_c 40050e90 f   LIBCMTD:utility.obj
 0001:0004fec0       ___scrt_dllmain_crt_thread_attach 40050ec0 f   LIBCMTD:utility.obj
 0001:0004ff00       ___scrt_dllmain_crt_thread_detach 40050f00 f   LIBCMTD:utility.obj
 0001:0004ff20       ___scrt_dllmain_exception_filter 40050f20 f   LIBCMTD:utility.obj
 0001:0004ff80       ___scrt_dllmain_uninitialize_c 40050f80 f   LIBCMTD:utility.obj
 0001:0004ffc0       ___scrt_dllmain_uninitialize_critical 40050fc0 f   LIBCMTD:utility.obj
 0001:0004ffe0       ___scrt_initialize_crt     40050fe0 f   LIBCMTD:utility.obj
 0001:00050040       ___scrt_initialize_onexit_tables 40051040 f   LIBCMTD:utility.obj
 0001:00050160       ___scrt_is_nonwritable_in_current_image 40051160 f   LIBCMTD:utility.obj
 0001:000502e0       ___scrt_release_startup_lock 400512e0 f   LIBCMTD:utility.obj
 0001:00050310       ___scrt_uninitialize_crt   40051310 f   LIBCMTD:utility.obj
 0001:00050360       __onexit                   40051360 f   LIBCMTD:utility.obj
 0001:000503f0       _at_quick_exit             400513f0 f   LIBCMTD:utility.obj
 0001:00050450       _atexit                    40051450 f   LIBCMTD:utility.obj
 0001:00050490       ___scrt_get_dyn_tls_init_callback 40051490 f   LIBCMTD:dyn_tls_init.obj
 0001:000504a0       ___scrt_fastfail           400514a0 f   LIBCMTD:utility_desktop.obj
 0001:00050630       ___scrt_get_show_window_mode 40051630 f   LIBCMTD:utility_desktop.obj
 0001:00050680       ___scrt_initialize_winrt   40051680 f   LIBCMTD:utility_desktop.obj
 0001:00050690       ___scrt_is_managed_app     40051690 f   LIBCMTD:utility_desktop.obj
 0001:00050740       ___scrt_set_unhandled_exception_filter 40051740 f   LIBCMTD:utility_desktop.obj
 0001:00050760       ___scrt_unhandled_exception_filter@4 40051760 f   LIBCMTD:utility_desktop.obj
 0001:000507e0       __crt_debugger_hook        400517e0 f   LIBCMTD:utility_desktop.obj
 0001:00050800       __RTC_Initialize           40051800 f   LIBCMTD:_initsect_.obj
 0001:00050840       __RTC_Terminate            40051840 f   LIBCMTD:_initsect_.obj
 0001:00050880       @_guard_check_icall_nop@4  40051880 f i LIBCMTD:guard_support.obj
 0001:00050890       _ReadNoFence               40051890 f i LIBCMTD:guard_support.obj
 0001:000508b0       _ReadPointerNoFence        400518b0 f i LIBCMTD:guard_support.obj
 0001:000508d0       __guard_icall_checks_enforced 400518d0 f i LIBCMTD:guard_support.obj
 0001:00050910       __get_startup_argv_mode    40051910 f   LIBCMTD:argv_mode.obj
 0001:00050920       ___scrt_is_ucrt_dll_in_use 40051920 f   LIBCMTD:ucrt_detection.obj
 0001:00050950       _memcpy                    40051950 f   libvcruntimed:memcpy.obj
 0001:00051030       _memset                    40052030 f   libvcruntimed:memset.obj
 0001:00051260       __except_handler4          40052260 f   libvcruntimed:_chandler4_.obj
 0001:000514b0       ___vcrt_GetModuleFileNameW 400524b0 f   libvcruntimed:winapi_thunks.obj
 0001:000514d0       ___vcrt_GetModuleHandleW   400524d0 f   libvcruntimed:winapi_thunks.obj
 0001:000514f0       ___vcrt_LoadLibraryExW     400524f0 f   libvcruntimed:winapi_thunks.obj
 0001:00051550       ??$?RD@__crt_internal_free_policy@@QBEXQBD@Z 40052550 f i libvcruntimed:std_type_info.obj
 0001:00051580       ??$?RX@__crt_internal_free_policy@@QBEXQBX@Z 40052580 f i libvcruntimed:std_type_info.obj
 0001:000515b0       ??$__crt_interlocked_compare_exchange_pointer@$$CBDPAD$$T@@YAPBDPDSBDQAD$$T@Z 400525b0 f i libvcruntimed:std_type_info.obj
 0001:000515d0       ??$__crt_interlocked_read_pointer@$$CBD@@YAPBDPDSBD@Z 400525d0 f i libvcruntimed:std_type_info.obj
 0001:000515f0       ??0?$__crt_unique_heap_ptr@DU__crt_internal_free_policy@@@@QAE@QAD@Z 400525f0 f i libvcruntimed:std_type_info.obj
 0001:00051610       ??0?$__crt_unique_heap_ptr@XU__crt_internal_free_policy@@@@QAE@QAX@Z 40052610 f i libvcruntimed:std_type_info.obj
 0001:00051630       ??1?$__crt_unique_heap_ptr@DU__crt_internal_free_policy@@@@QAE@XZ 40052630 f i libvcruntimed:std_type_info.obj
 0001:00051650       ??1?$__crt_unique_heap_ptr@XU__crt_internal_free_policy@@@@QAE@XZ 40052650 f i libvcruntimed:std_type_info.obj
 0001:000516b0       ??B?$__crt_unique_heap_ptr@DU__crt_internal_free_policy@@@@QBE_NXZ 400526b0 f i libvcruntimed:std_type_info.obj
 0001:000516d0       ??B?$__crt_unique_heap_ptr@XU__crt_internal_free_policy@@@@QBE_NXZ 400526d0 f i libvcruntimed:std_type_info.obj
 0001:00051750       ?__crt_interlocked_read_32@@YAHPDH@Z 40052750 f i libvcruntimed:std_type_info.obj
 0001:00051770       ?detach@?$__crt_unique_heap_ptr@XU__crt_internal_free_policy@@@@QAEPAXXZ 40052770 f i libvcruntimed:std_type_info.obj
 0001:000517a0       ?get@?$__crt_unique_heap_ptr@DU__crt_internal_free_policy@@@@QBEPADXZ 400527a0 f i libvcruntimed:std_type_info.obj
 0001:000517c0       ?get@?$__crt_unique_heap_ptr@XU__crt_internal_free_policy@@@@QBEPAXXZ 400527c0 f i libvcruntimed:std_type_info.obj
 0001:000517e0       ?is_valid@?$__crt_unique_heap_ptr@DU__crt_internal_free_policy@@@@QBE_NXZ 400527e0 f i libvcruntimed:std_type_info.obj
 0001:00051820       ?is_valid@?$__crt_unique_heap_ptr@XU__crt_internal_free_policy@@@@QBE_NXZ 40052820 f i libvcruntimed:std_type_info.obj
 0001:00051860       ?release@?$__crt_unique_heap_ptr@DU__crt_internal_free_policy@@@@QAEXXZ 40052860 f i libvcruntimed:std_type_info.obj
 0001:00051890       ?release@?$__crt_unique_heap_ptr@XU__crt_internal_free_policy@@@@QAEXXZ 40052890 f i libvcruntimed:std_type_info.obj
 0001:000518c0       ___std_type_info_compare   400528c0 f   libvcruntimed:std_type_info.obj
 0001:000518f0       ___std_type_info_destroy_list 400528f0 f   libvcruntimed:std_type_info.obj
 0001:00051940       ___std_type_info_hash      40052940 f   libvcruntimed:std_type_info.obj
 0001:000519b0       ___std_type_info_name      400529b0 f   libvcruntimed:std_type_info.obj
 0001:00051c00       ___vcrt_initialize         40052c00 f   libvcruntimed:initialization.obj
 0001:00051c50       ___vcrt_thread_attach      40052c50 f   libvcruntimed:initialization.obj
 0001:00051c70       ___vcrt_thread_detach      40052c70 f   libvcruntimed:initialization.obj
 0001:00051c90       ___vcrt_uninitialize       40052c90 f   libvcruntimed:initialization.obj
 0001:00051cc0       ___vcrt_uninitialize_critical 40052cc0 f   libvcruntimed:initialization.obj
 0001:00051ce0       __local_unwind4            40052ce0 f   libvcruntimed:_exsup4_.obj
 0001:00051db8       __seh_longjmp_unwind4@4    40052db8 f   libvcruntimed:_exsup4_.obj
 0001:00051de0       @_EH4_CallFilterFunc@8     40052de0 f   libvcruntimed:_exsup4_.obj
 0001:00051df8       @_EH4_TransferToHandler@8  40052df8 f   libvcruntimed:_exsup4_.obj
 0001:00051e14       @_EH4_GlobalUnwind2@8      40052e14 f   libvcruntimed:_exsup4_.obj
 0001:00051e30       @_EH4_LocalUnwind@16       40052e30 f   libvcruntimed:_exsup4_.obj
 0001:00051eb0       ___except_validate_context_record 40052eb0 f   libvcruntimed:jbcxrval.obj
 0001:00051f10       ___except_validate_jump_buffer 40052f10 f   libvcruntimed:jbcxrval.obj
 0001:00051f30       ___except_validate_jump_buffer_common 40052f30 f i libvcruntimed:jbcxrval.obj
 0001:00051fa0       ??0Block@_HeapManager@@QAE@XZ 40052fa0 f i libvcruntimed:undname.obj
 0001:00051fc0       ??0DName@@QAE@AAPBDD@Z     40052fc0 f   libvcruntimed:undname.obj
 0001:00052270       ??0DName@@QAE@ABV0@@Z      40053270 f i libvcruntimed:undname.obj
 0001:000522a0       ??0DName@@QAE@D@Z          400532a0 f   libvcruntimed:undname.obj
 0001:000522f0       ??0DName@@QAE@PAV0@@Z      400532f0 f   libvcruntimed:undname.obj
 0001:000523d0       ??0DName@@QAE@PBD@Z        400533d0 f   libvcruntimed:undname.obj
 0001:00052440       ??0DName@@QAE@W4DNameStatus@@@Z 40053440 f   libvcruntimed:undname.obj
 0001:00052500       ??0DName@@QAE@XZ           40053500 f i libvcruntimed:undname.obj
 0001:00052530       ??0DName@@QAE@_J@Z         40053530 f   libvcruntimed:undname.obj
 0001:00052650       ??0DName@@QAE@_K@Z         40053650 f   libvcruntimed:undname.obj
 0001:00052720       ??0DNameNode@@IAE@XZ       40053720 f i libvcruntimed:undname.obj
 0001:00052740       ??0Replicator@@QAE@XZ      40053740 f i libvcruntimed:undname.obj
 0001:00052760       ??0UnDecorator@@QAE@PADPBDHP6APADJ@ZK@Z 40053760 f i libvcruntimed:undname.obj
 0001:00052820       ??0charNode@@QAE@D@Z       40053820 f i libvcruntimed:undname.obj
 0001:00052860       ??0pDNameNode@@QAE@PAVDName@@@Z 40053860 f   libvcruntimed:undname.obj
 0001:000528e0       ??0pairNode@@QAE@PBVDNameNode@@0@Z 400538e0 f i libvcruntimed:undname.obj
 0001:00052930       ??0pcharNode@@QAE@PBDH@Z   40053930 f   libvcruntimed:undname.obj
 0001:000529f0       ??2@YAPAXIAAV_HeapManager@@H@Z 400539f0 f i libvcruntimed:undname.obj
 0001:00052a10       ??4DName@@QAEAAV0@ABV0@@Z  40053a10 f   libvcruntimed:undname.obj
 0001:00052a40       ??4DName@@QAEAAV0@D@Z      40053a40 f i libvcruntimed:undname.obj
 0001:00052a90       ??4DName@@QAEAAV0@PAV0@@Z  40053a90 f   libvcruntimed:undname.obj
 0001:00052b50       ??4DName@@QAEAAV0@PBD@Z    40053b50 f   libvcruntimed:undname.obj
 0001:00052ba0       ??4DName@@QAEAAV0@W4DNameStatus@@@Z 40053ba0 f   libvcruntimed:undname.obj
 0001:00052c40       ??AReplicator@@QBE?AVDName@@H@Z 40053c40 f   libvcruntimed:undname.obj
 0001:00052cc0       ??BUnDecorator@@QAEPADXZ   40053cc0 f i libvcruntimed:undname.obj
 0001:00053010       ??H@YA?AVDName@@DABV0@@Z   40054010 f i libvcruntimed:undname.obj
 0001:00053050       ??H@YA?AVDName@@PBDABV0@@Z 40054050 f i libvcruntimed:undname.obj
 0001:00053090       ??H@YA?AVDName@@W4DNameStatus@@ABV0@@Z 40054090 f i libvcruntimed:undname.obj
 0001:000530d0       ??HDName@@QBE?AV0@ABV0@@Z  400540d0 f   libvcruntimed:undname.obj
 0001:00053120       ??HDName@@QBE?AV0@D@Z      40054120 f   libvcruntimed:undname.obj
 0001:00053170       ??HDName@@QBE?AV0@PAV0@@Z  40054170 f   libvcruntimed:undname.obj
 0001:000531c0       ??HDName@@QBE?AV0@PBD@Z    400541c0 f   libvcruntimed:undname.obj
 0001:00053210       ??HDName@@QBE?AV0@W4DNameStatus@@@Z 40054210 f   libvcruntimed:undname.obj
 0001:00053260       ??YDName@@QAEAAV0@ABV0@@Z  40054260 f   libvcruntimed:undname.obj
 0001:000532e0       ??YDName@@QAEAAV0@D@Z      400542e0 f   libvcruntimed:undname.obj
 0001:00053380       ??YDName@@QAEAAV0@PAV0@@Z  40054380 f   libvcruntimed:undname.obj
 0001:00053460       ??YDName@@QAEAAV0@PBD@Z    40054460 f   libvcruntimed:undname.obj
 0001:00053520       ??YDName@@QAEAAV0@W4DNameStatus@@@Z 40054520 f   libvcruntimed:undname.obj
 0001:000535a0       ??YReplicator@@QAEAAV0@ABVDName@@@Z 400545a0 f   libvcruntimed:undname.obj
 0001:00053650       ??_5DName@@QAEAAV0@ABV0@@Z 40054650 f   libvcruntimed:undname.obj
 0001:000536c0       ?Constructor@_HeapManager@@QAEXP6APAXI@ZP6AXPAX@Z@Z 400546c0 f i libvcruntimed:undname.obj
 0001:00053710       ?Destructor@_HeapManager@@QAEXXZ 40054710 f i libvcruntimed:undname.obj
 0001:00053780       ?UScore@UnDecorator@@SAPBDW4Tokens@@@Z 40054780 f   libvcruntimed:undname.obj
 0001:000537c0       ?append@DName@@AAEXPBVDNameNode@@@Z 400547c0 f   libvcruntimed:undname.obj
 0001:00053870       ?composeDeclaration@UnDecorator@@CA?AVDName@@ABV2@@Z 40054870 f i libvcruntimed:undname.obj
 0001:00055c40       ?dbGetString@DName@@QBEPADXZ 40056c40 f   libvcruntimed:undname.obj
 0001:00055c70       ?doAccessSpecifiers@UnDecorator@@SAHXZ 40056c70 f i libvcruntimed:undname.obj
 0001:00055ca0       ?doAllocationLanguage@UnDecorator@@SAHXZ 40056ca0 f i libvcruntimed:undname.obj
 0001:00055cd0       ?doAllocationModel@UnDecorator@@SAHXZ 40056cd0 f i libvcruntimed:undname.obj
 0001:00055d00       ?doEcsu@UnDecorator@@SAHXZ 40056d00 f i libvcruntimed:undname.obj
 0001:00055d30       ?doEllipsis@UnDecorator@@SAHXZ 40056d30 f i libvcruntimed:undname.obj
 0001:00055d60       ?doFunctionReturns@UnDecorator@@SAHXZ 40056d60 f i libvcruntimed:undname.obj
 0001:00055d90       ?doMSKeywords@UnDecorator@@SAHXZ 40056d90 f i libvcruntimed:undname.obj
 0001:00055dc0       ?doMemberTypes@UnDecorator@@SAHXZ 40056dc0 f i libvcruntimed:undname.obj
 0001:00055df0       ?doNameOnly@UnDecorator@@SAHXZ 40056df0 f i libvcruntimed:undname.obj
 0001:00055e10       ?doNoIdentCharCheck@UnDecorator@@SAHXZ 40056e10 f i libvcruntimed:undname.obj
 0001:00055e30       ?doPchar@DName@@AAEXPBDH@Z 40056e30 f   libvcruntimed:undname.obj
 0001:00055fc0       ?doPtr64@UnDecorator@@SAHXZ 40056fc0 f i libvcruntimed:undname.obj
 0001:00055ff0       ?doRestrictionSpec@UnDecorator@@SAHXZ 40056ff0 f i libvcruntimed:undname.obj
 0001:00056020       ?doThisTypes@UnDecorator@@SAHXZ 40057020 f i libvcruntimed:undname.obj
 0001:00056060       ?doThrowTypes@UnDecorator@@SAHXZ 40057060 f i libvcruntimed:undname.obj
 0001:00056090       ?doTypeOnly@UnDecorator@@SAHXZ 40057090 f i libvcruntimed:undname.obj
 0001:000560b0       ?doUnderScore@UnDecorator@@SAHXZ 400570b0 f i libvcruntimed:undname.obj
 0001:000560e0       ?getArgumentList@UnDecorator@@CA?AVDName@@XZ 400570e0 f   libvcruntimed:undname.obj
 0001:00056280       ?getArgumentTypes@UnDecorator@@CA?AVDName@@XZ 40057280 f   libvcruntimed:undname.obj
 0001:00056430       ?getArrayType@UnDecorator@@CA?AVDName@@ABV2@@Z 40057430 f i libvcruntimed:undname.obj
 0001:000566f0       ?getBasedType@UnDecorator@@CA?AVDName@@XZ 400576f0 f   libvcruntimed:undname.obj
 0001:000567e0       ?getBasicDataType@UnDecorator@@CA?AVDName@@ABV2@@Z 400577e0 f   libvcruntimed:undname.obj
 0001:00056f40       ?getCallIndex@UnDecorator@@CA?AVDName@@XZ 40057f40 f i libvcruntimed:undname.obj
 0001:00056f60       ?getCallingConvention@UnDecorator@@CA?AVDName@@XZ 40057f60 f   libvcruntimed:undname.obj
 0001:00057150       ?getDataIndirectType@UnDecorator@@CA?AVDName@@ABV2@PBD0H@Z 40058150 f   libvcruntimed:undname.obj
 0001:00057b00       ?getDataIndirectType@UnDecorator@@CA?AVDName@@XZ 40058b00 f i libvcruntimed:undname.obj
 0001:00057b50       ?getDataType@UnDecorator@@CA?AVDName@@PAV2@@Z 40058b50 f   libvcruntimed:undname.obj
 0001:00057cb0       ?getDecoratedName@UnDecorator@@CA?AVDName@@XZ 40058cb0 f   libvcruntimed:undname.obj
 0001:000580a0       ?getDimension@UnDecorator@@CA?AVDName@@_N@Z 400590a0 f   libvcruntimed:undname.obj
 0001:00058400       ?getDispatchTarget@UnDecorator@@CA?AVDName@@XZ 40059400 f   libvcruntimed:undname.obj
 0001:000584c0       ?getDisplacement@UnDecorator@@CA?AVDName@@XZ 400594c0 f i libvcruntimed:undname.obj
 0001:000584e0       ?getECSUDataType@UnDecorator@@CA?AVDName@@XZ 400594e0 f   libvcruntimed:undname.obj
 0001:00058720       ?getECSUName@UnDecorator@@CA?AVDName@@XZ 40059720 f i libvcruntimed:undname.obj
 0001:00058740       ?getEnumType@UnDecorator@@CA?AVDName@@XZ 40059740 f i libvcruntimed:undname.obj
 0001:000588e0       ?getExtendedDataIndirectType@UnDecorator@@CA?AVDName@@AAPBDAA_NH@Z 400598e0 f   libvcruntimed:undname.obj
 0001:00058bc0       ?getExternalDataType@UnDecorator@@CA?AVDName@@ABV2@@Z 40059bc0 f i libvcruntimed:undname.obj
 0001:00058c80       ?getFunctionIndirectType@UnDecorator@@CA?AVDName@@ABV2@@Z 40059c80 f   libvcruntimed:undname.obj
 0001:00059240       ?getGuardNumber@UnDecorator@@CA?AVDName@@XZ 4005a240 f i libvcruntimed:undname.obj
 0001:00059260       ?getLastChar@DName@@QBEDXZ 4005a260 f i libvcruntimed:undname.obj
 0001:000592b0       ?getLastChar@DNameStatusNode@@UBEDXZ 4005a2b0 f i libvcruntimed:undname.obj
 0001:000592f0       ?getLastChar@charNode@@UBEDXZ 4005a2f0 f i libvcruntimed:undname.obj
 0001:00059310       ?getLastChar@pDNameNode@@UBEDXZ 4005a310 f i libvcruntimed:undname.obj
 0001:00059350       ?getLastChar@pairNode@@UBEDXZ 4005a350 f i libvcruntimed:undname.obj
 0001:000593d0       ?getLastChar@pcharNode@@UBEDXZ 4005a3d0 f i libvcruntimed:undname.obj
 0001:00059410       ?getLexicalFrame@UnDecorator@@CA?AVDName@@XZ 4005a410 f i libvcruntimed:undname.obj
 0001:00059460       ?getMemory@_HeapManager@@QAEPAXIH@Z 4005a460 f   libvcruntimed:undname.obj
 0001:000595c0       ?getNoexcept@UnDecorator@@CA?AVDName@@XZ 4005a5c0 f   libvcruntimed:undname.obj
 0001:00059640       ?getNumberOfDimensions@UnDecorator@@CAHXZ 4005a640 f   libvcruntimed:undname.obj
 0001:00059780       ?getOperatorName@UnDecorator@@CA?AVDName@@_NPA_N@Z 4005a780 f i libvcruntimed:undname.obj
 0001:0005a440       ?getPointerType@UnDecorator@@CA?AVDName@@ABV2@0@Z 4005b440 f i libvcruntimed:undname.obj
 0001:0005a480       ?getPointerTypeArray@UnDecorator@@CA?AVDName@@ABV2@0@Z 4005b480 f i libvcruntimed:undname.obj
 0001:0005a4c0       ?getPrimaryDataType@UnDecorator@@CA?AVDName@@ABV2@@Z 4005b4c0 f   libvcruntimed:undname.obj
 0001:0005a9b0       ?getPtrRefDataType@UnDecorator@@CA?AVDName@@ABV2@H@Z 4005b9b0 f   libvcruntimed:undname.obj
 0001:0005ac60       ?getPtrRefType@UnDecorator@@CA?AVDName@@ABV2@0PBD@Z 4005bc60 f   libvcruntimed:undname.obj
 0001:0005ae30       ?getReferenceType@UnDecorator@@CA?AVDName@@ABV2@0PBD@Z 4005be30 f i libvcruntimed:undname.obj
 0001:0005ae60       ?getRestrictionSpec@UnDecorator@@CA?AVDName@@XZ 4005be60 f   libvcruntimed:undname.obj
 0001:0005b020       ?getReturnType@UnDecorator@@CA?AVDName@@PAV2@@Z 4005c020 f   libvcruntimed:undname.obj
 0001:0005b080       ?getScope@UnDecorator@@CA?AVDName@@XZ 4005c080 f   libvcruntimed:undname.obj
 0001:0005b6b0       ?getScopedName@UnDecorator@@CA?AVDName@@XZ 4005c6b0 f   libvcruntimed:undname.obj
 0001:0005b810       ?getSignedDimension@UnDecorator@@CA?AVDName@@XZ 4005c810 f   libvcruntimed:undname.obj
 0001:0005b8b0       ?getStorageConvention@UnDecorator@@CA?AVDName@@XZ 4005c8b0 f i libvcruntimed:undname.obj
 0001:0005b8d0       ?getString@DName@@QBEPADPAD0@Z 4005c8d0 f i libvcruntimed:undname.obj
 0001:0005b930       ?getString@DName@@QBEPADPADH@Z 4005c930 f i libvcruntimed:undname.obj
 0001:0005b9e0       ?getString@DNameStatusNode@@UBEPADPAD0@Z 4005c9e0 f i libvcruntimed:undname.obj
 0001:0005ba20       ?getString@charNode@@UBEPADPAD0@Z 4005ca20 f i libvcruntimed:undname.obj
 0001:0005ba60       ?getString@pDNameNode@@UBEPADPAD0@Z 4005ca60 f i libvcruntimed:undname.obj
 0001:0005bab0       ?getString@pairNode@@UBEPADPAD0@Z 4005cab0 f i libvcruntimed:undname.obj
 0001:0005bb50       ?getString@pcharNode@@UBEPADPAD0@Z 4005cb50 f i libvcruntimed:undname.obj
 0001:0005bb90       ?getStringEncoding@UnDecorator@@CA?AVDName@@PBDH@Z 4005cb90 f   libvcruntimed:undname.obj
 0001:0005bce0       ?getStringHelper@@YAPADPADPBD1H@Z 4005cce0 f i libvcruntimed:undname.obj
 0001:0005bd30       ?getSymbolName@UnDecorator@@CA?AVDName@@XZ 4005cd30 f i libvcruntimed:undname.obj
 0001:0005bde0       ?getTemplateArgumentList@UnDecorator@@CA?AVDName@@XZ 4005cde0 f   libvcruntimed:undname.obj
 0001:0005c2c0       ?getTemplateConstant@UnDecorator@@CA?AVDName@@XZ 4005d2c0 f   libvcruntimed:undname.obj
 0001:0005c9d0       ?getTemplateName@UnDecorator@@CA?AVDName@@_N@Z 4005d9d0 f   libvcruntimed:undname.obj
 0001:0005cc10       ?getThisType@UnDecorator@@CA?AVDName@@XZ 4005dc10 f i libvcruntimed:undname.obj
 0001:0005cc60       ?getThrowTypes@UnDecorator@@CA?AVDName@@XZ 4005dc60 f   libvcruntimed:undname.obj
 0001:0005ccc0       ?getTypeEncoding@UnDecorator@@CAHXZ 4005dcc0 f i libvcruntimed:undname.obj
 0001:0005d9d0       ?getVCallThunkType@UnDecorator@@CA?AVDName@@XZ 4005e9d0 f i libvcruntimed:undname.obj
 0001:0005da50       ?getVbTableType@UnDecorator@@CA?AVDName@@ABV2@@Z 4005ea50 f i libvcruntimed:undname.obj
 0001:0005da70       ?getVdispMapType@UnDecorator@@CA?AVDName@@ABV2@@Z 4005ea70 f i libvcruntimed:undname.obj
 0001:0005db00       ?getVfTableType@UnDecorator@@CA?AVDName@@ABV2@@Z 4005eb00 f i libvcruntimed:undname.obj
 0001:0005dd30       ?getZName@UnDecorator@@CA?AVDName@@_N0@Z 4005ed30 f   libvcruntimed:undname.obj
 0001:0005e0b0       ?haveTemplateParameters@UnDecorator@@SAHXZ 4005f0b0 f i libvcruntimed:undname.obj
 0001:0005e0d0       ?isArray@DName@@QBEHXZ     4005f0d0 f i libvcruntimed:undname.obj
 0001:0005e0f0       ?isComArray@DName@@QBEHXZ  4005f0f0 f i libvcruntimed:undname.obj
 0001:0005e110       ?isEmpty@DName@@QBEHXZ     4005f110 f i libvcruntimed:undname.obj
 0001:0005e150       ?isFull@Replicator@@QBEHXZ 4005f150 f i libvcruntimed:undname.obj
 0001:0005e190       ?isNoTE@DName@@QBEHXZ      4005f190 f i libvcruntimed:undname.obj
 0001:0005e1b0       ?isPinPtr@DName@@QBEHXZ    4005f1b0 f i libvcruntimed:undname.obj
 0001:0005e1d0       ?isPtrRef@DName@@QBEHXZ    4005f1d0 f i libvcruntimed:undname.obj
 0001:0005e1f0       ?isUDC@DName@@QBEHXZ       4005f1f0 f i libvcruntimed:undname.obj
 0001:0005e240       ?isUDTThunk@DName@@QBEHXZ  4005f240 f i libvcruntimed:undname.obj
 0001:0005e290       ?isVCallThunk@DName@@QBEHXZ 4005f290 f i libvcruntimed:undname.obj
 0001:0005e2b0       ?isValid@DName@@QBEHXZ     4005f2b0 f i libvcruntimed:undname.obj
 0001:0005e2f0       ?length@DName@@QBEHXZ      4005f2f0 f i libvcruntimed:undname.obj
 0001:0005e340       ?length@DNameStatusNode@@UBEHXZ 4005f340 f i libvcruntimed:undname.obj
 0001:0005e360       ?length@charNode@@UBEHXZ   4005f360 f i libvcruntimed:undname.obj
 0001:0005e380       ?length@pDNameNode@@UBEHXZ 4005f380 f i libvcruntimed:undname.obj
 0001:0005e3c0       ?length@pairNode@@UBEHXZ   4005f3c0 f i libvcruntimed:undname.obj
 0001:0005e450       ?length@pcharNode@@UBEHXZ  4005f450 f i libvcruntimed:undname.obj
 0001:0005e470       ?make@DNameStatusNode@@SAPBV1@W4DNameStatus@@@Z 4005f470 f i libvcruntimed:undname.obj
 0001:0005e4b0       ?setIsArray@DName@@QAEXXZ  4005f4b0 f i libvcruntimed:undname.obj
 0001:0005e4e0       ?setIsComArray@DName@@QAEXXZ 4005f4e0 f i libvcruntimed:undname.obj
 0001:0005e510       ?setIsNoTE@DName@@QAEXXZ   4005f510 f i libvcruntimed:undname.obj
 0001:0005e540       ?setIsPinPtr@DName@@QAEXXZ 4005f540 f i libvcruntimed:undname.obj
 0001:0005e570       ?setIsUDC@DName@@QAEXXZ    4005f570 f i libvcruntimed:undname.obj
 0001:0005e5b0       ?setIsVCallThunk@DName@@QAEXXZ 4005f5b0 f i libvcruntimed:undname.obj
 0001:0005e5e0       ?setPtrRef@DName@@QAEAAV1@XZ 4005f5e0 f i libvcruntimed:undname.obj
 0001:0005e610       ?status@DName@@QBE?AW4DNameStatus@@XZ 4005f610 f i libvcruntimed:undname.obj
 0001:0005e730       ___unDName                 4005f730 f   libvcruntimed:undname.obj
 0001:0005e830       ___unDNameEx               4005f830 f   libvcruntimed:undname.obj
 0001:0005e930       ??$?RU__vcrt_ptd@@@__crt_internal_free_policy@@QBEXQBU__vcrt_ptd@@@Z 4005f930 f i libvcruntimed:per_thread_data.obj
 0001:0005e960       ??0?$__crt_unique_heap_ptr@U__vcrt_ptd@@U__crt_internal_free_policy@@@@QAE@QAU__vcrt_ptd@@@Z 4005f960 f i libvcruntimed:per_thread_data.obj
 0001:0005e9a0       ??1?$__crt_unique_heap_ptr@U__vcrt_ptd@@U__crt_internal_free_policy@@@@QAE@XZ 4005f9a0 f i libvcruntimed:per_thread_data.obj
 0001:0005e9e0       ??B?$__crt_unique_heap_ptr@U__vcrt_ptd@@U__crt_internal_free_policy@@@@QBE_NXZ 4005f9e0 f i libvcruntimed:per_thread_data.obj
 0001:0005ea00       ?detach@?$__crt_unique_heap_ptr@U__vcrt_ptd@@U__crt_internal_free_policy@@@@QAEPAU__vcrt_ptd@@XZ 4005fa00 f i libvcruntimed:per_thread_data.obj
 0001:0005ea30       ?get@?$__crt_unique_heap_ptr@U__vcrt_ptd@@U__crt_internal_free_policy@@@@QBEPAU__vcrt_ptd@@XZ 4005fa30 f i libvcruntimed:per_thread_data.obj
 0001:0005ea50       ?is_valid@?$__crt_unique_heap_ptr@U__vcrt_ptd@@U__crt_internal_free_policy@@@@QBE_NXZ 4005fa50 f i libvcruntimed:per_thread_data.obj
 0001:0005ea90       ?release@?$__crt_unique_heap_ptr@U__vcrt_ptd@@U__crt_internal_free_policy@@@@QAEXXZ 4005fa90 f i libvcruntimed:per_thread_data.obj
 0001:0005eaf0       ___vcrt_freefls@4          4005faf0 f   libvcruntimed:per_thread_data.obj
 0001:0005eb20       ___vcrt_freeptd            4005fb20 f   libvcruntimed:per_thread_data.obj
 0001:0005eb90       ___vcrt_getptd             4005fb90 f   libvcruntimed:per_thread_data.obj
 0001:0005ebc0       ___vcrt_getptd_noexit      4005fbc0 f   libvcruntimed:per_thread_data.obj
 0001:0005ed70       ___vcrt_getptd_noinit      4005fd70 f   libvcruntimed:per_thread_data.obj
 0001:0005ede0       ___vcrt_initialize_ptd     4005fde0 f   libvcruntimed:per_thread_data.obj
 0001:0005ee40       ___vcrt_uninitialize_ptd   4005fe40 f   libvcruntimed:per_thread_data.obj
 0001:0005ee80       ___vcrt_initialize_locks   4005fe80 f   libvcruntimed:locks.obj
 0001:0005eef0       ___vcrt_lock               4005fef0 f   libvcruntimed:locks.obj
 0001:0005ef10       ___vcrt_uninitialize_locks 4005ff10 f   libvcruntimed:locks.obj
 0001:0005ef70       ___vcrt_unlock             4005ff70 f   libvcruntimed:locks.obj
 0001:0005ef90       ??$?BX@__crt_fast_encoded_nullptr_t@@QBEPAXXZ 4005ff90 f i libvcruntimed:winapi_downlevel.obj
 0001:0005efb0       ??$__crt_fast_decode_pointer@PAX@@YAPAXQAX@Z 4005ffb0 f i libvcruntimed:winapi_downlevel.obj
 0001:0005efe0       ??$__crt_fast_encode_pointer@PAX@@YAPAXQAX@Z 4005ffe0 f i libvcruntimed:winapi_downlevel.obj
 0001:0005f020       ??$__crt_interlocked_exchange_pointer@UHINSTANCE__@@PAU1@@@YAPAUHINSTANCE__@@PDSAU0@QAU0@@Z 40060020 f i libvcruntimed:winapi_downlevel.obj
 0001:0005f030       ??$__crt_interlocked_exchange_pointer@UHINSTANCE__@@PAX@@YAPAUHINSTANCE__@@PDSAU0@QAX@Z 40060030 f i libvcruntimed:winapi_downlevel.obj
 0001:0005f040       ??$__crt_interlocked_exchange_pointer@XPAX@@YAPAXPDSAXQAX@Z 40060040 f i libvcruntimed:winapi_downlevel.obj
 0001:0005f050       ??$__crt_interlocked_read_pointer@UHINSTANCE__@@@@YAPAUHINSTANCE__@@PDSAU0@@Z 40060050 f i libvcruntimed:winapi_downlevel.obj
 0001:0005f070       ??$__crt_interlocked_read_pointer@X@@YAPAXPDSAX@Z 40060070 f i libvcruntimed:winapi_downlevel.obj
 0001:0005f090       ?__crt_fast_encode_pointer@@YA?AU__crt_fast_encoded_nullptr_t@@$$T@Z 40060090 f i libvcruntimed:winapi_downlevel.obj
 0001:0005f590       ___vcrt_FlsAlloc           40060590 f   libvcruntimed:winapi_downlevel.obj
 0001:0005f5e0       ___vcrt_FlsFree            400605e0 f   libvcruntimed:winapi_downlevel.obj
 0001:0005f630       ___vcrt_FlsGetValue        40060630 f   libvcruntimed:winapi_downlevel.obj
 0001:0005f680       ___vcrt_FlsSetValue        40060680 f   libvcruntimed:winapi_downlevel.obj
 0001:0005f6e0       ___vcrt_InitializeCriticalSectionEx 400606e0 f   libvcruntimed:winapi_downlevel.obj
 0001:0005f740       ___vcrt_initialize_winapi_thunks 40060740 f   libvcruntimed:winapi_downlevel.obj
 0001:0005f7c0       ___vcrt_uninitialize_winapi_thunks 400607c0 f   libvcruntimed:winapi_downlevel.obj
 0001:0005f850       ??$?B$$A6AXXZ@__crt_fast_encoded_nullptr_t@@QBEP6AXXZXZ 40060850 f i libvcruntimed:purevirt_data.obj
 0001:0005f870       ??$__crt_fast_encode_pointer@P6AXXZ@@YAP6AXXZQ6AXXZ@Z 40060870 f i libvcruntimed:purevirt_data.obj
 0001:0005f8b0       ___vcrt_initialize_pure_virtual_call_handler 400608b0 f   libvcruntimed:purevirt_data.obj
 0001:0005f8e0       __global_unwind2           400608e0 f   libvcruntimed:_exsup_.obj
 0001:0005f946       __local_unwind2            40060946 f   libvcruntimed:_exsup_.obj
 0001:0005f9ca       __abnormal_termination     400609ca f   libvcruntimed:_exsup_.obj
 0001:0005f9f0       __NLG_Notify1              400609f0 f   libvcruntimed:_exsup_.obj
 0001:0005f9fc       __NLG_Notify               400609fc f   libvcruntimed:_exsup_.obj
 0001:0005fa13       __NLG_Dispatch2            40060a13     libvcruntimed:_exsup_.obj
 0001:0005fa13       __NLG_Dispatch             40060a13     libvcruntimed:_exsup_.obj
 0001:0005fa1b       __NLG_Call                 40060a1b f   libvcruntimed:_exsup_.obj
 0001:0005fa1d       __NLG_Return2              40060a1d     libvcruntimed:_exsup_.obj
[...]
 0003:001e20b4       ___isa_available           402ed0b4     LIBCMTD:_cpu_disp_.obj
 0003:001e20b8       ___favor                   402ed0b8     LIBCMTD:_cpu_disp_.obj
 0003:001e20c0       ?__type_info_root_node@@3U__type_info_node@@A 402ed0c0     LIBCMTD:tncleanup.obj
 0003:001e20d0       ?_OptionsStorage@?1??__local_stdio_scanf_options@@9@4_KA 402ed0d0     LIBCMTD:default_local_stdio_options.obj
 0003:001e20dc       ___scrt_current_native_startup_state 402ed0dc     LIBCMTD:utility.obj
 0003:001e20e0       ___scrt_native_startup_lock 402ed0e0     LIBCMTD:utility.obj
 0003:001e2104       ___scrt_debugger_hook_flag 402ed104     LIBCMTD:utility_desktop.obj
 0003:001e2108       ?pArgList@UnDecorator@@0PAVReplicator@@A 402ed108     libvcruntimed:undname.obj
 0003:001e210c       ?pZNameList@UnDecorator@@0PAVReplicator@@A 402ed10c     libvcruntimed:undname.obj
 0003:001e2110       ?pTemplateArgList@UnDecorator@@0PAVReplicator@@A 402ed110     libvcruntimed:undname.obj
 0003:001e2114       ?gName@UnDecorator@@0PBDB  402ed114     libvcruntimed:undname.obj
 0003:001e2118       ?name@UnDecorator@@0PBDB   402ed118     libvcruntimed:undname.obj
 0003:001e211c       ?outputString@UnDecorator@@0PADA 402ed11c     libvcruntimed:undname.obj
 0003:001e2120       ?maxStringLength@UnDecorator@@0HA 402ed120     libvcruntimed:undname.obj
 0003:001e2124       ?disableFlags@UnDecorator@@0KA 402ed124     libvcruntimed:undname.obj
 0003:001e2128       ?fExplicitTemplateParams@UnDecorator@@0_NA 402ed128     libvcruntimed:undname.obj
 0003:001e2129       ?fGetTemplateArgumentList@UnDecorator@@0_NA 402ed129     libvcruntimed:undname.obj
 0003:001e212c       ?m_pGetParameter@UnDecorator@@0P6APADJ@ZA 402ed12c     libvcruntimed:undname.obj
 0003:001e222c       ___pPurecall               402ed22c     libvcruntimed:purevirt_data.obj
 0003:001e25f4       __environ_table            402ed5f4     libucrtd:environment_initialization.obj
 0003:001e25f8       __wenviron_table           402ed5f8     libucrtd:environment_initialization.obj
 0003:001e2600       ___dcrt_initial_wide_environment 402ed600     libucrtd:environment_initialization.obj
 0003:001e2604       ___dcrt_initial_narrow_environment 402ed604     libucrtd:environment_initialization.obj
 0003:001e2608       ___acrt_atexit_table       402ed608     libucrtd:onexit.obj
 0003:001e2618       ___acrt_at_quick_exit_table 402ed618     libucrtd:onexit.obj
 0003:001e2644       __pfnDumpClient            402ed644     libucrtd:debug_heap.obj
 0003:001e264c       ___fastflag                402ed64c     libucrtd:fp_flags.obj
 0003:001e2654       __nstream                  402ed654     libucrtd:_file.obj
 0003:001e2658       ___piob                    402ed658     libucrtd:_file.obj
 0003:001e2660       __cflush                   402ed660     libucrtd:_file.obj
 0003:001e2668       ___acrt_stdout_buffer      402ed668     libucrtd:_sftbuf.obj
 0003:001e266c       ___acrt_stderr_buffer      402ed66c     libucrtd:_sftbuf.obj
 0003:001e2670       ___acrt_locale_changed_data 402ed670     libucrtd:wsetlocale.obj
 0003:001e2674       ___acrt_current_locale_data 402ed674     libucrtd:nlsdata.obj
 0003:001e2678       ___pioinfo                 402ed678     libucrtd:ioinit.obj
 0003:001e28e0       __nhandle                  402ed8e0     libucrtd:ioinit.obj
 0003:001e28e8       __pReportHookListW         402ed8e8     libucrtd:dbgrptt.obj
 0003:001e28ec       __pfnReportHook            402ed8ec     libucrtd:dbgrptt.obj
 0003:001e28f0       __pReportHookList          402ed8f0     libucrtd:dbgrptt.obj
 0003:001e2b8c       ___mbcodepage              402edb8c     libucrtd:mbctype.obj
 0003:001e2b90       ___ismbcodepage            402edb90     libucrtd:mbctype.obj
 0003:001e2b94       ___mbulinfo                402edb94     libucrtd:mbctype.obj
 0003:001e2ba8       ___mblocalename            402edba8     libucrtd:mbctype.obj
 0003:001e2bb0       ___argc                    402edbb0     libucrtd:argv_data.obj
 0003:001e2bb4       ___argv                    402edbb4     libucrtd:argv_data.obj
 0003:001e2bb8       ___wargv                   402edbb8     libucrtd:argv_data.obj
 0003:001e2bbc       __acmdln                   402edbbc     libucrtd:argv_data.obj
 0003:001e2bc0       __wcmdln                   402edbc0     libucrtd:argv_data.obj
 0003:001e2bc4       __pgmptr                   402edbc4     libucrtd:argv_data.obj
 0003:001e2bc8       __wpgmptr                  402edbc8     libucrtd:argv_data.obj
 0003:001e2bcc       ___acrt_heap               402edbcc     libucrtd:heap_handle.obj
 0003:001e3343       ___acrt_lconv_static_null  402ee343     libucrtd:localeconv.obj
 0003:001e3344       ___acrt_lconv_static_W_null 402ee344     libucrtd:localeconv.obj
 0003:001e334c       ?__WinRTOutOfMemoryExceptionCallback@@3P6GPAXXZA 402ee34c     libvcruntimed:ehhelpers.obj
 0003:001e3360       _itemParseKeywordHash      402ee360     <common>
 0003:001eb260       _g_nameBind2               402f6260     <common>
 0003:001eb280       _g_nameBind1               402f6280     <common>
 0003:001eb2a0       _menuParseKeywordHash      402f62a0     <common>
 0003:001ebaa0       _menuStack                 402f6aa0     <common>
 0003:001ebae0       _Menus                     402f6ae0     <common>
 0003:0020fce0       _startTime                 4031ace0     <common>
 0003:0021a5e0       _ui_serverStatusTimeOut    403255e0     <common>
 0003:0021a700       _ui_browserShowEmpty       40325700     <common>
 0003:0021a820       _ui_browserShowFull        40325820     <common>
 0003:0021a940       _ui_browserSortKey         40325940     <common>
 0003:0021aa60       _ui_browserGameType        40325a60     <common>
 0003:0021ab80       _ui_browserMaster          40325b80     <common>
 0003:0021aca0       _ui_mapIndex               40325ca0     <common>
 0003:0021adc0       _ui_currentMap             40325dc0     <common>
 0003:0021aee0       _ui_currentNetMap          40325ee0     <common>
 0003:0021b000       _ui_serverFilterType       40326000     <common>
 0003:0021b120       _ui_savegameName           40326120     <common>
 0003:0021b240       _ui_savegameListAutosave   40326240     <common>
 0003:0021b360       _ui_cameraMode             40326360     <common>
 0003:0021b480       _ui_hunkUsed               40326480     <common>
 0003:0021b5a0       _ui_hudAlpha               403265a0     <common>
 0003:0021b6c0       _ui_clipboardName          403266c0     <common>
 0003:0021b7e0       _ui_notebookCurrentPage    403267e0     <common>
 0003:0021b900       _ui_dedicated              40326900     <common>
 0003:0021ba20       _ui_joinGameType           40326a20     <common>
 0003:0021bb40       _ui_actualNetGameType      40326b40     <common>
 0003:0021bc60       _ui_netGameType            40326c60     <common>
 0003:0021bd80       _ui_gameType               40326d80     <common>
 0003:0021bea0       _ui_menuFiles              40326ea0     <common>
 0003:0021bfc0       _ui_netSource              40326fc0     <common>
 0003:0021c0e0       _ui_selectedPlayerName     403270e0     <common>
 0003:0021c200       _ui_selectedPlayer         40327200     <common>
 0003:0021c320       _ui_cdkeychecked           40327320     <common>
 0003:0021c440       _ui_bigFont                40327440     <common>
 0003:0021c560       _ui_smallFont              40327560     <common>
 0003:0021c680       _ui_server16               40327680     <common>
 0003:0021c7a0       _ui_server15               403277a0     <common>
 0003:0021c8c0       _ui_server14               403278c0     <common>
 0003:0021c9e0       _ui_server13               403279e0     <common>
 0003:0021cb00       _ui_server12               40327b00     <common>
 0003:0021cc20       _ui_server11               40327c20     <common>
 0003:0021cd40       _ui_server10               40327d40     <common>
 0003:0021ce60       _ui_server9                40327e60     <common>
 0003:0021cf80       _ui_server8                40327f80     <common>
 0003:0021d0a0       _ui_server7                403280a0     <common>
 0003:0021d1c0       _ui_server6                403281c0     <common>
 0003:0021d2e0       _ui_server5                403282e0     <common>
 0003:0021d400       _ui_server4                40328400     <common>
 0003:0021d520       _ui_server3                40328520     <common>
 0003:0021d640       _ui_server2                40328640     <common>
 0003:0021d760       _ui_server1                40328760     <common>
 0003:0021d880       _ui_emptyswitch            40328880     <common>
 0003:0021d9a0       _ui_autoactivate           403289a0     <common>
 0003:0021dac0       _ui_marks                  40328ac0     <common>
 0003:0021dbe0       _ui_useSuggestedWeapons    40328be0     <common>
 0003:0021dd00       _ui_drawCrosshairPickups   40328d00     <common>
 0003:0021de20       _ui_drawCrosshairNames     40328e20     <common>
 0003:0021df40       _ui_drawCrosshair          40328f40     <common>
 0003:0021e060       _ui_brassTime              40329060     <common>
 0003:0021e180       _ui_master                 40329180     <common>
 0003:0021e2a0       _ui_spSelection            403292a0     <common>
 0003:0021e3c0       _ui_spSkill                403293c0     <common>
 0003:0021e4e0       _ui_spVideos               403294e0     <common>
 0003:0021e600       _ui_spAwards               40329600     <common>
 0003:0021e720       _ui_spScores5              40329720     <common>
 0003:0021e840       _ui_spScores4              40329840     <common>
 0003:0021e960       _ui_spScores3              40329960     <common>
 0003:0021ea80       _ui_spScores2              40329a80     <common>
 0003:0021eba0       _ui_spScores1              40329ba0     <common>
 0003:0021ecc0       _ui_botsFile               40329cc0     <common>
 0003:0021ede0       _ui_arenasFile             40329de0     <common>
 0003:0021ef00       _ui_ctf_friendly           40329f00     <common>
 0003:0021f020       _ui_ctf_timelimit          4032a020     <common>
 0003:0021f140       _ui_ctf_capturelimit       4032a140     <common>
 0003:0021f260       _ui_team_friendly          4032a260     <common>
 0003:0021f380       _ui_team_timelimit         4032a380     <common>
 0003:0021f4a0       _ui_team_fraglimit         4032a4a0     <common>
 0003:0021f5c0       _ui_tourney_timelimit      4032a5c0     <common>
 0003:0021f6e0       _ui_tourney_fraglimit      4032a6e0     <common>
 0003:0021f800       _ui_ffa_timelimit          4032a800     <common>
 0003:0021f920       _ui_ffa_fraglimit          4032a920     <common>
 0003:0021fa40       _ui_limboMode              4032aa40     <common>
 0003:0021fb60       _ui_prevWeapon             4032ab60     <common>
 0003:0021fc80       _ui_prevClass              4032ac80     <common>
 0003:0021fda0       _ui_prevTeam               4032ada0     <common>
 0003:0021fec0       _ui_cmd                    4032aec0     <common>
 0003:0021ffe0       _ui_limboOptions           4032afe0     <common>
 0003:00220100       _ui_model                  4032b100     <common>
 0003:00220220       _ui_headModel              4032b220     <common>
 0003:00220340       _ui_Q3Model                4032b340     <common>
 0003:00220460       _ui_WolfFirstRun           4032b460     <common>
 0003:00220580       _ui_initialized            4032b580     <common>
 0003:002206a0       _ui_debug                  4032b6a0     <common>
 0003:002207c0       _ui_new                    4032b7c0     <common>
 0003:002208e0       _uiInfo                    4032b8e0     <common>
 0003:0024f7b0       _ui_numBots                4035a7b0     <common>
 0003:0024f7c0       _uis                       4035a7c0     <common>
 0003:00251a84       _m_entersound              4035ca84     <common>
 0003:00251a88       ?_OptionsStorage@?1??__local_stdio_printf_options@@9@9 4035ca88     <common>
 0003:00251a9c       ___scrt_ucrt_dll_is_in_use 4035ca9c     <common>
 0003:00251aa8       ___dyn_tls_init_callback   4035caa8     <common>
 0003:00251ab4       __pmatherr                 4035cab4     <common>
 0003:00251ac0       ___use_sse2_mathfcns       4035cac0     <common>
 0004:00000000       __imp__IsDebuggerPresent@0 4035d000     kernel32:KERNEL32.dll
 0004:00000004       __imp__RaiseException@16   4035d004     kernel32:KERNEL32.dll
 0004:00000008       __imp__MultiByteToWideChar@24 4035d008     kernel32:KERNEL32.dll
 0004:0000000c       __imp__WideCharToMultiByte@32 4035d00c     kernel32:KERNEL32.dll
 0004:00000010       __imp__UnhandledExceptionFilter@4 4035d010     kernel32:KERNEL32.dll
 0004:00000014       __imp__SetUnhandledExceptionFilter@4 4035d014     kernel32:KERNEL32.dll
 0004:00000018       __imp__GetCurrentProcess@0 4035d018     kernel32:KERNEL32.dll
 0004:0000001c       __imp__TerminateProcess@8  4035d01c     kernel32:KERNEL32.dll
 0004:00000020       __imp__IsProcessorFeaturePresent@4 4035d020     kernel32:KERNEL32.dll
 0004:00000024       __imp__GetLastError@0      4035d024     kernel32:KERNEL32.dll
 0004:00000028       __imp__HeapAlloc@12        4035d028     kernel32:KERNEL32.dll
 0004:0000002c       __imp__HeapFree@12         4035d02c     kernel32:KERNEL32.dll
 0004:00000030       __imp__GetProcessHeap@0    4035d030     kernel32:KERNEL32.dll
 0004:00000034       __imp__VirtualQuery@12     4035d034     kernel32:KERNEL32.dll
 0004:00000038       __imp__FreeLibrary@4       4035d038     kernel32:KERNEL32.dll
 0004:0000003c       __imp__GetProcAddress@8    4035d03c     kernel32:KERNEL32.dll
 0004:00000040       __imp__QueryPerformanceCounter@4 4035d040     kernel32:KERNEL32.dll
 0004:00000044       __imp__GetCurrentProcessId@0 4035d044     kernel32:KERNEL32.dll
 0004:00000048       __imp__GetCurrentThreadId@0 4035d048     kernel32:KERNEL32.dll
 0004:0000004c       __imp__GetSystemTimeAsFileTime@4 4035d04c     kernel32:KERNEL32.dll
 0004:00000050       __imp__InitializeSListHead@4 4035d050     kernel32:KERNEL32.dll
 0004:00000054       __imp__GetStartupInfoW@4   4035d054     kernel32:KERNEL32.dll
 0004:00000058       __imp__GetModuleHandleW@4  4035d058     kernel32:KERNEL32.dll
 0004:0000005c       __imp__GetModuleFileNameW@12 4035d05c     kernel32:KERNEL32.dll
 0004:00000060       __imp__LoadLibraryExW@12   4035d060     kernel32:KERNEL32.dll
 0004:00000064       __imp__InterlockedPushEntrySList@8 4035d064     kernel32:KERNEL32.dll
 0004:00000068       __imp__InterlockedFlushSList@4 4035d068     kernel32:KERNEL32.dll
 0004:0000006c       __imp__RtlUnwind@16        4035d06c     kernel32:KERNEL32.dll
 0004:00000070       __imp__SetLastError@4      4035d070     kernel32:KERNEL32.dll
 0004:00000074       __imp__EnterCriticalSection@4 4035d074     kernel32:KERNEL32.dll
 0004:00000078       __imp__LeaveCriticalSection@4 4035d078     kernel32:KERNEL32.dll
 0004:0000007c       __imp__DeleteCriticalSection@4 4035d07c     kernel32:KERNEL32.dll
 0004:00000080       __imp__InitializeCriticalSectionAndSpinCount@8 4035d080     kernel32:KERNEL32.dll
 0004:00000084       __imp__TlsAlloc@0          4035d084     kernel32:KERNEL32.dll
 0004:00000088       __imp__TlsGetValue@4       4035d088     kernel32:KERNEL32.dll
 0004:0000008c       __imp__TlsSetValue@8       4035d08c     kernel32:KERNEL32.dll
 0004:00000090       __imp__TlsFree@4           4035d090     kernel32:KERNEL32.dll
 0004:00000094       __imp__GetModuleFileNameA@12 4035d094     kernel32:KERNEL32.dll
 0004:00000098       __imp__GetModuleHandleExW@12 4035d098     kernel32:KERNEL32.dll
 0004:0000009c       __imp__ExitProcess@4       4035d09c     kernel32:KERNEL32.dll
 0004:000000a0       __imp__HeapValidate@12     4035d0a0     kernel32:KERNEL32.dll
 0004:000000a4       __imp__GetSystemInfo@4     4035d0a4     kernel32:KERNEL32.dll
 0004:000000a8       __imp__GetCurrentThread@0  4035d0a8     kernel32:KERNEL32.dll
 0004:000000ac       __imp__GetACP@0            4035d0ac     kernel32:KERNEL32.dll
 0004:000000b0       __imp__GetStdHandle@4      4035d0b0     kernel32:KERNEL32.dll
 0004:000000b4       __imp__GetFileType@4       4035d0b4     kernel32:KERNEL32.dll
 0004:000000b8       __imp__GetStringTypeW@16   4035d0b8     kernel32:KERNEL32.dll
 0004:000000bc       __imp__EncodePointer@4     4035d0bc     kernel32:KERNEL32.dll
 0004:000000c0       __imp__DecodePointer@4     4035d0c0     kernel32:KERNEL32.dll
 0004:000000c4       __imp__WriteFile@20        4035d0c4     kernel32:KERNEL32.dll
 0004:000000c8       __imp__OutputDebugStringA@4 4035d0c8     kernel32:KERNEL32.dll
 0004:000000cc       __imp__OutputDebugStringW@4 4035d0cc     kernel32:KERNEL32.dll
 0004:000000d0       __imp__WriteConsoleW@20    4035d0d0     kernel32:KERNEL32.dll
 0004:000000d4       __imp__CloseHandle@4       4035d0d4     kernel32:KERNEL32.dll
 0004:000000d8       __imp__WaitForSingleObjectEx@12 4035d0d8     kernel32:KERNEL32.dll
 0004:000000dc       __imp__CreateThread@24     4035d0dc     kernel32:KERNEL32.dll
 0004:000000e0       __imp__SetConsoleCtrlHandler@8 4035d0e0     kernel32:KERNEL32.dll
 0004:000000e4       __imp__GetDateFormatW@24   4035d0e4     kernel32:KERNEL32.dll
 0004:000000e8       __imp__GetTimeFormatW@24   4035d0e8     kernel32:KERNEL32.dll
 0004:000000ec       __imp__CompareStringW@24   4035d0ec     kernel32:KERNEL32.dll
 0004:000000f0       __imp__LCMapStringW@24     4035d0f0     kernel32:KERNEL32.dll
 0004:000000f4       __imp__GetLocaleInfoW@16   4035d0f4     kernel32:KERNEL32.dll
 0004:000000f8       __imp__IsValidLocale@8     4035d0f8     kernel32:KERNEL32.dll
 0004:000000fc       __imp__GetUserDefaultLCID@0 4035d0fc     kernel32:KERNEL32.dll
 0004:00000100       __imp__EnumSystemLocalesW@8 4035d100     kernel32:KERNEL32.dll
 0004:00000104       __imp__FindClose@4         4035d104     kernel32:KERNEL32.dll
 0004:00000108       __imp__FindFirstFileExA@24 4035d108     kernel32:KERNEL32.dll
 0004:0000010c       __imp__FindFirstFileExW@24 4035d10c     kernel32:KERNEL32.dll
 0004:00000110       __imp__FindNextFileA@8     4035d110     kernel32:KERNEL32.dll
 0004:00000114       __imp__FindNextFileW@8     4035d114     kernel32:KERNEL32.dll
 0004:00000118       __imp__IsValidCodePage@4   4035d118     kernel32:KERNEL32.dll
 0004:0000011c       __imp__GetOEMCP@0          4035d11c     kernel32:KERNEL32.dll
 0004:00000120       __imp__GetCPInfo@8         4035d120     kernel32:KERNEL32.dll
 0004:00000124       __imp__GetCommandLineA@0   4035d124     kernel32:KERNEL32.dll
 0004:00000128       __imp__GetCommandLineW@0   4035d128     kernel32:KERNEL32.dll
 0004:0000012c       __imp__GetEnvironmentStringsW@0 4035d12c     kernel32:KERNEL32.dll
 0004:00000130       __imp__FreeEnvironmentStringsW@4 4035d130     kernel32:KERNEL32.dll
 0004:00000134       __imp__SetEnvironmentVariableA@8 4035d134     kernel32:KERNEL32.dll
 0004:00000138       __imp__SetEnvironmentVariableW@8 4035d138     kernel32:KERNEL32.dll
 0004:0000013c       __imp__HeapReAlloc@16      4035d13c     kernel32:KERNEL32.dll
 0004:00000140       __imp__HeapSize@12         4035d140     kernel32:KERNEL32.dll
 0004:00000144       __imp__HeapQueryInformation@20 4035d144     kernel32:KERNEL32.dll
 0004:00000148       __imp__SetStdHandle@8      4035d148     kernel32:KERNEL32.dll
 0004:0000014c       __imp__GetConsoleCP@0      4035d14c     kernel32:KERNEL32.dll
 0004:00000150       __imp__GetConsoleMode@8    4035d150     kernel32:KERNEL32.dll
 0004:00000154       __imp__SetFilePointerEx@20 4035d154     kernel32:KERNEL32.dll
 0004:00000158       __imp__FlushFileBuffers@4  4035d158     kernel32:KERNEL32.dll
 0004:0000015c       __imp__CreateFileW@28      4035d15c     kernel32:KERNEL32.dll
 0004:00000160       \177KERNEL32_NULL_THUNK_DATA 4035d160     kernel32:KERNEL32.dll
 0004:000001d0       __IMPORT_DESCRIPTOR_KERNEL32 4035d1d0     kernel32:KERNEL32.dll
 0004:000001e4       __NULL_IMPORT_DESCRIPTOR   4035d1e4     kernel32:KERNEL32.dll
 0005:00000000       ___guard_check_icall_fptr  4035e000     LIBCMTD:guard_support.obj
