 cgamex86

 Timestamp is 5aa4dce8 (Sun Mar 11 01:38:16 2018)

 Preferred load address is 30000000

 Start         Length     Name                   Class
 0001:00000000 0015fa60H .text$mn                CODE
 0001:0015fa60 000010a6H .text$x                 CODE
 0002:00000000 00000104H .CRT$XCA                DATA
 0002:00000104 00000104H .CRT$XCZ                DATA
 0002:00000208 00000104H .CRT$XIA                DATA
 0002:0000030c 00000110H .CRT$XIC                DATA
 0002:0000041c 00000104H .CRT$XIZ                DATA
 0002:00000520 00000104H .CRT$XPA                DATA
 0002:00000624 0000010cH .CRT$XPX                DATA
 0002:00000730 00000104H .CRT$XPXA               DATA
 0002:00000834 00000104H .CRT$XPZ                DATA
 0002:00000938 00000104H .CRT$XTA                DATA
 0002:00000a3c 00000104H .CRT$XTZ                DATA
 0002:00000b40 00037dfcH .rdata                  DATA
 0002:0003893c 00000444H .rdata$r                DATA
 0002:00038d80 00000128H .rdata$sxdata           DATA
 0002:00038ea8 0000018cH .rdata$zzzdbg           DATA
 0002:00039034 00000104H .rtc$IAA                DATA
 0002:00039138 00000104H .rtc$IZZ                DATA
 0002:0003923c 00000104H .rtc$TAA                DATA
 0002:00039340 00000108H .rtc$TZZ                DATA
 0002:00039448 00000db8H .xdata$x                DATA
 0002:0003a200 0000016aH .edata                  DATA
 0003:00000000 00007bf4H .data                   DATA
 0003:00007bf4 0000024cH .data$r                 DATA
 0003:00007e40 00b9a970H .bss                    DATA
 0004:00000000 000001ccH .idata$5                DATA
 0004:000001cc 00000014H .idata$2                DATA
 0004:000001e0 00000014H .idata$3                DATA
 0004:000001f4 000001ccH .idata$4                DATA
 0004:000003c0 0000082aH .idata$6                DATA
 0005:00000000 00000104H .00cfg                  DATA
 0006:00000000 00000170H .rsrc$01                DATA
 0006:00000170 000002ccH .rsrc$02                DATA

  Address         Publics by Value              Rva+Base       Lib:Object

 0000:00000000       ___guard_iat_table         00000000     <absolute>
 0000:00000000       ___hybrid_code_map_count   00000000     <absolute>
 0000:00000000       ___enclave_config          00000000     <absolute>
 0000:00000000       ___guard_fids_count        00000000     <absolute>
 0000:00000000       ___hybrid_auxiliary_iat    00000000     <absolute>
 0000:00000000       ___guard_fids_table        00000000     <absolute>
 0000:00000000       ___dynamic_value_reloc_table 00000000     <absolute>
 0000:00000000       ___guard_longjmp_table     00000000     <absolute>
 0000:00000000       ___hybrid_code_map         00000000     <absolute>
 0000:00000000       __except_list              00000000     <absolute>
 0000:00000000       ___guard_longjmp_count     00000000     <absolute>
 0000:00000000       ___guard_iat_count         00000000     <absolute>
 0000:00000008       ___safe_se_handler_count   00000008     <absolute>
 0000:00000100       ___guard_flags             00000100     <absolute>
 0000:00000000       ___ImageBase               30000000     <linker-defined>
 0001:00008350       _BG_AnimGetFootstepGap     30009350 f   bg_animation.obj
 0001:00008450       _BG_AnimParseAnimConfig    30009450 f   bg_animation.obj
 0001:00009130       _BG_AnimParseAnimScript    3000a130 f   bg_animation.obj
 0001:0000a100       _BG_AnimParseError         3000b100 f   bg_animation.obj
 0001:0000a1c0       _BG_AnimScriptAnimation    3000b1c0 f   bg_animation.obj
 0001:0000a350       _BG_AnimScriptCannedAnimation 3000b350 f   bg_animation.obj
 0001:0000a490       _BG_AnimScriptEvent        3000b490 f   bg_animation.obj
 0001:0000a590       _BG_AnimScriptStateChange  3000b590 f   bg_animation.obj
 0001:0000a680       _BG_AnimUpdatePlayerStateConditions 3000b680 f   bg_animation.obj
 0001:0000a890       _BG_AnimationForString     3000b890 f   bg_animation.obj
 0001:0000a950       _BG_AnimationIndexForString 3000b950 f   bg_animation.obj
 0001:0000aa20       _BG_CopyStringIntoBuffer   3000ba20 f   bg_animation.obj
 0001:0000aab0       _BG_EvaluateConditions     3000bab0 f   bg_animation.obj
 0001:0000ac20       _BG_ExecuteCommand         3000bc20 f   bg_animation.obj
 0001:0000af10       _BG_FirstValidItem         3000bf10 f   bg_animation.obj
 0001:0000af90       _BG_GetAnimScriptAnimation 3000bf90 f   bg_animation.obj
 0001:0000b0b0       _BG_GetAnimScriptEvent     3000c0b0 f   bg_animation.obj
 0001:0000b190       _BG_GetAnimString          3000c190 f   bg_animation.obj
 0001:0000b1f0       _BG_GetAnimationForIndex   3000c1f0 f   bg_animation.obj
 0001:0000b250       _BG_GetConditionValue      3000c250 f   bg_animation.obj
 0001:0000b320       _BG_IndexForString         3000c320 f   bg_animation.obj
 0001:0000b3f0       _BG_InitWeaponStrings      3000c3f0 f   bg_animation.obj
 0001:0000b510       _BG_ModelInfoForClient     3000c510 f   bg_animation.obj
 0001:0000b590       _BG_ModelInfoForModelname  3000c590 f   bg_animation.obj
 0001:0000b640       _BG_ParseCommands          3000c640 f   bg_animation.obj
 0001:0000bd30       _BG_ParseConditionBits     3000cd30 f   bg_animation.obj
 0001:0000c2a0       _BG_ParseConditions        3000d2a0 f   bg_animation.obj
 0001:0000c540       _BG_PlayAnim               3000d540 f   bg_animation.obj
 0001:0000c7b0       _BG_PlayAnimName           3000d7b0 f   bg_animation.obj
 0001:0000c8a0       _BG_UpdateConditionValue   3000d8a0 f   bg_animation.obj
 0001:0000c9a0       _BG_UpdateConditionValueStrings 3000d9a0 f   bg_animation.obj
 0001:0000ca30       _BG_ValidAnimScript        3000da30 f   bg_animation.obj
 0001:0000ca90       ___local_stdio_printf_options 3000da90 f i bg_animation.obj
 0001:0000cab0       __vsnprintf_l              3000dab0 f i bg_animation.obj
 0001:0000cb20       _vsprintf                  3000db20 f i bg_animation.obj
 0001:0000cb60       __atof                     3000db60 f   bg_lib.obj
 0001:0000cd60       _atof                      3000dd60 f   bg_lib.obj
 0001:0000d030       _memmove                   3000e030 f   bg_lib.obj
 0001:0000d0d0       _qsort                     3000e0d0 f   bg_lib.obj
 0001:0000d780       _rand                      3000e780 f   bg_lib.obj
 0001:0000d7c0       _srand                     3000e7c0 f   bg_lib.obj
 0001:0000d7e0       _strcat                    3000e7e0 f   bg_lib.obj
 0001:0000d860       _strchr                    3000e860 f   bg_lib.obj
 0001:0000d8b0       _strcmp                    3000e8b0 f   bg_lib.obj
 0001:0000d920       _strcpy                    3000e920 f   bg_lib.obj
 0001:0000d980       _strlen                    3000e980 f   bg_lib.obj
 0001:0000d9c0       _strstr                    3000e9c0 f   bg_lib.obj
 0001:0000db40       _tan                       3000eb40 f   bg_lib.obj
 0001:0000dbc0       _BG_AddPredictableEventToPlayerstate 3000ebc0 f   bg_misc.obj
 0001:0000dcd0       _BG_AkimboFireSequence     3000ecd0 f   bg_misc.obj
 0001:0000dd30       _BG_CanItemBeGrabbed       3000ed30 f   bg_misc.obj
 0001:0000e1b0       _BG_EvaluateTrajectory     3000f1b0 f   bg_misc.obj
 0001:0000ef60       _BG_EvaluateTrajectoryDelta 3000ff60 f   bg_misc.obj
 0001:0000f790       _BG_FindAmmoForWeapon      30010790 f   bg_misc.obj
 0001:0000f880       _BG_FindClipForWeapon      30010880 f   bg_misc.obj
 0001:0000f970       _BG_FindItem               30010970 f   bg_misc.obj
 0001:0000f9d0       _BG_FindItem2              300109d0 f   bg_misc.obj
 0001:0000fa70       _BG_FindItemForAmmo        30010a70 f   bg_misc.obj
 0001:0000fb00       _BG_FindItemForHoldable    30010b00 f   bg_misc.obj
 0001:0000fb70       _BG_FindItemForKey         30010b70 f   bg_misc.obj
 0001:0000fc10       _BG_FindItemForPowerup     30010c10 f   bg_misc.obj
 0001:0000fc90       _BG_FindItemForWeapon      30010c90 f   bg_misc.obj
 0001:0000fdb0       _BG_GetMarkDir             30010db0 f   bg_misc.obj
 0001:00010170       _BG_PlayerStateToEntityState 30011170 f   bg_misc.obj
 0001:000107f0       _BG_PlayerStateToEntityStateExtraPolate 300117f0 f   bg_misc.obj
 0001:00010e90       _BG_PlayerTouchesItem      30011e90 f   bg_misc.obj
 0001:00011030       _isClipOnly                30012030 f   bg_misc.obj
 0001:000110a0       _Com_GetFlamethrowerRange  300120a0 f   bg_pmove.obj
 0001:000112b0       _PM_AddEvent               300122b0 f   bg_pmove.obj
 0001:000112e0       _PM_AddFallEvent           300122e0 f   bg_pmove.obj
 0001:00011320       _PM_AddTouchEnt            30012320 f   bg_pmove.obj
 0001:000113d0       _PM_AdjustAimSpreadScale   300123d0 f   bg_pmove.obj
 0001:00012590       _PM_CheckForReload         30013590 f   bg_pmove.obj
 0001:000129e0       _PM_CheckLadderMove        300139e0 f   bg_pmove.obj
 0001:00013560       _PM_ClipVelocity           30014560 f   bg_pmove.obj
 0001:000139d0       _PM_CoolWeapons            300149d0 f   bg_pmove.obj
 0001:000167b0       _PM_LadderMove             300177b0 f   bg_pmove.obj
 0001:00017b10       _PM_Sprint                 30018b10 f   bg_pmove.obj
 0001:00018070       _PM_UpdateLean             30019070 f   bg_pmove.obj
 0001:000186d0       _PM_UpdateViewAngles       300196d0 f   bg_pmove.obj
 0001:0001b4e0       _PM_WeaponAmmoAvailable    3001c4e0 f   bg_pmove.obj
 0001:0001b5c0       _PM_WeaponClipEmpty        3001c5c0 f   bg_pmove.obj
 0001:0001b640       _PM_WeaponUseAmmo          3001c640 f   bg_pmove.obj
 0001:0001b740       _Pmove                     3001c740 f   bg_pmove.obj
 0001:0001b9b0       _PmoveSingle               3001c9b0 f   bg_pmove.obj
 0001:0001c290       _PM_SlideMove              3001d290 f   bg_slidemove.obj
 0001:0001d510       _PM_StepSlideMove          3001e510 f   bg_slidemove.obj
 0001:0001de30       _AddPointToBounds          3001ee30 f   q_math.obj
 0001:0001e010       _AngleDelta                3001f010 f   q_math.obj
 0001:0001e050       _AngleMod                  3001f050 f   q_math.obj
 0001:0001e0a0       _AngleNormalize180         3001f0a0 f   q_math.obj
 0001:0001e110       _AngleNormalize360         3001f110 f   q_math.obj
 0001:0001e160       _AngleSubtract             3001f160 f   q_math.obj
 0001:0001e1e0       _AngleVectors              3001f1e0 f   q_math.obj
 0001:0001e5a0       _AnglesSubtract            3001f5a0 f   q_math.obj
 0001:0001e6b0       _AnglesToAxis              3001f6b0 f   q_math.obj
 0001:0001e7f0       _AxisClear                 3001f7f0 f   q_math.obj
 0001:0001e940       _AxisCopy                  3001f940 f   q_math.obj
 0001:0001eb40       _AxisToAngles              3001fb40 f   q_math.obj
 0001:0001ee40       _BoxOnPlaneSide            3001fe40 f   q_math.obj
 0001:0001f110       _ByteToDir                 30020110 f   q_math.obj
 0001:0001f220       _ClampChar                 30020220 f   q_math.obj
 0001:0001f250       _ClampShort                30020250 f   q_math.obj
 0001:0001f2a0       _ClearBounds               300202a0 f   q_math.obj
 0001:0001f370       _ColorBytes3               30020370 f   q_math.obj
 0001:0001f400       _ColorBytes4               30020400 f   q_math.obj
 0001:0001f4b0       _CrossProduct              300204b0 f   q_math.obj
 0001:0001f600       _DirToByte                 30020600 f   q_math.obj
 0001:0001f730       _Distance                  30020730 f   q_math.obj
 0001:0001f830       _DistanceSquared           30020830 f   q_math.obj
 0001:0001f990       _GetPerpendicularViewVector 30020990 f   q_math.obj
 0001:0001fb80       _LerpAngle                 30020b80 f   q_math.obj
 0001:0001fc20       _MakeNormalVectors         30020c20 f   q_math.obj
 0001:0001fe50       _MatrixMultiply            30020e50 f   q_math.obj
 0001:000205f0       _NormalizeColor            300215f0 f   q_math.obj
 0001:00020780       _PerpendicularVector       30021780 f   q_math.obj
 0001:000208d0       _PlaneFromPoints           300218d0 f   q_math.obj
 0001:00020b50       _ProjectPointOnPlane       30021b50 f   q_math.obj
 0001:00020df0       _ProjectPointOntoVector    30021df0 f   q_math.obj
 0001:000211b0       _Q_crandom                 300221b0 f   q_math.obj
 0001:00021200       _Q_fabs                    30022200 f   q_math.obj
 0001:00021230       _Q_log2                    30022230 f   q_math.obj
 0001:00021270       _Q_rand                    30022270 f   q_math.obj
 0001:000212a0       _Q_random                  300222a0 f   q_math.obj
 0001:000212f0       _Q_rsqrt                   300222f0 f   q_math.obj
 0001:00021390       _RadiusFromBounds          30022390 f   q_math.obj
 0001:00021480       _RotateAroundDirection     30022480 f   q_math.obj
 0001:000215e0       _RotatePointAroundVector   300225e0 f   q_math.obj
 0001:00021cb0       _SetPlaneSignbits          30022cb0 f   q_math.obj
 0001:00021d20       _Vector4Scale              30022d20 f   q_math.obj
 0001:00021df0       _VectorCompare             30022df0 f   q_math.obj
 0001:00021ea0       _VectorDistance            30022ea0 f   q_math.obj
 0001:00021fa0       _VectorInverse             30022fa0 f   q_math.obj
 0001:00022050       _VectorLength              30023050 f   q_math.obj
 0001:00022110       _VectorLengthSquared       30023110 f   q_math.obj
 0001:000221b0       _VectorNormalize           300231b0 f   q_math.obj
 0001:00022320       _VectorNormalize2          30023320 f   q_math.obj
 0001:000224e0       _VectorNormalizeFast       300234e0 f   q_math.obj
 0001:00022620       _VectorRotate              30023620 f   q_math.obj
 0001:00022850       __DotProduct               30023850 f   q_math.obj
 0001:000228f0       __VectorAdd                300238f0 f   q_math.obj
 0001:000229c0       __VectorCopy               300239c0 f   q_math.obj
 0001:00022a40       __VectorMA                 30023a40 f   q_math.obj
 0001:00022b20       __VectorScale              30023b20 f   q_math.obj
 0001:00022bc0       __VectorSubtract           30023bc0 f   q_math.obj
 0001:00022c90       _vectoangles               30023c90 f   q_math.obj
 0001:00022f80       _vectoyaw                  30023f80 f   q_math.obj
 0001:000230f0       _BigFloat                  300240f0 f   q_shared.obj
 0001:00023120       _BigLong                   30024120 f   q_shared.obj
 0001:00023150       _BigLong64                 30024150 f   q_shared.obj
 0001:00023180       _BigShort                  30024180 f   q_shared.obj
 0001:000231b0       _COM_BeginParseSession     300241b0 f   q_shared.obj
 0001:00023200       _COM_BitCheck              30024200 f   q_shared.obj
 0001:00023270       _COM_BitClear              30024270 f   q_shared.obj
 0001:000232e0       _COM_BitSet                300242e0 f   q_shared.obj
 0001:00023340       _COM_Compress              30024340 f   q_shared.obj
 0001:00023540       _COM_DefaultExtension      30024540 f   q_shared.obj
 0001:00023600       _COM_GetCurrentParseLine   30024600 f   q_shared.obj
 0001:00023620       _COM_MatchToken            30024620 f   q_shared.obj
 0001:00023680       _COM_Parse                 30024680 f   q_shared.obj
 0001:000236b0       _COM_ParseError            300246b0 f   q_shared.obj
 0001:00023720       _COM_ParseExt              30024720 f   q_shared.obj
 0001:00023a80       _COM_ParseWarning          30024a80 f   q_shared.obj
 0001:00023af0       _COM_RestoreParseSession   30024af0 f   q_shared.obj
 0001:00023b20       _COM_SetCurrentParseLine   30024b20 f   q_shared.obj
 0001:00023b40       _COM_SkipPath              30024b40 f   q_shared.obj
 0001:00023ba0       _COM_StripExtension        30024ba0 f   q_shared.obj
 0001:00023c00       _COM_StripFilename         30024c00 f   q_shared.obj
 0001:00023c60       _Com_Clamp                 30024c60 f   q_shared.obj
 0001:00023ca0       _Com_sprintf               30024ca0 f   q_shared.obj
 0001:00023d70       _FloatNoSwap               30024d70 f   q_shared.obj
 0001:00023d90       _FloatSwap                 30024d90 f   q_shared.obj
 0001:00023e30       _Info_NextPair             30024e30 f   q_shared.obj
 0001:00023f60       _Info_RemoveKey            30024f60 f   q_shared.obj
 0001:00024140       _Info_RemoveKey_Big        30025140 f   q_shared.obj
 0001:00024330       _Info_SetValueForKey       30025330 f   q_shared.obj
 0001:00024510       _Info_SetValueForKey_Big   30025510 f   q_shared.obj
 0001:00024700       _Info_Validate             30025700 f   q_shared.obj
 0001:00024760       _Info_ValueForKey          30025760 f   q_shared.obj
 0001:00024960       _LittleFloat               30025960 f   q_shared.obj
 0001:00024990       _LittleLong                30025990 f   q_shared.obj
 0001:000249c0       _LittleLong64              300259c0 f   q_shared.obj
 0001:000249f0       _LittleShort               300259f0 f   q_shared.obj
 0001:00024a20       _Long64NoSwap              30025a20 f   q_shared.obj
 0001:00024a40       _Long64Swap                30025a40 f   q_shared.obj
 0001:00024aa0       _LongNoSwap                30025aa0 f   q_shared.obj
 0001:00024ac0       _LongSwap                  30025ac0 f   q_shared.obj
 0001:00024b40       _Parse1DMatrix             30025b40 f   q_shared.obj
 0001:00024bd0       _Parse2DMatrix             30025bd0 f   q_shared.obj
 0001:00024c60       _Parse3DMatrix             30025c60 f   q_shared.obj
 0001:00024d00       _Q_CleanStr                30025d00 f   q_shared.obj
 0001:00024dc0       _Q_PrintStrlen             30025dc0 f   q_shared.obj
 0001:00024e60       _Q_isalpha                 30025e60 f   q_shared.obj
 0001:00024ea0       _Q_isalphanumeric          30025ea0 f   q_shared.obj
 0001:00024ef0       _Q_isforfilename           30025ef0 f   q_shared.obj
 0001:00024f40       _Q_islower                 30025f40 f   q_shared.obj
 0001:00024f70       _Q_isnumeric               30025f70 f   q_shared.obj
 0001:00024fa0       _Q_isprint                 30025fa0 f   q_shared.obj
 0001:00024fd0       _Q_isupper                 30025fd0 f   q_shared.obj
 0001:00025000       _Q_strcasecmp              30026000 f   q_shared.obj
 0001:00025030       _Q_strcat                  30026030 f   q_shared.obj
 0001:000250a0       _Q_stricmp                 300260a0 f   q_shared.obj
 0001:000250f0       _Q_stricmpn                300260f0 f   q_shared.obj
 0001:000251e0       _Q_strlwr                  300261e0 f   q_shared.obj
 0001:00025240       _Q_strncasecmp             30026240 f   q_shared.obj
 0001:00025310       _Q_strncmp                 30026310 f   q_shared.obj
 0001:000253b0       _Q_strncpyz                300263b0 f   q_shared.obj
 0001:00025430       _Q_strrchr                 30026430 f   q_shared.obj
 0001:000254b0       _Q_strupr                  300264b0 f   q_shared.obj
 0001:00025510       _ShortNoSwap               30026510 f   q_shared.obj
 0001:00025530       _ShortSwap                 30026530 f   q_shared.obj
 0001:00025580       _SkipBracedSection         30026580 f   q_shared.obj
 0001:00025630       _SkipRestOfLine            30026630 f   q_shared.obj
 0001:000256a0       _SkipWhitespace            300266a0 f   q_shared.obj
 0001:00025710       _Swap_Init                 30026710 f   q_shared.obj
 0001:00025810       _tv                        30026810 f   q_shared.obj
 0001:000258a0       _va                        300268a0 f   q_shared.obj
 0001:00025980       _MenuParse_onClose         30026980 f   ui_shared.obj
 0001:000259d0       _MenuParse_onESC           300269d0 f   ui_shared.obj
 0001:00025a20       _MenuParse_onROQDone       30026a20 f   ui_shared.obj
 0001:00025a70       _MenuParse_border          30026a70 f   ui_shared.obj
 0001:00025ac0       _MenuParse_borderSize      30026ac0 f   ui_shared.obj
 0001:00025b10       _MenuParse_backcolor       30026b10 f   ui_shared.obj
 0001:00025b90       _MenuParse_forecolor       30026b90 f   ui_shared.obj
 0001:00025c20       _MenuParse_bordercolor     30026c20 f   ui_shared.obj
 0001:00025ca0       _MenuParse_focuscolor      30026ca0 f   ui_shared.obj
 0001:00025d20       _MenuParse_disablecolor    30026d20 f   ui_shared.obj
 0001:00025da0       _MenuParse_outlinecolor    30026da0 f   ui_shared.obj
 0001:00025df0       _MenuParse_background      30026df0 f   ui_shared.obj
 0001:00025e50       _MenuParse_cinematic       30026e50 f   ui_shared.obj
 0001:00025ea0       _MenuParse_ownerdrawFlag   30026ea0 f   ui_shared.obj
 0001:00025f00       _MenuParse_ownerdraw       30026f00 f   ui_shared.obj
 0001:00025f50       _MenuParse_popup           30026f50 f   ui_shared.obj
 0001:00025f90       _MenuParse_outOfBounds     30026f90 f   ui_shared.obj
 0001:00025fd0       _MenuParse_soundLoop       30026fd0 f   ui_shared.obj
 0001:00026020       _MenuParse_fadeClamp       30027020 f   ui_shared.obj
 0001:00026070       _MenuParse_fadeAmount      30027070 f   ui_shared.obj
 0001:000260c0       _MenuParse_fadeCycle       300270c0 f   ui_shared.obj
 0001:00026110       _MenuParse_itemDef         30027110 f   ui_shared.obj
 0001:00026230       _MenuParse_execKey         30027230 f   ui_shared.obj
 0001:000262b0       _MenuParse_execKeyInt      300272b0 f   ui_shared.obj
 0001:00026320       _Script_SetColor           30027320 f   ui_shared.obj
 0001:00026460       _Script_SetAsset           30027460 f   ui_shared.obj
 0001:00026490       _Script_SetBackground      30027490 f   ui_shared.obj
 0001:000264e0       _Script_SetTeamColor       300274e0 f   ui_shared.obj
 0001:00026570       _Script_SetItemColor       30027570 f   ui_shared.obj
 0001:00026750       _Script_Show               30027750 f   ui_shared.obj
 0001:000267a0       _Script_Hide               300277a0 f   ui_shared.obj
 0001:000267f0       _Script_FadeIn             300277f0 f   ui_shared.obj
 0001:00026840       _Script_FadeOut            30027840 f   ui_shared.obj
 0001:00026890       _Script_Open               30027890 f   ui_shared.obj
 0001:000268d0       _Script_Close              300278d0 f   ui_shared.obj
 0001:00026910       _ItemParse_name            30027910 f   ui_shared.obj
 0001:00026950       _Script_Clipboard          30027950 f   ui_shared.obj
 0001:000269c0       _ItemParse_focusSound      300279c0 f   ui_shared.obj
 0001:00026a20       _Script_NotebookShowpage   30027a20 f   ui_shared.obj
 0001:00026d20       _ItemParse_text            30027d20 f   ui_shared.obj
 0001:00026d60       _ItemParse_textfile        30027d60 f   ui_shared.obj
 0001:00026e00       _ItemParse_textsavegame    30027e00 f   ui_shared.obj
 0001:00026e40       _ItemParse_group           30027e40 f   ui_shared.obj
 0001:00026e80       _ItemParse_asset_model     30027e80 f   ui_shared.obj
 0001:00026f10       _ItemParse_asset_shader    30027f10 f   ui_shared.obj
 0001:00026f70       _ItemParse_model_origin    30027f70 f   ui_shared.obj
 0001:00027030       _Script_Transition         30028030 f   ui_shared.obj
 0001:00027160       _ItemParse_model_fovx      30028160 f   ui_shared.obj
 0001:000271c0       _ItemParse_model_fovy      300281c0 f   ui_shared.obj
 0001:00027220       _ItemParse_model_rotation  30028220 f   ui_shared.obj
 0001:00027280       _ItemParse_model_angle     30028280 f   ui_shared.obj
 0001:000272e0       _Script_Orbit              300282e0 f   ui_shared.obj
 0001:000273f0       _ItemParse_model_animplay  300283f0 f   ui_shared.obj
 0001:00027510       _Script_SetFocus           30028510 f   ui_shared.obj
 0001:00027620       _ItemParse_rect            30028620 f   ui_shared.obj
 0001:00027660       _ItemParse_style           30028660 f   ui_shared.obj
 0001:000276a0       _Script_SetPlayerModel     300286a0 f   ui_shared.obj
 0001:000276f0       _ItemParse_decoration      300286f0 f   ui_shared.obj
 0001:00027720       _Script_SetPlayerHead      30028720 f   ui_shared.obj
 0001:00027770       _ItemParse_notselectable   30028770 f   ui_shared.obj
 0001:000277d0       _Script_SetCvar            300287d0 f   ui_shared.obj
 0001:00027840       _ItemParse_wrapped         30028840 f   ui_shared.obj
 0001:00027870       _ItemParse_autowrapped     30028870 f   ui_shared.obj
 0001:000278a0       _Script_Exec               300288a0 f   ui_shared.obj
 0001:00027900       _ItemParse_horizontalscroll 30028900 f   ui_shared.obj
 0001:00027930       _Script_Play               30028930 f   ui_shared.obj
 0001:00027990       _ItemParse_type            30028990 f   ui_shared.obj
 0001:000279e0       _Script_playLooped         300289e0 f   ui_shared.obj
 0001:00027a30       _ItemParse_elementwidth    30028a30 f   ui_shared.obj
 0001:00027a90       _Script_AddListItem        30028a90 f   ui_shared.obj
 0001:00027b80       _ItemParse_elementheight   30028b80 f   ui_shared.obj
 0001:00027be0       _ItemParse_feeder          30028be0 f   ui_shared.obj
 0001:00027c20       _ItemParse_elementtype     30028c20 f   ui_shared.obj
 0001:00027c90       _ItemParse_columns         30028c90 f   ui_shared.obj
 0001:00027dd0       _ItemParse_border          30028dd0 f   ui_shared.obj
 0001:00027e10       _ItemParse_bordersize      30028e10 f   ui_shared.obj
 0001:00027e50       _ItemParse_visible         30028e50 f   ui_shared.obj
 0001:00027eb0       _ItemParse_ownerdraw       30028eb0 f   ui_shared.obj
 0001:00027f00       _ItemParse_align           30028f00 f   ui_shared.obj
 0001:00027f40       _ItemParse_textalign       30028f40 f   ui_shared.obj
 0001:00027f80       _ItemParse_textalignx      30028f80 f   ui_shared.obj
 0001:00027fc0       _ItemParse_textaligny      30028fc0 f   ui_shared.obj
 0001:00028000       _ItemParse_textscale       30029000 f   ui_shared.obj
 0001:00028040       _ItemParse_textstyle       30029040 f   ui_shared.obj
 0001:00028080       _ItemParse_textfont        30029080 f   ui_shared.obj
 0001:000280c0       _ItemParse_backcolor       300290c0 f   ui_shared.obj
 0001:00028140       _ItemParse_forecolor       30029140 f   ui_shared.obj
 0001:000281d0       _ItemParse_bordercolor     300291d0 f   ui_shared.obj
 0001:00028250       _ItemParse_outlinecolor    30029250 f   ui_shared.obj
 0001:00028290       _ItemParse_background      30029290 f   ui_shared.obj
 0001:000282f0       _ItemParse_cinematic       300292f0 f   ui_shared.obj
 0001:00028330       _ItemParse_doubleClick     30029330 f   ui_shared.obj
 0001:000283a0       _ItemParse_onFocus         300293a0 f   ui_shared.obj
 0001:000283e0       _ItemParse_leaveFocus      300293e0 f   ui_shared.obj
 0001:00028420       _ItemParse_mouseEnter      30029420 f   ui_shared.obj
 0001:00028460       _ItemParse_mouseExit       30029460 f   ui_shared.obj
 0001:000284a0       _ItemParse_mouseEnterText  300294a0 f   ui_shared.obj
 0001:000284e0       _ItemParse_mouseExitText   300294e0 f   ui_shared.obj
 0001:00028520       _ItemParse_action          30029520 f   ui_shared.obj
 0001:00028560       _ItemParse_accept          30029560 f   ui_shared.obj
 0001:000285a0       _ItemParse_special         300295a0 f   ui_shared.obj
 0001:000285e0       _ItemParse_cvarTest        300295e0 f   ui_shared.obj
 0001:00028620       _ItemParse_cvar            30029620 f   ui_shared.obj
 0001:000286d0       _ItemParse_maxChars        300296d0 f   ui_shared.obj
 0001:00028750       _ItemParse_maxPaintChars   30029750 f   ui_shared.obj
 0001:000287d0       _ItemParse_cvarFloat       300297d0 f   ui_shared.obj
 0001:000288a0       _ItemParse_cvarStrList     300298a0 f   ui_shared.obj
 0001:00028b00       _ItemParse_cvarFloatList   30029b00 f   ui_shared.obj
 0001:00028d30       _ItemParse_addColorRangeRel 30029d30 f   ui_shared.obj
 0001:00028d60       _ItemParse_addColorRange   30029d60 f   ui_shared.obj
 0001:00028d90       _ItemParse_ownerdrawFlag   30029d90 f   ui_shared.obj
 0001:00028de0       _ItemParse_enableCvar      30029de0 f   ui_shared.obj
 0001:00028e30       _ItemParse_disableCvar     30029e30 f   ui_shared.obj
 0001:00028e80       _ItemParse_showCvar        30029e80 f   ui_shared.obj
 0001:00028ed0       _ItemParse_hideCvar        30029ed0 f   ui_shared.obj
 0001:00028f20       _MenuParse_font            30029f20 f   ui_shared.obj
 0001:00028fc0       _MenuParse_name            30029fc0 f   ui_shared.obj
 0001:00029020       _MenuParse_fullscreen      3002a020 f   ui_shared.obj
 0001:00029070       _MenuParse_rect            3002a070 f   ui_shared.obj
 0001:000290b0       _MenuParse_style           3002a0b0 f   ui_shared.obj
 0001:00029100       _MenuParse_visible         3002a100 f   ui_shared.obj
 0001:00029160       _MenuParse_onOpen          3002a160 f   ui_shared.obj
 0001:000291b0       _AdjustFrom640             3002a1b0 f   ui_shared.obj
 0001:00029250       _BindingFromName           3002a250 f   ui_shared.obj
 0001:000293d0       _BindingIDFromName         3002a3d0 f   ui_shared.obj
 0001:00029440       _Color_Parse               3002a440 f   ui_shared.obj
 0001:000294b0       _Controls_GetConfig        3002a4b0 f   ui_shared.obj
 0001:00029650       _Controls_SetConfig        3002a650 f   ui_shared.obj
 0001:00029730       _Controls_SetDefaults      3002a730 f   ui_shared.obj
 0001:000297a0       _Display_CacheAll          3002a7a0 f   ui_shared.obj
 0001:00029800       _Display_CaptureItem       3002a800 f   ui_shared.obj
 0001:000298f0       _Display_CursorType        3002a8f0 f   ui_shared.obj
 0001:000299f0       _Display_GetContext        3002a9f0 f   ui_shared.obj
 0001:00029a10       _Display_HandleKey         3002aa10 f   ui_shared.obj
 0001:00029a70       _Display_KeyBindPending    3002aa70 f   ui_shared.obj
 0001:00029a90       _Display_MouseMove         3002aa90 f   ui_shared.obj
 0001:00029bc0       _Display_VisibleMenuCount  3002abc0 f   ui_shared.obj
 0001:00029c30       _Fade                      3002ac30 f   ui_shared.obj
 0001:00029d30       _Float_Parse               3002ad30 f   ui_shared.obj
 0001:00029da0       _GradientBar_Paint         3002ada0 f   ui_shared.obj
 0001:00029e50       _Init_Display              3002ae50 f   ui_shared.obj
 0001:00029e70       _Int_Parse                 3002ae70 f   ui_shared.obj
 0001:00029ee0       _IsVisible                 3002aee0 f   ui_shared.obj
 0001:00029f20       _Item_Action               3002af20 f   ui_shared.obj
 0001:00029f60       _Item_Bind_HandleKey       3002af60 f   ui_shared.obj
 0001:0002a300       _Item_Bind_Paint           3002b300 f   ui_shared.obj
 0001:0002a810       _Item_EnableShowViaCvar    3002b810 f   ui_shared.obj
 0001:0002aa80       _Item_HandleKey            3002ba80 f   ui_shared.obj
 0001:0002aca0       _Item_Image_Paint          3002bca0 f   ui_shared.obj
 0001:0002ad50       _Item_Init                 3002bd50 f   ui_shared.obj
 0001:0002adb0       _Item_InitControls         3002bdb0 f   ui_shared.obj
 0001:0002ae40       _Item_ListBox_HandleKey    3002be40 f   ui_shared.obj
 0001:0002b8b0       _Item_ListBox_MaxScroll    3002c8b0 f   ui_shared.obj
 0001:0002b990       _Item_ListBox_MouseEnter   3002c990 f   ui_shared.obj
 0001:0002bc30       _Item_ListBox_OverLB       3002cc30 f   ui_shared.obj
 0001:0002c150       _Item_ListBox_Paint        3002d150 f   ui_shared.obj
 0001:0002d020       _Item_ListBox_ThumbDrawPosition 3002e020 f   ui_shared.obj
 0001:0002d240       _Item_ListBox_ThumbPosition 3002e240 f   ui_shared.obj
 0001:0002d410       _Item_Model_Paint          3002e410 f   ui_shared.obj
 0001:0002dc80       _Item_MouseEnter           3002ec80 f   ui_shared.obj
 0001:0002dec0       _Item_MouseLeave           3002eec0 f   ui_shared.obj
 0001:0002df60       _Item_Multi_CountSettings  3002ef60 f   ui_shared.obj
 0001:0002dfa0       _Item_Multi_FindCvarByValue 3002efa0 f   ui_shared.obj
 0001:0002e130       _Item_Multi_HandleKey      3002f130 f   ui_shared.obj
 0001:0002e340       _Item_Multi_Paint          3002f340 f   ui_shared.obj
 0001:0002e670       _Item_Multi_Setting        3002f670 f   ui_shared.obj
 0001:0002e820       _Item_OwnerDraw_HandleKey  3002f820 f   ui_shared.obj
 0001:0002e890       _Item_OwnerDraw_Paint      3002f890 f   ui_shared.obj
 0001:0002f140       _Item_Paint                30030140 f   ui_shared.obj
 0001:0002faa0       _Item_Parse                30030aa0 f   ui_shared.obj
 0001:0002fc30       _Item_RunScript            30030c30 f   ui_shared.obj
 0001:0002fe20       _Item_SetFocus             30030e20 f   ui_shared.obj
 0001:00030120       _Item_SetMouseOver         30031120 f   ui_shared.obj
 0001:00030170       _Item_SetScreenCoords      30031170 f   ui_shared.obj
 0001:00030240       _Item_SetTextExtents       30031240 f   ui_shared.obj
 0001:00030600       _Item_SetupKeywordHash     30031600 f   ui_shared.obj
 0001:00030680       _Item_Slider_HandleKey     30031680 f   ui_shared.obj
 0001:00030920       _Item_Slider_OverSlider    30031920 f   ui_shared.obj
 0001:000309f0       _Item_Slider_Paint         300319f0 f   ui_shared.obj
 0001:00030d70       _Item_Slider_ThumbPosition 30031d70 f   ui_shared.obj
 0001:00030ee0       _Item_StartCapture         30031ee0 f   ui_shared.obj
 0001:00031190       _Item_StopCapture          30032190 f   ui_shared.obj
 0001:000311b0       _Item_TextColor            300321b0 f   ui_shared.obj
 0001:00031600       _Item_TextField_HandleKey  30032600 f   ui_shared.obj
 0001:00031ea0       _Item_TextField_Paint      30032ea0 f   ui_shared.obj
 0001:000323a0       _Item_Text_AutoWrapped_Paint 300333a0 f   ui_shared.obj
 0001:00032930       _Item_Text_Paint           30033930 f   ui_shared.obj
 0001:00032b90       _Item_Text_Wrapped_Paint   30033b90 f   ui_shared.obj
 0001:00032f00       _Item_UpdatePosition       30033f00 f   ui_shared.obj
 0001:00032fc0       _Item_ValidateTypeData     30033fc0 f   ui_shared.obj
 0001:000331a0       _Item_YesNo_HandleKey      300341a0 f   ui_shared.obj
 0001:000332e0       _Item_YesNo_Paint          300342e0 f   ui_shared.obj
 0001:000336e0       _KeywordHash_Add           300346e0 f   ui_shared.obj
 0001:00033730       _KeywordHash_Find          30034730 f   ui_shared.obj
 0001:000337b0       _KeywordHash_Key           300347b0 f   ui_shared.obj
 0001:00033880       _LerpColor                 30034880 f   ui_shared.obj
 0001:00033a10       _Menu_ClearFocus           30034a10 f   ui_shared.obj
 0001:00033be0       _Menu_Count                30034be0 f   ui_shared.obj
 0001:00033c00       _Menu_FadeItemByName       30034c00 f   ui_shared.obj
 0001:00033cd0       _Menu_FindItemByName       30034cd0 f   ui_shared.obj
 0001:00033d70       _Menu_GetFocused           30034d70 f   ui_shared.obj
 0001:00033df0       _Menu_GetFocusedItem       30034df0 f   ui_shared.obj
 0001:00033e70       _Menu_GetMatchingItemByNumber 30034e70 f   ui_shared.obj
 0001:00034040       _Menu_HandleKey            30035040 f   ui_shared.obj
 0001:00034830       _Menu_HandleMouseMove      30035830 f   ui_shared.obj
 0001:00034b40       _Menu_HitTest              30035b40 f   ui_shared.obj
 0001:00034bd0       _Menu_Init                 30035bd0 f   ui_shared.obj
 0001:00034c70       _Menu_ItemsMatchingGroup   30035c70 f   ui_shared.obj
 0001:00034e00       _Menu_New                  30035e00 f   ui_shared.obj
 0001:00034e80       _Menu_OrbitItemByName      30035e80 f   ui_shared.obj
 0001:00035120       _Menu_Paint                30036120 f   ui_shared.obj
 0001:000353c0       _Menu_PaintAll             300363c0 f   ui_shared.obj
 0001:00035530       _Menu_Parse                30036530 f   ui_shared.obj
 0001:000356d0       _Menu_PostParse            300366d0 f   ui_shared.obj
 0001:00035750       _Menu_Reset                30036750 f   ui_shared.obj
 0001:000357f0       _Menu_ScrollFeeder         300367f0 f   ui_shared.obj
 0001:000358b0       _Menu_SetFeederSelection   300368b0 f   ui_shared.obj
 0001:00035a10       _Menu_SetNextCursorItem    30036a10 f   ui_shared.obj
 0001:00035bf0       _Menu_SetPrevCursorItem    30036bf0 f   ui_shared.obj
 0001:00035db0       _Menu_SetupKeywordHash     30036db0 f   ui_shared.obj
 0001:00035e30       _Menu_ShowItemByName       30036e30 f   ui_shared.obj
 0001:00035f10       _Menu_TransitionItemByName 30036f10 f   ui_shared.obj
 0001:000360c0       _Menu_UpdatePosition       300370c0 f   ui_shared.obj
 0001:000361a0       _Menus_Activate            300371a0 f   ui_shared.obj
 0001:00036280       _Menus_ActivateByName      30037280 f   ui_shared.obj
 0001:00036390       _Menus_AnyFullScreenVisible 30037390 f   ui_shared.obj
 0001:00036400       _Menus_CloseAll            30037400 f   ui_shared.obj
 0001:00036480       _Menus_CloseByName         30037480 f   ui_shared.obj
 0001:000364d0       _Menus_FindByName          300374d0 f   ui_shared.obj
 0001:00036550       _Menus_HandleOOBClick      30037550 f   ui_shared.obj
 0001:00036710       _Menus_OpenByName          30037710 f   ui_shared.obj
 0001:00036740       _Menus_ShowByName          30037740 f   ui_shared.obj
 0001:00036780       _PC_Char_Parse             30037780 f   ui_shared.obj
 0001:00036800       _PC_Color_Parse            30037800 f   ui_shared.obj
 0001:00036870       _PC_Float_Parse            30037870 f   ui_shared.obj
 0001:00036990       _PC_Int_Parse              30037990 f   ui_shared.obj
 0001:00036aa0       _PC_Rect_Parse             30037aa0 f   ui_shared.obj
 0001:00036b30       _PC_Script_Parse           30037b30 f   ui_shared.obj
 0001:00036ce0       _PC_SourceError            30037ce0 f   ui_shared.obj
 0001:00036dd0       _PC_SourceWarning          30037dd0 f   ui_shared.obj
 0001:00036ec0       _PC_String_Parse           30037ec0 f   ui_shared.obj
 0001:00036f40       _ParseColorRange           30037f40 f   ui_shared.obj
 0001:00037070       _Rect_ContainsPoint        30038070 f   ui_shared.obj
 0001:000370f0       _Rect_Parse                300380f0 f   ui_shared.obj
 0001:00037180       _Rect_ToWindowCoords       30038180 f   ui_shared.obj
 0001:00037820       _String_Alloc              30038820 f   ui_shared.obj
 0001:000379d0       _String_Init               300389d0 f   ui_shared.obj
 0001:00037a90       _String_Parse              30038a90 f   ui_shared.obj
 0001:00037b00       _String_Report             30038b00 f   ui_shared.obj
 0001:00037c10       _ToWindowCoords            30038c10 f   ui_shared.obj
 0001:00037ca0       _UI_Alloc                  30038ca0 f   ui_shared.obj
 0001:00037d40       _UI_InitMemory             30038d40 f   ui_shared.obj
 0001:00037d70       _UI_OutOfMemory            30038d70 f   ui_shared.obj
 0001:00037d90       _UI_RoQDone                30038d90 f   ui_shared.obj
 0001:00037f00       _Window_Init               30038f00 f   ui_shared.obj
 0001:00037fd0       _Window_Paint              30038fd0 f   ui_shared.obj
 0001:000389d0       _CG_TargetCommand_f        300399d0 f   cg_consolecmds.obj
 0001:000391b0       _CG_ConsoleCommand         3003a1b0 f   cg_consolecmds.obj
 0001:00039230       _CG_FreeCamera             3003a230 f   cg_consolecmds.obj
 0001:00039260       _CG_InitConsoleCommands    3003a260 f   cg_consolecmds.obj
 0001:00039430       _CG_LoadCamera             3003a430 f   cg_consolecmds.obj
 0001:000394b0       _CG_StartCamera            3003a4b0 f   cg_consolecmds.obj
 0001:00039620       _CG_StopCamera             3003a620 f   cg_consolecmds.obj
 0001:000396c0       _CG_AddLagometerFrameInfo  3003a6c0 f   cg_draw.obj
 0001:00039710       _CG_AddLagometerSnapshotInfo 3003a710 f   cg_draw.obj
 0001:000397a0       _CG_ApplyShakeCamera       3003a7a0 f   cg_draw.obj
 0001:00039890       _CG_CalcShakeCamera        3003a890 f   cg_draw.obj
 0001:00039c60       _CG_CenterPrint            3003ac60 f   cg_draw.obj
 0001:00039d50       _CG_CheckForCursorHints    3003ad50 f   cg_draw.obj
 0001:00039f40       _CG_Draw3DModel            3003af40 f   cg_draw.obj
 0001:0003a170       _CG_DrawActive             3003b170 f   cg_draw.obj
 0001:0003bc90       _CG_DrawFlagModel          3003cc90 f   cg_draw.obj
 0001:0003cf40       _CG_DrawHead               3003df40 f   cg_draw.obj
 0001:0003d240       _CG_DrawHoldableItem_old   3003e240 f   cg_draw.obj
 0001:0003d490       _CG_DrawKeyModel           3003e490 f   cg_draw.obj
 0001:0003e860       _CG_DrawTeamBackground     3003f860 f   cg_draw.obj
 0001:0003f4e0       _CG_DrawTimedMenus         300404e0 f   cg_draw.obj
 0001:00040b50       _CG_Fade                   30041b50 f   cg_draw.obj
 0001:00040cc0       _CG_ObjectivePrint         30041cc0 f   cg_draw.obj
 0001:00041210       _CG_StartShakeCamera       30042210 f   cg_draw.obj
 0001:00041370       _CG_Text_Height            30042370 f   cg_draw.obj
 0001:00041540       _CG_Text_Paint             30042540 f   cg_draw.obj
 0001:00041a10       _CG_Text_PaintChar         30042a10 f   cg_draw.obj
 0001:00041af0       _CG_Text_Width             30042af0 f   cg_draw.obj
 0001:00041cb0       __vsprintf_l               30042cb0 f i cg_draw.obj
 0001:00041cf0       _sprintf                   30042cf0 f i cg_draw.obj
 0001:00041d40       _CG_AdjustFrom640          30042d40 f   cg_drawtools.obj
 0001:00041ec0       _CG_ColorForHealth         30042ec0 f   cg_drawtools.obj
 0001:000420f0       _CG_DrawBigString          300430f0 f   cg_drawtools.obj
 0001:000421b0       _CG_DrawBigString2         300431b0 f   cg_drawtools.obj
 0001:00042270       _CG_DrawBigStringColor     30043270 f   cg_drawtools.obj
 0001:000422b0       _CG_DrawBigStringColor2    300432b0 f   cg_drawtools.obj
 0001:000422f0       _CG_DrawChar               300432f0 f   cg_drawtools.obj
 0001:00042460       _CG_DrawChar2              30043460 f   cg_drawtools.obj
 0001:000425d0       _CG_DrawPic                300435d0 f   cg_drawtools.obj
 0001:00042690       _CG_DrawRect               30043690 f   cg_drawtools.obj
 0001:00042830       _CG_DrawSides              30043830 f   cg_drawtools.obj
 0001:00042970       _CG_DrawSmallString        30043970 f   cg_drawtools.obj
 0001:00042a30       _CG_DrawSmallStringColor   30043a30 f   cg_drawtools.obj
 0001:00042a70       _CG_DrawStringExt          30043a70 f   cg_drawtools.obj
 0001:00042d50       _CG_DrawStringExt2         30043d50 f   cg_drawtools.obj
 0001:00043030       _CG_DrawStringExt3         30044030 f   cg_drawtools.obj
 0001:00043360       _CG_DrawStrlen             30044360 f   cg_drawtools.obj
 0001:000433f0       _CG_DrawTopBottom          300443f0 f   cg_drawtools.obj
 0001:00043530       _CG_FadeColor              30044530 f   cg_drawtools.obj
 0001:00043640       _CG_FillRect               30044640 f   cg_drawtools.obj
 0001:00043710       _CG_FillRectGradient       30044710 f   cg_drawtools.obj
 0001:000437e0       _CG_FilledBar              300447e0 f   cg_drawtools.obj
 0001:00043eb0       _CG_GetColorForHealth      30044eb0 f   cg_drawtools.obj
 0001:000440b0       _CG_HorizontalPercentBar   300450b0 f   cg_drawtools.obj
 0001:000441c0       _CG_TeamColor              300451c0 f   cg_drawtools.obj
 0001:00044220       _CG_TileClear              30045220 f   cg_drawtools.obj
 0001:00044470       _UI_DrawBannerString       30045470 f   cg_drawtools.obj
 0001:000448b0       _UI_DrawProportionalString 300458b0 f   cg_drawtools.obj
 0001:00044f60       _UI_ProportionalSizeScale  30045f60 f   cg_drawtools.obj
 0001:00044fb0       _UI_ProportionalStringWidth 30045fb0 f   cg_drawtools.obj
 0001:00045050       _CG_AddBloodTrails         30046050 f   cg_effects.obj
 0001:00045620       _CG_Bleed                  30046620 f   cg_effects.obj
 0001:00045ed0       _CG_BubbleTrail            30046ed0 f   cg_effects.obj
 0001:000465a0       _CG_DynamicLightningBolt   300475a0 f   cg_effects.obj
 0001:00047ca0       _CG_GetOriginForTag        30048ca0 f   cg_effects.obj
 0001:00047ed0       _CG_GibHead                30048ed0 f   cg_effects.obj
 0001:00048240       _CG_GibPlayer              30049240 f   cg_effects.obj
 0001:0004a980       _CG_LaunchGib              3004b980 f   cg_effects.obj
 0001:0004b0d0       _CG_LoseHat                3004c0d0 f   cg_effects.obj
 0001:0004b700       _CG_MakeExplosion          3004c700 f   cg_effects.obj
 0001:0004bd20       _CG_ProjectedSpotLight     3004cd20 f   cg_effects.obj
 0001:0004bff0       _CG_RumbleEfx              3004cff0 f   cg_effects.obj
 0001:0004c350       _CG_SmokePuff              3004d350 f   cg_effects.obj
 0001:0004c7f0       _CG_SparklerSparks         3004d7f0 f   cg_effects.obj
 0001:0004cb50       _CG_SpawnEffect            3004db50 f   cg_effects.obj
 0001:0004cd70       _CG_Spotlight              3004dd70 f   cg_effects.obj
 0001:0004fc50       _lt_crandom                30050c50 f   cg_effects.obj
 0001:0004fcf0       _lt_random                 30050cf0 f   cg_effects.obj
 0001:000502b0       _CG_AddLightstyle          300512b0 f   cg_ents.obj
 0001:000506b0       _CG_AddPacketEntities      300516b0 f   cg_ents.obj
 0001:00050aa0       _CG_AdjustPositionForMover 30051aa0 f   cg_ents.obj
 0001:00050f20       _CG_AttachedPartChange     30051f20 f   cg_ents.obj
 0001:00051180       _CG_Beam                   30052180 f   cg_ents.obj
 0001:00051ab0       _CG_DrawHoldableSelect     30052ab0 f   cg_ents.obj
 0001:000538e0       _CG_FlamethrowerProp       300548e0 f   cg_ents.obj
 0001:00053fb0       _CG_HoldableUsedupChange   30054fb0 f   cg_ents.obj
 0001:00055be0       _CG_Item_f                 30056be0 f   cg_ents.obj
 0001:00055c40       _CG_LoseArmor              30056c40 f   cg_ents.obj
 0001:00057a60       _CG_NextItem_f             30058a60 f   cg_ents.obj
 0001:00057b30       _CG_PlayerSeesItem         30058b30 f   cg_ents.obj
 0001:00058180       _CG_PositionEntityOnTag    30059180 f   cg_ents.obj
 0001:00058450       _CG_PositionRotatedEntityOnTag 30059450 f   cg_ents.obj
 0001:00058690       _CG_PrevItem_f             30059690 f   cg_ents.obj
 0001:00058a70       _CG_ProcessRumble          30059a70 f   cg_ents.obj
 0001:00059210       _CG_SetEntitySoundPosition 3005a210 f   cg_ents.obj
 0001:00059a90       _CG_BatDeath               3005aa90 f   cg_event.obj
 0001:00059ae0       _CG_CheckEvents            3005aae0 f   cg_event.obj
 0001:00059ce0       _CG_Effect                 3005ace0 f   cg_event.obj
 0001:0005abb0       _CG_EntityEvent            3005bbb0 f   cg_event.obj
 0001:0005efc0       _CG_Explode                3005ffc0 f   cg_event.obj
 0001:0005f110       _CG_Explodef               30060110 f   cg_event.obj
 0001:00061070       _CG_PainEvent              30062070 f   cg_event.obj
 0001:000615b0       _CG_PlaceString            300625b0 f   cg_event.obj
 0001:00061750       _CG_Shard                  30062750 f   cg_event.obj
 0001:00061ed0       _CG_ShardJunk              30062ed0 f   cg_event.obj
 0001:00062360       _CG_SpawnSpirit            30063360 f   cg_event.obj
 0001:00062a90       _CG_AddFlameChunks         30063a90 f   cg_flamethrower.obj
 0001:00062e20       _CG_AddFlameSpriteToScene  30063e20 f   cg_flamethrower.obj
 0001:000661c0       _CG_AddFlameToScene        300671c0 f   cg_flamethrower.obj
 0001:00067b60       _CG_AdjustFlameSize        30068b60 f   cg_flamethrower.obj
 0001:00067cf0       _CG_ClearFlameChunks       30068cf0 f   cg_flamethrower.obj
 0001:00067e40       _CG_FireFlameChunks        30068e40 f   cg_flamethrower.obj
 0001:00069490       _CG_FlameAdjustSpeed       3006a490 f   cg_flamethrower.obj
 0001:00069530       _CG_FlameCalcOrg           3006a530 f   cg_flamethrower.obj
 0001:00069700       _CG_FlameDamage            3006a700 f   cg_flamethrower.obj
 0001:00069ab0       _CG_FlameLerpVec           3006aab0 f   cg_flamethrower.obj
 0001:00069c80       _CG_FreeFlameChunk         3006ac80 f   cg_flamethrower.obj
 0001:00069df0       _CG_GenerateShaders        3006adf0 f   cg_flamethrower.obj
 0001:0006a020       _CG_InitFlameChunks        3006b020 f   cg_flamethrower.obj
 0001:0006a120       _CG_MergeFlameChunks       3006b120 f   cg_flamethrower.obj
 0001:0006a2c0       _CG_MoveFlameChunk         3006b2c0 f   cg_flamethrower.obj
 0001:0006a9c0       _CG_SpawnFlameChunk        3006b9c0 f   cg_flamethrower.obj
 0001:0006abc0       _CG_UpdateFlamethrowerSounds 3006bbc0 f   cg_flamethrower.obj
 0001:0006af30       _CG_DrawExitStats          3006bf30 f   cg_info.obj
 0001:0006bdb0       _CG_DrawInformation        3006cdb0 f   cg_info.obj
 0001:0006c980       _CG_DrawStats              3006d980 f   cg_info.obj
 0001:0006cd30       _CG_LoadingClient          3006dd30 f   cg_info.obj
 0001:0006cea0       _CG_LoadingItem            3006dea0 f   cg_info.obj
 0001:0006cf50       _CG_LoadingString          3006df50 f   cg_info.obj
 0001:0006cfd0       _CG_AddBloodElements       3006dfd0 f   cg_localents.obj
 0001:0006d2c0       _CG_AddClientCritter       3006e2c0 f   cg_localents.obj
 0001:0006f260       _CG_AddDebrisElements      30070260 f   cg_localents.obj
 0001:0006f610       _CG_AddEmitter             30070610 f   cg_localents.obj
 0001:0006fc40       _CG_AddFadeRGB             30070c40 f   cg_localents.obj
 0001:0006ffd0       _CG_AddFragment            30070fd0 f   cg_localents.obj
 0001:00071bc0       _CG_AddFuseSparkElements   30072bc0 f   cg_localents.obj
 0001:00071db0       _CG_AddLocalEntities       30072db0 f   cg_localents.obj
 0001:000722a0       _CG_AddMovingTracer        300732a0 f   cg_localents.obj
 0001:000725e0       _CG_AddShrapnel            300735e0 f   cg_localents.obj
 0001:000729a0       _CG_AddSparkElements       300739a0 f   cg_localents.obj
 0001:00072d30       _CG_AddSpiritViewflash     30073d30 f   cg_localents.obj
 0001:00073290       _CG_AllocLocalEntity       30074290 f   cg_localents.obj
 0001:00073340       _CG_BloodTrail             30074340 f   cg_localents.obj
 0001:00073560       _CG_FragmentBounceMark     30074560 f   cg_localents.obj
 0001:000736b0       _CG_FragmentBounceSound    300746b0 f   cg_localents.obj
 0001:00073820       _CG_FreeLocalEntity        30074820 f   cg_localents.obj
 0001:000738a0       _CG_InitLocalEntities      300748a0 f   cg_localents.obj
 0001:00073950       _CG_ReflectVelocity        30074950 f   cg_localents.obj
 0001:00073d40       _CG_Argv                   30074d40 f   cg_main.obj
 0001:00073d80       _CG_AssetCache             30074d80 f   cg_main.obj
 0001:00073f60       _CG_Asset_Parse            30074f60 f   cg_main.obj
 0001:00074680       _CG_ConfigString           30075680 f   cg_main.obj
 0001:000746d0       _CG_CrosshairPlayer        300756d0 f   cg_main.obj
 0001:000747f0       _CG_Error                  300757f0 f   cg_main.obj
 0001:00074bd0       _CG_GetMenuBuffer          30075bd0 f   cg_main.obj
 0001:00074da0       _CG_Init                   30075da0 f   cg_main.obj
 0001:00075100       _CG_LastAttacker           30076100 f   cg_main.obj
 0001:00075140       _CG_LoadHudMenu            30076140 f   cg_main.obj
 0001:00075410       _CG_LoadMenus              30076410 f   cg_main.obj
 0001:00075b30       _CG_Load_Menu              30076b30 f   cg_main.obj
 0001:00075ce0       _CG_ParseMenu              30076ce0 f   cg_main.obj
 0001:00075e90       _CG_Printf                 30076e90 f   cg_main.obj
 0001:00075f00       _CG_QueueMusic             30076f00 f   cg_main.obj
 0001:00076010       _CG_RegisterCvars          30077010 f   cg_main.obj
 0001:00078970       _CG_SetupDlightstyles      30079970 f   cg_main.obj
 0001:00078c10       _CG_Shutdown               30079c10 f   cg_main.obj
 0001:00078c30       _CG_StartMusic             30079c30 f   cg_main.obj
 0001:00078d20       _CG_Text_PaintWithCursor   30079d20 f   cg_main.obj
 0001:00078d90       _CG_UpdateCvars            30079d90 f   cg_main.obj
 0001:00078df0       _CG_translateString        30079df0 f   cg_main.obj
 0001:00078ed0       _Com_Error                 30079ed0 f   cg_main.obj
 0001:00078f50       _Com_Printf                30079f50 f   cg_main.obj
 0001:00078fd0       _vmMain                    30079fd0 f   cg_main.obj
 0001:00079140       _CG_AddMarks               3007a140 f   cg_marks.obj
 0001:000796c0       _CG_AllocMark              3007a6c0 f   cg_marks.obj
 0001:00079790       _CG_FreeMarkPoly           3007a790 f   cg_marks.obj
 0001:00079800       _CG_ImpactMark             3007a800 f   cg_marks.obj
 0001:0007a320       _CG_InitMarkPolys          3007b320 f   cg_marks.obj
 0001:0007a3d0       _CG_CheckOrderPending      3007b3d0 f   cg_newDraw.obj
 0001:0007a3f0       _CG_ClientNumFromName      3007b3f0 f   cg_newDraw.obj
 0001:0007bce0       _CG_DrawMedal              3007cce0 f   cg_newDraw.obj
 0001:0007c120       _CG_DrawNewTeamInfo        3007d120 f   cg_newDraw.obj
 0001:0007e7c0       _CG_DrawTeamSpectators     3007f7c0 f   cg_newDraw.obj
 0001:0007eb60       _CG_DrawWeapHeat           3007fb60 f   cg_newDraw.obj
 0001:0007ecd0       _CG_DrawWeapStability      3007fcd0 f   cg_newDraw.obj
 0001:0007ee40       _CG_EventHandling          3007fe40 f   cg_newDraw.obj
 0001:0007ee70       _CG_GameTypeString         3007fe70 f   cg_newDraw.obj
 0001:0007eed0       _CG_GetGameStatusText      3007fed0 f   cg_newDraw.obj
 0001:0007f070       _CG_GetKillerText          30080070 f   cg_newDraw.obj
 0001:0007f0d0       _CG_GetSelectedPlayer      300800d0 f   cg_newDraw.obj
 0001:0007f120       _CG_GetTeamColor           30080120 f   cg_newDraw.obj
 0001:0007f2c0       _CG_GetValue               300802c0 f   cg_newDraw.obj
 0001:0007f6c0       _CG_HideTeamMenu           300806c0 f   cg_newDraw.obj
 0001:0007f700       _CG_InitTeamChat           30080700 f   cg_newDraw.obj
 0001:0007f720       _CG_KeyEvent               30080720 f   cg_newDraw.obj
 0001:0007f7f0       _CG_MouseEvent             300807f0 f   cg_newDraw.obj
 0001:0007f970       _CG_OtherTeamHasFlag       30080970 f   cg_newDraw.obj
 0001:0007f990       _CG_OwnerDraw              30080990 f   cg_newDraw.obj
 0001:00080630       _CG_OwnerDrawVisible       30081630 f   cg_newDraw.obj
 0001:000808f0       _CG_RunMenuScript          300818f0 f   cg_newDraw.obj
 0001:00080910       _CG_SelectNextPlayer       30081910 f   cg_newDraw.obj
 0001:00080970       _CG_SelectPrevPlayer       30081970 f   cg_newDraw.obj
 0001:000809d0       _CG_SetPrintString         300819d0 f   cg_newDraw.obj
 0001:00080af0       _CG_ShowResponseHead       30081af0 f   cg_newDraw.obj
 0001:00080b40       _CG_ShowTeamMenu           30081b40 f   cg_newDraw.obj
 0001:00080b70       _CG_StatusHandle           30081b70 f   cg_newDraw.obj
 0001:00080f10       _CG_YourTeamHasFlag        30081f10 f   cg_newDraw.obj
 0001:00080f30       _flubfoo                   30081f30 f   cg_newDraw.obj
 0001:000811c0       _CG_AddParticleShrapnel    300821c0 f   cg_particles.obj
 0001:000811e0       _CG_AddParticleToScene     300821e0 f   cg_particles.obj
 0001:00089ec0       _CG_AddParticles           3008aec0 f   cg_particles.obj
 0001:0008a610       _CG_BatsUpdatePosition     3008b610 f   cg_particles.obj
 0001:0008a840       _CG_BloodPool              3008b840 f   cg_particles.obj
 0001:0008abc0       _CG_ClearParticles         3008bbc0 f   cg_particles.obj
 0001:0008ad50       _CG_NewParticleArea        3008bd50 f   cg_particles.obj
 0001:0008b060       _CG_OilSlickRemove         3008c060 f   cg_particles.obj
 0001:0008b110       _CG_ParticleBat            3008c110 f   cg_particles.obj
 0001:0008b380       _CG_ParticleBats           3008c380 f   cg_particles.obj
 0001:0008b7b0       _CG_ParticleBloodCloud     3008c7b0 f   cg_particles.obj
 0001:0008bd80       _CG_ParticleBloodCloudZombie 3008cd80 f   cg_particles.obj
 0001:0008c560       _CG_ParticleBubble         3008d560 f   cg_particles.obj
 0001:0008cac0       _CG_ParticleBulletDebris   3008dac0 f   cg_particles.obj
 0001:0008cd80       _CG_ParticleDirtBulletDebris 3008dd80 f   cg_particles.obj
 0001:0008d070       _CG_ParticleDirtBulletDebris_Core 3008e070 f   cg_particles.obj
 0001:0008d2f0       _CG_ParticleDust           3008e2f0 f   cg_particles.obj
 0001:0008db90       _CG_ParticleExplosion      3008eb90 f   cg_particles.obj
 0001:0008dee0       _CG_ParticleImpactSmokePuff 3008eee0 f   cg_particles.obj
 0001:0008df60       _CG_ParticleImpactSmokePuffExtended 3008ef60 f   cg_particles.obj
 0001:0008e2d0       _CG_ParticleLODCheck       3008f2d0 f   cg_particles.obj
 0001:0008e320       _CG_ParticleMisc           3008f320 f   cg_particles.obj
 0001:0008e510       _CG_ParticleSmoke          3008f510 f   cg_particles.obj
 0001:0008f1e0       _CG_ParticleSnow           300901e0 f   cg_particles.obj
 0001:0008f6b0       _CG_ParticleSnowFlurry     300906b0 f   cg_particles.obj
 0001:0008fc70       _CG_ParticleSparks         30090c70 f   cg_particles.obj
 0001:000901f0       _CG_Particle_Bleed         300911f0 f   cg_particles.obj
 0001:000904e0       _CG_Particle_OilParticle   300914e0 f   cg_particles.obj
 0001:00090840       _CG_Particle_OilSlick      30091840 f   cg_particles.obj
 0001:00090c80       _CG_SnowLink               30091c80 f   cg_particles.obj
 0001:00090d20       _ValidBloodPool            30091d20 f   cg_particles.obj
 0001:00091290       _CG_AddHelgaSpiritEffect   30092290 f   cg_players.obj
 0001:00092f30       _CG_AddLoperGroundEffect   30093f30 f   cg_players.obj
 0001:00093780       _CG_AddLoperLightningEffect 30094780 f   cg_players.obj
 0001:00094b80       _CG_AddRefEntityWithPowerups 30095b80 f   cg_players.obj
 0001:00095260       _CG_AddZombieFlameEffect   30096260 f   cg_players.obj
 0001:00095630       _CG_AddZombieFlameShort    30096630 f   cg_players.obj
 0001:000957c0       _CG_AddZombieSpiritEffect  300967c0 f   cg_players.obj
 0001:000975e0       _CG_AnimPlayerConditions   300985e0 f   cg_players.obj
 0001:00097c00       _CG_CalcMoveSpeeds         30098c00 f   cg_players.obj
 0001:000986d0       _CG_CheckForExistingModelInfo 300996d0 f   cg_players.obj
 0001:000988a0       _CG_ClearLerpFrameRate     300998a0 f   cg_players.obj
 0001:00098cb0       _CG_CustomSound            30099cb0 f   cg_players.obj
 0001:00098da0       _CG_DeadSink               30099da0 f   cg_players.obj
 0001:00098e60       _CG_EntOnFire              30099e60 f   cg_players.obj
 0001:00098ec0       _CG_GetBleedOrigin         30099ec0 f   cg_players.obj
 0001:000992f0       _CG_GetTag                 3009a2f0 f   cg_players.obj
 0001:00099620       _CG_GetWeaponTag           3009a620 f   cg_players.obj
 0001:0009a3d0       _CG_IsCrouchingAnim        3009b3d0 f   cg_players.obj
 0001:0009a430       _CG_LoadClientInfo         3009b430 f   cg_players.obj
 0001:0009a850       _CG_LoadDeferredPlayers    3009b850 f   cg_players.obj
 0001:0009a900       _CG_NewClientInfo          3009b900 f   cg_players.obj
 0001:0009aee0       _CG_Player                 3009bee0 f   cg_players.obj
 0001:000a3240       _CG_ResetPlayerEntity      300a4240 f   cg_players.obj
 0001:000a35d0       _CG_RunLerpFrame           300a45d0 f   cg_players.obj
 0001:000a3890       _CG_RunLerpFrameRate       300a4890 f   cg_players.obj
 0001:000a46f0       _CG_SetLerpFrameAnimationRate 300a56f0 f   cg_players.obj
 0001:000a4a30       _CG_SpawnHelgaSpirit       300a5a30 f   cg_players.obj
 0001:000a4c40       _CG_SpawnZombieBat         300a5c40 f   cg_players.obj
 0001:000a4f10       _CG_SpawnZombieSpirit      300a5f10 f   cg_players.obj
 0001:000a5a20       _vtosf                     300a6a20 f   cg_players.obj
 0001:000a5ad0       _CG_CheckAmmo              300a6ad0 f   cg_playerstate.obj
 0001:000a5c10       _CG_CheckChangedPredictableEvents 300a6c10 f   cg_playerstate.obj
 0001:000a5d40       _CG_CheckLocalSounds       300a6d40 f   cg_playerstate.obj
 0001:000a63d0       _CG_CheckPlayerstateEvents 300a73d0 f   cg_playerstate.obj
 0001:000a6580       _CG_CheckPlayerstateEvents_wolf 300a7580 f   cg_playerstate.obj
 0001:000a6660       _CG_DamageFeedback         300a7660 f   cg_playerstate.obj
 0001:000a6eb0       _CG_Respawn                300a7eb0 f   cg_playerstate.obj
 0001:000a6fb0       _CG_TransitionPlayerState  300a7fb0 f   cg_playerstate.obj
 0001:000a7190       _CG_BuildSolidList         300a8190 f   cg_predict.obj
 0001:000a79b0       _CG_PointContents          300a89b0 f   cg_predict.obj
 0001:000a7aa0       _CG_PredictPlayerState     300a8aa0 f   cg_predict.obj
 0001:000a8c00       _CG_Trace                  300a9c00 f   cg_predict.obj
 0001:000a8cd0       _CG_TraceCapsule           300a9cd0 f   cg_predict.obj
 0001:000a95e0       _CG_DrawScoreboard         300aa5e0 f   cg_scoreboard.obj
 0001:000a9e50       _CG_DrawTourneyScoreboard  300aae50 f   cg_scoreboard.obj
 0001:000aa7b0       _WM_DrawObjectives         300ab7b0 f   cg_scoreboard.obj
 0001:000aaba0       _WM_ScoreboardOverlay      300abba0 f   cg_scoreboard.obj
 0001:000abca0       _CG_ExecuteNewServerCommands 300acca0 f   cg_servercmds.obj
 0001:000ac7a0       _CG_ParseServerinfo        300ad7a0 f   cg_servercmds.obj
 0001:000accd0       _CG_RequestMoveSpeed       300adcd0 f   cg_servercmds.obj
 0001:000acd30       _CG_SendMoveSpeed          300add30 f   cg_servercmds.obj
 0001:000ad880       _CG_SetConfigValues        300ae880 f   cg_servercmds.obj
 0001:000ad910       _CG_ShaderStateChanged     300ae910 f   cg_servercmds.obj
 0001:000adbd0       _CG_ProcessSnapshots       300aebd0 f   cg_snapshot.obj
 0001:000ae270       _CG_SetInitialSnapshot     300af270 f   cg_snapshot.obj
 0001:000aed60       _CG_SoundInit              300afd60 f   cg_sound.obj
 0001:000af7e0       _CG_SoundPickOldestRandomSound 300b07e0 f   cg_sound.obj
 0001:000afab0       _CG_SoundPlayIndexedScript 300b0ab0 f   cg_sound.obj
 0001:000afb10       _CG_SoundPlaySoundScript   300b0b10 f   cg_sound.obj
 0001:000afbd0       _CG_SoundScriptPrecache    300b0bd0 f   cg_sound.obj
 0001:000afe00       _PASSFLOAT                 300b0e00 f   cg_syscalls.obj
 0001:000afe30       _dllEntry                  300b0e30 f   cg_syscalls.obj
 0001:000afe50       _testPrintFloat            300b0e50 f   cg_syscalls.obj
 0001:000afe90       _testPrintInt              300b0e90 f   cg_syscalls.obj
 0001:000afec0       _trap_AddCommand           300b0ec0 f   cg_syscalls.obj
 0001:000afef0       _trap_Argc                 300b0ef0 f   cg_syscalls.obj
 0001:000aff20       _trap_Args                 300b0f20 f   cg_syscalls.obj
 0001:000aff50       _trap_Argv                 300b0f50 f   cg_syscalls.obj
 0001:000aff80       _trap_CIN_DrawCinematic    300b0f80 f   cg_syscalls.obj
 0001:000affb0       _trap_CIN_PlayCinematic    300b0fb0 f   cg_syscalls.obj
 0001:000afff0       _trap_CIN_RunCinematic     300b0ff0 f   cg_syscalls.obj
 0001:000b0020       _trap_CIN_SetExtents       300b1020 f   cg_syscalls.obj
 0001:000b0060       _trap_CIN_StopCinematic    300b1060 f   cg_syscalls.obj
 0001:000b0090       _trap_CM_BoxTrace          300b1090 f   cg_syscalls.obj
 0001:000b00e0       _trap_CM_CapsuleTrace      300b10e0 f   cg_syscalls.obj
 0001:000b0130       _trap_CM_InlineModel       300b1130 f   cg_syscalls.obj
 0001:000b0160       _trap_CM_LoadMap           300b1160 f   cg_syscalls.obj
 0001:000b0190       _trap_CM_MarkFragments     300b1190 f   cg_syscalls.obj
 0001:000b01e0       _trap_CM_NumInlineModels   300b11e0 f   cg_syscalls.obj
 0001:000b0210       _trap_CM_PointContents     300b1210 f   cg_syscalls.obj
 0001:000b0240       _trap_CM_TempBoxModel      300b1240 f   cg_syscalls.obj
 0001:000b0270       _trap_CM_TempCapsuleModel  300b1270 f   cg_syscalls.obj
 0001:000b02a0       _trap_CM_TransformedBoxTrace 300b12a0 f   cg_syscalls.obj
 0001:000b02f0       _trap_CM_TransformedCapsuleTrace 300b12f0 f   cg_syscalls.obj
 0001:000b0340       _trap_CM_TransformedPointContents 300b1340 f   cg_syscalls.obj
 0001:000b0380       _trap_Cvar_Register        300b1380 f   cg_syscalls.obj
 0001:000b03c0       _trap_Cvar_Set             300b13c0 f   cg_syscalls.obj
 0001:000b03f0       _trap_Cvar_Update          300b13f0 f   cg_syscalls.obj
 0001:000b0420       _trap_Cvar_VariableStringBuffer 300b1420 f   cg_syscalls.obj
 0001:000b0450       _trap_Error                300b1450 f   cg_syscalls.obj
 0001:000b0480       _trap_FS_FCloseFile        300b1480 f   cg_syscalls.obj
 0001:000b04b0       _trap_FS_FOpenFile         300b14b0 f   cg_syscalls.obj
 0001:000b04e0       _trap_FS_Read              300b14e0 f   cg_syscalls.obj
 0001:000b0510       _trap_FS_Write             300b1510 f   cg_syscalls.obj
 0001:000b0540       _trap_GetCurrentCmdNumber  300b1540 f   cg_syscalls.obj
 0001:000b0570       _trap_GetCurrentSnapshotNumber 300b1570 f   cg_syscalls.obj
 0001:000b05a0       _trap_GetEntityToken       300b15a0 f   cg_syscalls.obj
 0001:000b05d0       _trap_GetGameState         300b15d0 f   cg_syscalls.obj
 0001:000b0600       _trap_GetGlconfig          300b1600 f   cg_syscalls.obj
 0001:000b0630       _trap_GetModelInfo         300b1630 f   cg_syscalls.obj
 0001:000b0660       _trap_GetServerCommand     300b1660 f   cg_syscalls.obj
 0001:000b0690       _trap_GetSnapshot          300b1690 f   cg_syscalls.obj
 0001:000b06c0       _trap_GetUserCmd           300b16c0 f   cg_syscalls.obj
 0001:000b06f0       _trap_Key_GetCatcher       300b16f0 f   cg_syscalls.obj
 0001:000b0720       _trap_Key_GetKey           300b1720 f   cg_syscalls.obj
 0001:000b0750       _trap_Key_IsDown           300b1750 f   cg_syscalls.obj
 0001:000b0780       _trap_Key_SetCatcher       300b1780 f   cg_syscalls.obj
 0001:000b07b0       _trap_MemoryRemaining      300b17b0 f   cg_syscalls.obj
 0001:000b07e0       _trap_Milliseconds         300b17e0 f   cg_syscalls.obj
 0001:000b0810       _trap_PC_AddGlobalDefine   300b1810 f   cg_syscalls.obj
 0001:000b0840       _trap_PC_FreeSource        300b1840 f   cg_syscalls.obj
 0001:000b0870       _trap_PC_LoadSource        300b1870 f   cg_syscalls.obj
 0001:000b08a0       _trap_PC_ReadToken         300b18a0 f   cg_syscalls.obj
 0001:000b08d0       _trap_PC_SourceFileAndLine 300b18d0 f   cg_syscalls.obj
 0001:000b0900       _trap_Print                300b1900 f   cg_syscalls.obj
 0001:000b0930       _trap_RB_ZombieFXAddNewHit 300b1930 f   cg_syscalls.obj
 0001:000b0960       _trap_R_AddCoronaToScene   300b1960 f   cg_syscalls.obj
 0001:000b0a00       _trap_R_AddLightToScene    300b1a00 f   cg_syscalls.obj
 0001:000b0a90       _trap_R_AddPolyToScene     300b1a90 f   cg_syscalls.obj
 0001:000b0ac0       _trap_R_AddPolysToScene    300b1ac0 f   cg_syscalls.obj
 0001:000b0b00       _trap_R_AddRefEntityToScene 300b1b00 f   cg_syscalls.obj
 0001:000b0b30       _trap_R_ClearScene         300b1b30 f   cg_syscalls.obj
 0001:000b0b60       _trap_R_DrawStretchPic     300b1b60 f   cg_syscalls.obj
 0001:000b0c50       _trap_R_DrawStretchPicGradient 300b1c50 f   cg_syscalls.obj
 0001:000b0d50       _trap_R_GetShaderFromModel 300b1d50 f   cg_syscalls.obj
 0001:000b0d80       _trap_R_GetSkinModel       300b1d80 f   cg_syscalls.obj
 0001:000b0db0       _trap_R_LerpTag            300b1db0 f   cg_syscalls.obj
 0001:000b0df0       _trap_R_LoadWorldMap       300b1df0 f   cg_syscalls.obj
 0001:000b0e20       _trap_R_ModelBounds        300b1e20 f   cg_syscalls.obj
 0001:000b0e50       _trap_R_RegisterFont       300b1e50 f   cg_syscalls.obj
 0001:000b0e80       _trap_R_RegisterModel      300b1e80 f   cg_syscalls.obj
 0001:000b0eb0       _trap_R_RegisterShader     300b1eb0 f   cg_syscalls.obj
 0001:000b0ee0       _trap_R_RegisterShaderNoMip 300b1ee0 f   cg_syscalls.obj
 0001:000b0f10       _trap_R_RegisterSkin       300b1f10 f   cg_syscalls.obj
 0001:000b0f40       _trap_R_RemapShader        300b1f40 f   cg_syscalls.obj
 0001:000b0f70       _trap_R_RenderScene        300b1f70 f   cg_syscalls.obj
 0001:000b0fa0       _trap_R_SetColor           300b1fa0 f   cg_syscalls.obj
 0001:000b0fd0       _trap_R_SetFog             300b1fd0 f   cg_syscalls.obj
 0001:000b1070       _trap_RealTime             300b2070 f   cg_syscalls.obj
 0001:000b10a0       _trap_S_AddLoopingSound    300b20a0 f   cg_syscalls.obj
 0001:000b10f0       _trap_S_AddRangedLoopingSound 300b20f0 f   cg_syscalls.obj
 0001:000b1140       _trap_S_AddRealLoopingSound 300b2140 f   cg_syscalls.obj
 0001:000b1160       _trap_S_ClearLoopingSounds 300b2160 f   cg_syscalls.obj
 0001:000b1190       _trap_S_FadeAllSound       300b2190 f   cg_syscalls.obj
 0001:000b11d0       _trap_S_FadeBackgroundTrack 300b21d0 f   cg_syscalls.obj
 0001:000b1220       _trap_S_GetVoiceAmplitude  300b2220 f   cg_syscalls.obj
 0001:000b1250       _trap_S_RegisterSound      300b2250 f   cg_syscalls.obj
 0001:000b1280       _trap_S_Respatialize       300b2280 f   cg_syscalls.obj
 0001:000b12c0       _trap_S_StartBackgroundTrack 300b22c0 f   cg_syscalls.obj
 0001:000b12f0       _trap_S_StartLocalSound    300b22f0 f   cg_syscalls.obj
 0001:000b1320       _trap_S_StartSound         300b2320 f   cg_syscalls.obj
 0001:000b1360       _trap_S_StartSoundEx       300b2360 f   cg_syscalls.obj
 0001:000b13a0       _trap_S_StartStreamingSound 300b23a0 f   cg_syscalls.obj
 0001:000b13e0       _trap_S_StopBackgroundTrack 300b23e0 f   cg_syscalls.obj
 0001:000b1410       _trap_S_StopLoopingSound   300b2410 f   cg_syscalls.obj
 0001:000b1440       _trap_S_StopStreamingSound 300b2440 f   cg_syscalls.obj
 0001:000b1470       _trap_S_UpdateEntityPosition 300b2470 f   cg_syscalls.obj
 0001:000b14a0       _trap_SendClientCommand    300b24a0 f   cg_syscalls.obj
 0001:000b14d0       _trap_SendConsoleCommand   300b24d0 f   cg_syscalls.obj
 0001:000b1500       _trap_SendMoveSpeedsToGame 300b2500 f   cg_syscalls.obj
 0001:000b1530       _trap_SetUserCmdValue      300b2530 f   cg_syscalls.obj
 0001:000b1580       _trap_SnapVector           300b2580 f   cg_syscalls.obj
 0001:000b15b0       _trap_UI_ClosePopup        300b25b0 f   cg_syscalls.obj
 0001:000b15e0       _trap_UI_LimboChat         300b25e0 f   cg_syscalls.obj
 0001:000b1610       _trap_UI_Popup             300b2610 f   cg_syscalls.obj
 0001:000b1640       _trap_UpdateScreen         300b2640 f   cg_syscalls.obj
 0001:000b1670       _trap_getCameraInfo        300b2670 f   cg_syscalls.obj
 0001:000b16b0       _trap_loadCamera           300b26b0 f   cg_syscalls.obj
 0001:000b16e0       _trap_startCamera          300b26e0 f   cg_syscalls.obj
 0001:000b1710       _trap_stopCamera           300b2710 f   cg_syscalls.obj
 0001:000b1740       _CG_AddSmokeJunc           300b2740 f   cg_trails.obj
 0001:000b19e0       _CG_AddSparkJunc           300b29e0 f   cg_trails.obj
 0001:000b1c90       _CG_AddTrailJunc           300b2c90 f   cg_trails.obj
 0001:000b2010       _CG_AddTrailToScene        300b3010 f   cg_trails.obj
 0001:000b5650       _CG_AddTrails              300b6650 f   cg_trails.obj
 0001:000b5c20       _CG_ClearTrails            300b6c20 f   cg_trails.obj
 0001:000b5d40       _CG_FreeTrailJunc          300b6d40 f   cg_trails.obj
 0001:000b5ea0       _CG_KillTrail              300b6ea0 f   cg_trails.obj
 0001:000b5ef0       _CG_SpawnTrailJunc         300b6ef0 f   cg_trails.obj
 0001:000b6470       _CG_AdjustZoomVal          300b7470 f   cg_view.obj
 0001:000b7a20       _CG_Concussive             300b8a20 f   cg_view.obj
 0001:000b8460       _CG_DrawActiveFrame        300b9460 f   cg_view.obj
 0001:000b8790       _CG_DrawSkyBoxPortal       300b9790 f   cg_view.obj
 0001:000b92b0       _CG_KickAngles             300ba2b0 f   cg_view.obj
 0001:000bb110       _CG_TestGun_f              300bc110 f   cg_view.obj
 0001:000bb150       _CG_TestModelNextFrame_f   300bc150 f   cg_view.obj
 0001:000bb190       _CG_TestModelNextSkin_f    300bc190 f   cg_view.obj
 0001:000bb1d0       _CG_TestModelPrevFrame_f   300bc1d0 f   cg_view.obj
 0001:000bb220       _CG_TestModelPrevSkin_f    300bc220 f   cg_view.obj
 0001:000bb270       _CG_TestModel_f            300bc270 f   cg_view.obj
 0001:000bb540       _CG_Zoom                   300bc540 f   cg_view.obj
 0001:000bb640       _CG_ZoomIn_f               300bc640 f   cg_view.obj
 0001:000bb760       _CG_ZoomOut_f              300bc760 f   cg_view.obj
 0001:000bba50       _CG_AddBulletParticles     300bca50 f   cg_weapons.obj
 0001:000bbe80       _CG_AddDebris              300bce80 f   cg_weapons.obj
 0001:000bc640       _CG_AddDirtBulletParticles 300bd640 f   cg_weapons.obj
 0001:000bc950       _CG_AddPlayerFoot          300bd950 f   cg_weapons.obj
 0001:000bcfb0       _CG_AddPlayerWeapon        300bdfb0 f   cg_weapons.obj
 0001:000bea10       _CG_AddProtoWeapons        300bfa10 f   cg_weapons.obj
 0001:000beb60       _CG_AddSparks              300bfb60 f   cg_weapons.obj
 0001:000bf150       _CG_AddViewWeapon          300c0150 f   cg_weapons.obj
 0001:000bf970       _CG_AltWeapon_f            300c0970 f   cg_weapons.obj
 0001:000bfb80       _CG_Bullet                 300c0b80 f   cg_weapons.obj
 0001:000c1910       _CG_ClearWeapLerpFrame     300c2910 f   cg_weapons.obj
 0001:000c1980       _CG_ClientDamage           300c2980 f   cg_weapons.obj
 0001:000c1a20       _CG_DrawRealWeapons        300c2a20 f   cg_weapons.obj
 0001:000c1aa0       _CG_DrawTracer             300c2aa0 f   cg_weapons.obj
 0001:000c2690       _CG_DrawWeaponSelect       300c3690 f   cg_weapons.obj
 0001:000c2e60       _CG_FLAKEFX                300c3e60 f   cg_weapons.obj
 0001:000c3a70       _CG_FinishWeaponChange     300c4a70 f   cg_weapons.obj
 0001:000c3b50       _CG_FireWeapon             300c4b50 f   cg_weapons.obj
 0001:000c4310       _CG_GetPartFramesFromWeap  300c5310 f   cg_weapons.obj
 0001:000c4670       _CG_LastWeaponUsed_f       300c5670 f   cg_weapons.obj
 0001:000c4730       _CG_MG42EFX                300c5730 f   cg_weapons.obj
 0001:000c5dd0       _CG_MissileHitPlayer       300c6dd0 f   cg_weapons.obj
 0001:000c5f20       _CG_MissileHitWall         300c6f20 f   cg_weapons.obj
 0001:000c80c0       _CG_MissileHitWallSmall    300c90c0 f   cg_weapons.obj
 0001:000c8620       _CG_MonsterUsingWeapon     300c9620 f   cg_weapons.obj
 0001:000c8670       _CG_MortarEFX              300c9670 f   cg_weapons.obj
 0001:000c8820       _CG_NextWeap               300c9820 f   cg_weapons.obj
 0001:000c8af0       _CG_NextWeaponInBank_f     300c9af0 f   cg_weapons.obj
 0001:000c8b80       _CG_NextWeapon_f           300c9b80 f   cg_weapons.obj
 0001:000c8c50       _CG_OutOfAmmoChange        300c9c50 f   cg_weapons.obj
 0001:000c9c00       _CG_PlaySwitchSound        300cac00 f   cg_weapons.obj
 0001:000c9c90       _CG_PlayerTeslaCoilFire    300cac90 f   cg_weapons.obj
 0001:000cbbb0       _CG_PrevWeap               300ccbb0 f   cg_weapons.obj
 0001:000cbe50       _CG_PrevWeaponInBank_f     300cce50 f   cg_weapons.obj
 0001:000cbee0       _CG_PrevWeapon_f           300ccee0 f   cg_weapons.obj
 0001:000cbfb0       _CG_PyroSmokeTrail         300ccfb0 f   cg_weapons.obj
 0001:000cc7a0       _CG_RailTrail              300cd7a0 f   cg_weapons.obj
 0001:000ccd50       _CG_RailTrail2             300cdd50 f   cg_weapons.obj
 0001:000cd050       _CG_RegisterItemVisuals    300ce050 f   cg_weapons.obj
 0001:000cd2f0       _CG_RegisterWeapon         300ce2f0 f   cg_weapons.obj
 0001:000cf1c0       _CG_RocketTrail            300d01c0 f   cg_weapons.obj
 0001:000cfd20       _CG_SetSniperZoom          300d0d20 f   cg_weapons.obj
 0001:000cff90       _CG_SpawnTracer            300d0f90 f   cg_weapons.obj
 0001:000d0640       _CG_SpearTrail             300d1640 f   cg_weapons.obj
 0001:000d09e0       _CG_Tracer                 300d19e0 f   cg_weapons.obj
 0001:000d0e00       _CG_VenomFire              300d1e00 f   cg_weapons.obj
 0001:000d17b0       _CG_WaterRipple            300d27b0 f   cg_weapons.obj
 0001:000d1aa0       _CG_WeaponBank_f           300d2aa0 f   cg_weapons.obj
 0001:000d1cc0       _CG_WeaponFireRecoil       300d2cc0 f   cg_weapons.obj
 0001:000d21b0       _CG_WeaponIndex            300d31b0 f   cg_weapons.obj
 0001:000d2450       _CG_WeaponSuggest          300d3450 f   cg_weapons.obj
 0001:000d24b0       _CG_Weapon_f               300d34b0 f   cg_weapons.obj
 0001:000d2700       _getEquivWeapon            300d3700 f   cg_weapons.obj
 0001:000d2cc0       ___raise_securityfailure   300d3cc0 f   LIBCMTD:gs_report.obj
 0001:000d2d00       ___report_gsfailure        300d3d00 f   LIBCMTD:gs_report.obj
 0001:000d2e50       ___report_rangecheckfailure 300d3e50 f   LIBCMTD:gs_report.obj
 0001:000d2e60       ___report_securityfailure  300d3e60 f   LIBCMTD:gs_report.obj
 0001:000d2f70       ___report_securityfailureEx 300d3f70 f   LIBCMTD:gs_report.obj
 0001:000d30e0       @__security_check_cookie@4 300d40e0 f   LIBCMTD:_secchk_.obj
 0001:000d3100       __ftol2_sse                300d4100 f   LIBCMTD:_ftol2_.obj
 0001:000d3109       __ftol2_pentium4           300d4109 f   LIBCMTD:_ftol2_.obj
 0001:000d311c       __ftol2_sse_excpt          300d411c f   LIBCMTD:_ftol2_.obj
 0001:000d3140       __ftol2                    300d4140 f   LIBCMTD:_ftol2_.obj
 0001:000d31f0       __chkstk                   300d41f0 f   LIBCMTD:chkstk.obj
 0001:000d31f0       __alloca_probe             300d41f0 f   LIBCMTD:chkstk.obj
 0001:000d37e0       __CRT_INIT@12              300d47e0 f   LIBCMTD:dll_dllmain.obj
 0001:000d3800       __DllMainCRTStartup@12     300d4800 f   LIBCMTD:dll_dllmain.obj
 0001:000d3830       ___isa_available_init      300d4830 f   LIBCMTD:_cpu_disp_.obj
 0001:000d3c50       ___security_init_cookie    300d4c50 f   LIBCMTD:gs_support.obj
 0001:000d3cf0       _DllMain@12                300d4cf0 f   LIBCMTD:dll_dllmain_stub.obj
 0001:000d3d00       ?__scrt_initialize_type_info@@YAXXZ 300d4d00 f   LIBCMTD:tncleanup.obj
 0001:000d3d20       ?__scrt_uninitialize_type_info@@YAXXZ 300d4d20 f   LIBCMTD:tncleanup.obj
 0001:000d3d40       ___local_stdio_scanf_options 300d4d40 f i LIBCMTD:default_local_stdio_options.obj
 0001:000d3d50       ___scrt_initialize_default_local_stdio_options 300d4d50 f   LIBCMTD:default_local_stdio_options.obj
 0001:000d3da0       ??$__crt_fast_decode_pointer@PAP6AXXZ@@YAPAP6AXXZQAP6AXXZ@Z 300d4da0 f i LIBCMTD:utility.obj
 0001:000d3dd0       ??$__crt_fast_encode_pointer@PAP6AXXZ@@YAPAP6AXXZQAP6AXXZ@Z 300d4dd0 f i LIBCMTD:utility.obj
 0001:000d3e10       ?__crt_rotate_pointer_value@@YAIIH@Z 300d4e10 f i LIBCMTD:utility.obj
 0001:000d3e20       ?configure_argv@__scrt_narrow_argv_policy@@SAHXZ 300d4e20 f i LIBCMTD:utility.obj
 0001:000d3ef0       ?initialize_environment@__scrt_narrow_environment_policy@@SAHXZ 300d4ef0 f i LIBCMTD:utility.obj
 0001:000d3f90       _NtCurrentTeb              300d4f90 f i LIBCMTD:utility.obj
 0001:000d3fa0       ___scrt_acquire_startup_lock 300d4fa0 f   LIBCMTD:utility.obj
 0001:000d4000       ___scrt_dllmain_after_initialize_c 300d5000 f   LIBCMTD:utility.obj
 0001:000d4040       ___scrt_dllmain_before_initialize_c 300d5040 f   LIBCMTD:utility.obj
 0001:000d4070       ___scrt_dllmain_crt_thread_attach 300d5070 f   LIBCMTD:utility.obj
 0001:000d40b0       ___scrt_dllmain_crt_thread_detach 300d50b0 f   LIBCMTD:utility.obj
 0001:000d40d0       ___scrt_dllmain_exception_filter 300d50d0 f   LIBCMTD:utility.obj
 0001:000d4130       ___scrt_dllmain_uninitialize_c 300d5130 f   LIBCMTD:utility.obj
 0001:000d4170       ___scrt_dllmain_uninitialize_critical 300d5170 f   LIBCMTD:utility.obj
 0001:000d4190       ___scrt_initialize_crt     300d5190 f   LIBCMTD:utility.obj
 0001:000d41f0       ___scrt_initialize_onexit_tables 300d51f0 f   LIBCMTD:utility.obj
 0001:000d4310       ___scrt_is_nonwritable_in_current_image 300d5310 f   LIBCMTD:utility.obj
 0001:000d4490       ___scrt_release_startup_lock 300d5490 f   LIBCMTD:utility.obj
 0001:000d44c0       ___scrt_uninitialize_crt   300d54c0 f   LIBCMTD:utility.obj
 0001:000d4510       __onexit                   300d5510 f   LIBCMTD:utility.obj
 0001:000d45a0       _at_quick_exit             300d55a0 f   LIBCMTD:utility.obj
 0001:000d4600       _atexit                    300d5600 f   LIBCMTD:utility.obj
 0001:000d4640       ___scrt_get_dyn_tls_init_callback 300d5640 f   LIBCMTD:dyn_tls_init.obj
 0001:000d4650       ___scrt_fastfail           300d5650 f   LIBCMTD:utility_desktop.obj
 0001:000d47e0       ___scrt_get_show_window_mode 300d57e0 f   LIBCMTD:utility_desktop.obj
 0001:000d4830       ___scrt_initialize_winrt   300d5830 f   LIBCMTD:utility_desktop.obj
 0001:000d4840       ___scrt_is_managed_app     300d5840 f   LIBCMTD:utility_desktop.obj
 0001:000d48f0       ___scrt_set_unhandled_exception_filter 300d58f0 f   LIBCMTD:utility_desktop.obj
[...]
 0003:006939c0       _cg_waitForFire            308309c0     <common>
 0003:00693ae0       _cg_missionStats           30830ae0     <common>
 0003:00693c00       _cg_animState              30830c00     <common>
 0003:00693d20       _cg_notebookpages          30830d20     <common>
 0003:00693e40       _cg_notebook               30830e40     <common>
 0003:00693f60       _cg_showAIState            30830f60     <common>
 0003:00694080       _cg_expectedhunkusage      30831080     <common>
 0003:006941a0       _cg_soundAdjust            308311a0     <common>
 0003:006942c0       _cg_hunkUsed               308312c0     <common>
 0003:006943e0       _cg_bluelimbotime          308313e0     <common>
 0003:00694500       _cg_redlimbotime           30831500     <common>
 0003:00694620       _cg_soldierChargeTime      30831620     <common>
 0003:00694740       _cg_LTChargeTime           30831740     <common>
 0003:00694860       _cg_engineerChargeTime     30831860     <common>
 0003:00694980       _cg_medicChargeTime        30831980     <common>
 0003:00694aa0       _cg_reloading              30831aa0     <common>
 0003:00694bc0       _cg_gameSkill              30831bc0     <common>
 0003:00694ce0       _cg_skybox                 30831ce0     <common>
 0003:00694e00       _cg_norender               30831e00     <common>
 0003:00694f20       _cg_bloodTime              30831f20     <common>
 0003:00695040       _cg_gameType               30832040     <common>
 0003:00695160       _cg_wolfparticles          30832160     <common>
 0003:00695280       _cg_currentSelectedPlayerName 30832280     <common>
 0003:006953a0       _cg_currentSelectedPlayer  308323a0     <common>
 0003:006954c0       _cg_blinktime              308324c0     <common>
 0003:006955e0       _cg_bigFont                308325e0     <common>
 0003:00695700       _cg_smallFont              30832700     <common>
 0003:00695820       _cg_cameraMode             30832820     <common>
 0003:00695940       _cg_timescale              30832940     <common>
 0003:00695a60       _cg_timescaleFadeSpeed     30832a60     <common>
 0003:00695b80       _cg_timescaleFadeEnd       30832b80     <common>
 0003:00695ca0       _cg_cameraOrbitDelay       30832ca0     <common>
 0003:00695dc0       _cg_cameraOrbit            30832dc0     <common>
 0003:00695ee0       _pmove_msec                30832ee0     <common>
 0003:00696000       _pmove_fixed               30833000     <common>
 0003:00696120       _cg_smoothClients          30833120     <common>
 0003:00696240       _cg_particleLOD            30833240     <common>
 0003:00696360       _cg_particleDist           30833360     <common>
 0003:00696480       _cg_useSuggestedWeapons    30833480     <common>
 0003:006965a0       _cg_emptyswitch            308335a0     <common>
 0003:006966c0       _cg_autoactivate           308336c0     <common>
 0003:006967e0       _cg_enableBreath           308337e0     <common>
 0003:00696900       _cg_teamChatsOnly          30833900     <common>
 0003:00696a20       _cg_deferPlayers           30833a20     <common>
 0003:00696b40       _cg_predictItems           30833b40     <common>
 0003:00696c60       _cg_blood                  30833c60     <common>
 0003:00696d80       _cg_paused                 30833d80     <common>
 0003:00696ea0       _cg_buildScript            30833ea0     <common>
 0003:00696fc0       _cg_coronas                30833fc0     <common>
 0003:006970e0       _cg_coronafardist          308340e0     <common>
 0003:00697200       _cg_forceModel             30834200     <common>
 0003:00697320       _cg_stats                  30834320     <common>
 0003:00697440       _cg_teamChatHeight         30834440     <common>
 0003:00697560       _cg_teamChatTime           30834560     <common>
 0003:00697680       _cg_synchronousClients     30834680     <common>
 0003:006977a0       _cg_drawAttacker           308347a0     <common>
 0003:006978c0       _cg_lagometer              308348c0     <common>
 0003:006979e0       _cg_stereoSeparation       308349e0     <common>
 0003:00697b00       _cg_thirdPerson            30834b00     <common>
 0003:00697c20       _cg_thirdPersonAngle       30834c20     <common>
 0003:00697d40       _cg_thirdPersonRange       30834d40     <common>
 0003:00697e60       _cg_reticleBrightness      30834e60     <common>
 0003:00697f80       _cg_reticles               30834f80     <common>
 0003:006980a0       _cg_zoomStepFG             308350a0     <common>
 0003:006981c0       _cg_zoomStepSnooper        308351c0     <common>
 0003:006982e0       _cg_zoomStepSniper         308352e0     <common>
 0003:00698400       _cg_zoomStepBinoc          30835400     <common>
 0003:00698520       _cg_zoomDefaultSnooper     30835520     <common>
 0003:00698640       _cg_zoomDefaultFG          30835640     <common>
 0003:00698760       _cg_zoomDefaultSniper      30835760     <common>
 0003:00698880       _cg_zoomDefaultBinoc       30835880     <common>
 0003:006989a0       _cg_zoomFov                308359a0     <common>
 0003:00698ac0       _cg_fov                    30835ac0     <common>
 0003:00698be0       _cg_simpleItems            30835be0     <common>
 0003:00698d00       _cg_ignore                 30835d00     <common>
 0003:00698e20       _cg_autoswitch             30835e20     <common>
 0003:00698f40       _cg_tracerSpeed            30835f40     <common>
 0003:00699060       _cg_tracerLength           30836060     <common>
 0003:00699180       _cg_tracerWidth            30836180     <common>
 0003:006992a0       _cg_tracerChance           308362a0     <common>
 0003:006993c0       _cg_letterbox              308363c0     <common>
 0003:006994e0       _cg_viewsize               308364e0     <common>
 0003:00699600       _cg_hintFadeTime           30836600     <common>
 0003:00699720       _cg_cursorHints            30836720     <common>
 0003:00699840       _cg_drawGamemodels         30836840     <common>
 0003:00699960       _cg_drawFPGun              30836960     <common>
 0003:00699a80       _cg_drawGun                30836a80     <common>
 0003:00699ba0       _cg_gun_z                  30836ba0     <common>
 0003:00699cc0       _cg_gun_y                  30836cc0     <common>
 0003:00699de0       _cg_gun_x                  30836de0     <common>
 0003:00699f00       _cg_gun_frame              30836f00     <common>
 0003:0069a020       _cg_brassTime              30837020     <common>
 0003:0069a140       _cg_markTime               30837140     <common>
 0003:0069a260       _cg_footsteps              30837260     <common>
 0003:0069a380       _cg_showmiss               30837380     <common>
 0003:0069a4a0       _cg_noPlayerAnims          308374a0     <common>
 0003:0069a5c0       _cg_nopredict              308375c0     <common>
 0003:0069a6e0       _cg_errorDecay             308376e0     <common>
 0003:0069a800       _cg_railTrailTime          30837800     <common>
 0003:0069a920       _cg_drawSpreadScale        30837920     <common>
 0003:0069aa40       _cg_debugEvents            30837a40     <common>
 0003:0069ab60       _cg_debugPosition          30837b60     <common>
 0003:0069ac80       _cg_debugAnim              30837c80     <common>
 0003:0069ada0       _cg_animSpeed              30837da0     <common>
 0003:0069aec0       _cg_drawFrags              30837ec0     <common>
 0003:0069afe0       _cg_draw2D                 30837fe0     <common>
 0003:0069b100       _cg_drawStatus             30838100     <common>
 0003:0069b220       _cg_crosshairHealth        30838220     <common>
 0003:0069b340       _cg_crosshairAlpha         30838340     <common>
 0003:0069b460       _cg_crosshairSize          30838460     <common>
 0003:0069b580       _cg_crosshairY             30838580     <common>
 0003:0069b6a0       _cg_crosshairX             308386a0     <common>
 0003:0069b7c0       _cg_drawTeamOverlay        308387c0     <common>
 0003:0069b8e0       _cg_drawRewards            308388e0     <common>
 0003:0069ba00       _cg_drawAllWeaps           30838a00     <common>
 0003:0069bb20       _cg_cycleAllWeaps          30838b20     <common>
 0003:0069bc40       _cg_weaponCycleDelay       30838c40     <common>
 0003:0069bd60       _cg_useWeapsForZoom        30838d60     <common>
 0003:0069be80       _cg_hudAlpha               30838e80     <common>
 0003:0069bfa0       _cg_drawCrosshairPickups   30838fa0     <common>
 0003:0069c0c0       _cg_drawCrosshairNames     308390c0     <common>
 0003:0069c1e0       _cg_drawCrosshair          308391e0     <common>
 0003:0069c300       _cg_drawAmmoWarning        30839300     <common>
 0003:0069c420       _cg_youGotMail             30839420     <common>
 0003:0069c540       _cg_drawIcons              30839540     <common>
 0003:0069c660       _cg_draw3dIcons            30839660     <common>
 0003:0069c780       _cg_drawSnapshot           30839780     <common>
 0003:0069c8a0       _cg_drawFPS                308398a0     <common>
 0003:0069c9c0       _cg_drawTimer              308399c0     <common>
 0003:0069cae0       _cg_gibs                   30839ae0     <common>
 0003:0069cc00       _cg_shadows                30839c00     <common>
 0003:0069cd20       _cg_swingSpeed             30839d20     <common>
 0003:0069ce40       _cg_bobroll                30839e40     <common>
 0003:0069cf60       _cg_bobpitch               30839f60     <common>
 0003:0069d080       _cg_bobup                  3083a080     <common>
 0003:0069d1a0       _cg_runroll                3083a1a0     <common>
 0003:0069d2c0       _cg_runpitch               3083a2c0     <common>
 0003:0069d3e0       _cg_centertime             3083a3e0     <common>
 0003:0069d500       _cg_items                  3083a500     <common>
 0003:0069fd00       _cg_weapons                3083cd00     <common>
 0003:006bbc00       _cg_entities               30858c00     <common>
 0003:00a9fc20       _cg                        30c3cc20     <common>
 0003:00ac9340       _cgs                       30c66340     <common>
 0003:00af1ac0       _mp_itemDesc               30c8eac0     <common>
 0003:00af1be0       _mp_pistol                 30c8ebe0     <common>
 0003:00af1d00       _mp_team                   30c8ed00     <common>
 0003:00af1e20       _cg_hudFiles               30c8ee20     <common>
 0003:00af1f40       _cgDC                      30c8ef40     <common>
 0003:00b07e78       _cg_freeLocalEntities      30ca4e78     <common>
 0003:00b1a160       _cg_activeLocalEntities    30cb7160     <common>
 0003:00b1a360       _cg_localEntities          30cb7360     <common>
 0003:00b74f60       _teamChat2                 30d11f60     <common>
 0003:00b75240       _teamChat1                 30d12240     <common>
 0003:00b75340       _systemChat                30d12340     <common>
 0003:00b75440       _numSortedTeamPlayers      30d12440     <common>
 0003:00b75460       _sortedTeamPlayers         30d12460     <common>
 0003:00b75480       _lagometer                 30d12480     <common>
 0003:00b75aa0       _cameraInuse               30d12aa0     <common>
 0003:00b75be0       _itemParseKeywordHash      30d12be0     <common>
 0003:00b7dae0       _g_nameBind2               30d1aae0     <common>
 0003:00b7db00       _g_nameBind1               30d1ab00     <common>
 0003:00b7db20       _menuParseKeywordHash      30d1ab20     <common>
 0003:00b7e320       _menuStack                 30d1b320     <common>
 0003:00b7e360       _Menus                     30d1b360     <common>
 0003:00ba2560       _laddervec                 30d3f560     <common>
 0003:00ba2598       _ladderforward             30d3f598     <common>
 0003:00ba259c       _bg_pmove_gameskill_integer 30d3f59c     <common>
 0003:00ba25a0       _pml                       30d3f5a0     <common>
 0003:00ba2630       _pm                        30d3f630     <common>
 0003:00ba2638       ?_OptionsStorage@?1??__local_stdio_printf_options@@9@9 30d3f638     <common>
 0003:00ba2680       _weaponStrings             30d3f680     <common>
 0003:00ba2780       ___scrt_ucrt_dll_is_in_use 30d3f780     <common>
 0003:00ba278c       ___dyn_tls_init_callback   30d3f78c     <common>
 0003:00ba2798       __pmatherr                 30d3f798     <common>
 0003:00ba27a4       ___use_sse2_mathfcns       30d3f7a4     <common>
 0004:00000000       __imp__UnhandledExceptionFilter@4 30d40000     kernel32:KERNEL32.dll
 0004:00000004       __imp__SetUnhandledExceptionFilter@4 30d40004     kernel32:KERNEL32.dll
 0004:00000008       __imp__GetCurrentProcess@0 30d40008     kernel32:KERNEL32.dll
 0004:0000000c       __imp__TerminateProcess@8  30d4000c     kernel32:KERNEL32.dll
 0004:00000010       __imp__IsProcessorFeaturePresent@4 30d40010     kernel32:KERNEL32.dll
 0004:00000014       __imp__QueryPerformanceCounter@4 30d40014     kernel32:KERNEL32.dll
 0004:00000018       __imp__GetCurrentProcessId@0 30d40018     kernel32:KERNEL32.dll
 0004:0000001c       __imp__GetCurrentThreadId@0 30d4001c     kernel32:KERNEL32.dll
 0004:00000020       __imp__GetSystemTimeAsFileTime@4 30d40020     kernel32:KERNEL32.dll
 0004:00000024       __imp__InitializeSListHead@4 30d40024     kernel32:KERNEL32.dll
 0004:00000028       __imp__IsDebuggerPresent@0 30d40028     kernel32:KERNEL32.dll
 0004:0000002c       __imp__GetStartupInfoW@4   30d4002c     kernel32:KERNEL32.dll
 0004:00000030       __imp__GetModuleHandleW@4  30d40030     kernel32:KERNEL32.dll
 0004:00000034       __imp__InterlockedPushEntrySList@8 30d40034     kernel32:KERNEL32.dll
 0004:00000038       __imp__InterlockedFlushSList@4 30d40038     kernel32:KERNEL32.dll
 0004:0000003c       __imp__RtlUnwind@16        30d4003c     kernel32:KERNEL32.dll
 0004:00000040       __imp__GetLastError@0      30d40040     kernel32:KERNEL32.dll
 0004:00000044       __imp__SetLastError@4      30d40044     kernel32:KERNEL32.dll
 0004:00000048       __imp__EnterCriticalSection@4 30d40048     kernel32:KERNEL32.dll
 0004:0000004c       __imp__LeaveCriticalSection@4 30d4004c     kernel32:KERNEL32.dll
 0004:00000050       __imp__DeleteCriticalSection@4 30d40050     kernel32:KERNEL32.dll
 0004:00000054       __imp__InitializeCriticalSectionAndSpinCount@8 30d40054     kernel32:KERNEL32.dll
 0004:00000058       __imp__TlsAlloc@0          30d40058     kernel32:KERNEL32.dll
 0004:0000005c       __imp__TlsGetValue@4       30d4005c     kernel32:KERNEL32.dll
 0004:00000060       __imp__TlsSetValue@8       30d40060     kernel32:KERNEL32.dll
 0004:00000064       __imp__TlsFree@4           30d40064     kernel32:KERNEL32.dll
 0004:00000068       __imp__FreeLibrary@4       30d40068     kernel32:KERNEL32.dll
 0004:0000006c       __imp__GetProcAddress@8    30d4006c     kernel32:KERNEL32.dll
 0004:00000070       __imp__LoadLibraryExW@12   30d40070     kernel32:KERNEL32.dll
 0004:00000074       __imp__ExitProcess@4       30d40074     kernel32:KERNEL32.dll
 0004:00000078       __imp__GetModuleHandleExW@12 30d40078     kernel32:KERNEL32.dll
 0004:0000007c       __imp__GetModuleFileNameA@12 30d4007c     kernel32:KERNEL32.dll
 0004:00000080       __imp__GetModuleFileNameW@12 30d40080     kernel32:KERNEL32.dll
 0004:00000084       __imp__MultiByteToWideChar@24 30d40084     kernel32:KERNEL32.dll
 0004:00000088       __imp__WideCharToMultiByte@32 30d40088     kernel32:KERNEL32.dll
 0004:0000008c       __imp__HeapAlloc@12        30d4008c     kernel32:KERNEL32.dll
 0004:00000090       __imp__HeapValidate@12     30d40090     kernel32:KERNEL32.dll
 0004:00000094       __imp__GetSystemInfo@4     30d40094     kernel32:KERNEL32.dll
 0004:00000098       __imp__GetCurrentThread@0  30d40098     kernel32:KERNEL32.dll
 0004:0000009c       __imp__GetACP@0            30d4009c     kernel32:KERNEL32.dll
 0004:000000a0       __imp__GetStdHandle@4      30d400a0     kernel32:KERNEL32.dll
 0004:000000a4       __imp__GetFileType@4       30d400a4     kernel32:KERNEL32.dll
 0004:000000a8       __imp__GetStringTypeW@16   30d400a8     kernel32:KERNEL32.dll
 0004:000000ac       __imp__RaiseException@16   30d400ac     kernel32:KERNEL32.dll
 0004:000000b0       __imp__EncodePointer@4     30d400b0     kernel32:KERNEL32.dll
 0004:000000b4       __imp__DecodePointer@4     30d400b4     kernel32:KERNEL32.dll
 0004:000000b8       __imp__GetDateFormatW@24   30d400b8     kernel32:KERNEL32.dll
 0004:000000bc       __imp__GetTimeFormatW@24   30d400bc     kernel32:KERNEL32.dll
 0004:000000c0       __imp__CompareStringW@24   30d400c0     kernel32:KERNEL32.dll
 0004:000000c4       __imp__LCMapStringW@24     30d400c4     kernel32:KERNEL32.dll
 0004:000000c8       __imp__GetLocaleInfoW@16   30d400c8     kernel32:KERNEL32.dll
 0004:000000cc       __imp__IsValidLocale@8     30d400cc     kernel32:KERNEL32.dll
 0004:000000d0       __imp__GetUserDefaultLCID@0 30d400d0     kernel32:KERNEL32.dll
 0004:000000d4       __imp__EnumSystemLocalesW@8 30d400d4     kernel32:KERNEL32.dll
 0004:000000d8       __imp__FindClose@4         30d400d8     kernel32:KERNEL32.dll
 0004:000000dc       __imp__FindFirstFileExA@24 30d400dc     kernel32:KERNEL32.dll
 0004:000000e0       __imp__FindFirstFileExW@24 30d400e0     kernel32:KERNEL32.dll
 0004:000000e4       __imp__FindNextFileA@8     30d400e4     kernel32:KERNEL32.dll
 0004:000000e8       __imp__FindNextFileW@8     30d400e8     kernel32:KERNEL32.dll
 0004:000000ec       __imp__IsValidCodePage@4   30d400ec     kernel32:KERNEL32.dll
 0004:000000f0       __imp__GetOEMCP@0          30d400f0     kernel32:KERNEL32.dll
 0004:000000f4       __imp__GetCPInfo@8         30d400f4     kernel32:KERNEL32.dll
 0004:000000f8       __imp__GetCommandLineA@0   30d400f8     kernel32:KERNEL32.dll
 0004:000000fc       __imp__GetCommandLineW@0   30d400fc     kernel32:KERNEL32.dll
 0004:00000100       __imp__GetEnvironmentStringsW@0 30d40100     kernel32:KERNEL32.dll
 0004:00000104       __imp__FreeEnvironmentStringsW@4 30d40104     kernel32:KERNEL32.dll
 0004:00000108       __imp__SetEnvironmentVariableA@8 30d40108     kernel32:KERNEL32.dll
 0004:0000010c       __imp__SetEnvironmentVariableW@8 30d4010c     kernel32:KERNEL32.dll
 0004:00000110       __imp__GetProcessHeap@0    30d40110     kernel32:KERNEL32.dll
 0004:00000114       __imp__SetConsoleCtrlHandler@8 30d40114     kernel32:KERNEL32.dll
 0004:00000118       __imp__HeapFree@12         30d40118     kernel32:KERNEL32.dll
 0004:0000011c       __imp__HeapReAlloc@16      30d4011c     kernel32:KERNEL32.dll
 0004:00000120       __imp__HeapSize@12         30d40120     kernel32:KERNEL32.dll
 0004:00000124       __imp__HeapQueryInformation@20 30d40124     kernel32:KERNEL32.dll
 0004:00000128       __imp__WriteFile@20        30d40128     kernel32:KERNEL32.dll
 0004:0000012c       __imp__OutputDebugStringA@4 30d4012c     kernel32:KERNEL32.dll
 0004:00000130       __imp__OutputDebugStringW@4 30d40130     kernel32:KERNEL32.dll
 0004:00000134       __imp__WriteConsoleW@20    30d40134     kernel32:KERNEL32.dll
 0004:00000138       __imp__CloseHandle@4       30d40138     kernel32:KERNEL32.dll
 0004:0000013c       __imp__WaitForSingleObjectEx@12 30d4013c     kernel32:KERNEL32.dll
 0004:00000140       __imp__CreateThread@24     30d40140     kernel32:KERNEL32.dll
 0004:00000144       __imp__SetStdHandle@8      30d40144     kernel32:KERNEL32.dll
 0004:00000148       __imp__GetConsoleCP@0      30d40148     kernel32:KERNEL32.dll
 0004:0000014c       __imp__GetConsoleMode@8    30d4014c     kernel32:KERNEL32.dll
 0004:00000150       __imp__SetFilePointerEx@20 30d40150     kernel32:KERNEL32.dll
 0004:00000154       __imp__FlushFileBuffers@4  30d40154     kernel32:KERNEL32.dll
 0004:00000158       __imp__CreateFileW@28      30d40158     kernel32:KERNEL32.dll
 0004:0000015c       \177KERNEL32_NULL_THUNK_DATA 30d4015c     kernel32:KERNEL32.dll
 0004:000001cc       __IMPORT_DESCRIPTOR_KERNEL32 30d401cc     kernel32:KERNEL32.dll
 0004:000001e0       __NULL_IMPORT_DESCRIPTOR   30d401e0     kernel32:KERNEL32.dll
 0005:00000000       ___guard_check_icall_fptr  30d41000     LIBCMTD:guard_support.obj
