 extractfuncs

 Timestamp is 5aa4dca4 (Sun Mar 11 01:37:08 2018)

 Preferred load address is 00400000

 Start         Length     Name                   Class
 0001:00000000 000af320H .text$mn                CODE
 0001:000af320 000010e8H .text$x                 CODE
 0002:00000000 00000104H .CRT$XCA                DATA
 0002:00000104 00000104H .CRT$XCAA               DATA
 0002:00000208 00000104H .CRT$XCZ                DATA
 0002:0000030c 00000104H .CRT$XIA                DATA
 0002:00000410 00000104H .CRT$XIAA               DATA
 0002:00000514 00000104H .CRT$XIAC               DATA
 0002:00000618 00000114H .CRT$XIC                DATA
 0002:0000072c 00000104H .CRT$XIZ                DATA
 0002:00000830 00000104H .CRT$XPA                DATA
 0002:00000934 0000010cH .CRT$XPX                DATA
 0002:00000a40 00000104H .CRT$XPXA               DATA
 0002:00000b44 00000104H .CRT$XPZ                DATA
 0002:00000c48 00000104H .CRT$XTA                DATA
 0002:00000d4c 00000104H .CRT$XTZ                DATA
 0002:00000e50 00023428H .rdata                  DATA
 0002:00024278 00000448H .rdata$r                DATA
 0002:000246c0 0000012cH .rdata$sxdata           DATA
 0002:000247ec 0000019cH .rdata$zzzdbg           DATA
 0002:00024988 00000104H .rtc$IAA                DATA
 0002:00024a8c 00000104H .rtc$IZZ                DATA
 0002:00024b90 00000104H .rtc$TAA                DATA
 0002:00024c94 00000104H .rtc$TZZ                DATA
 0002:00024d98 000010b8H .xdata$x                DATA
 0002:00025e50 00000000H .edata                  DATA
 0003:00000000 00001128H .data                   DATA
 0003:00001128 00000258H .data$r                 DATA
 0003:00001380 00016164H .bss                    DATA
 0004:00000000 000001ecH .idata$5                DATA
 0004:000001ec 00000014H .idata$2                DATA
 0004:00000200 00000014H .idata$3                DATA
 0004:00000214 000001ecH .idata$4                DATA
 0004:00000400 000008aaH .idata$6                DATA
 0005:00000000 00000104H .00cfg                  DATA
 0006:00000000 00000170H .rsrc$01                DATA
 0006:00000170 000002ccH .rsrc$02                DATA

  Address         Publics by Value              Rva+Base       Lib:Object

 0000:00000000       ___enclave_config          00000000     <absolute>
 0000:00000000       ___guard_longjmp_table     00000000     <absolute>
 0000:00000000       ___guard_fids_count        00000000     <absolute>
 0000:00000000       ___hybrid_code_map         00000000     <absolute>
 0000:00000000       ___guard_iat_table         00000000     <absolute>
 0000:00000000       ___hybrid_code_map_count   00000000     <absolute>
 0000:00000000       ___guard_iat_count         00000000     <absolute>
 0000:00000000       ___guard_fids_table        00000000     <absolute>
 0000:00000000       ___hybrid_auxiliary_iat    00000000     <absolute>
 0000:00000000       ___guard_longjmp_count     00000000     <absolute>
 0000:00000000       __except_list              00000000     <absolute>
 0000:00000000       ___dynamic_value_reloc_table 00000000     <absolute>
 0000:00000009       ___safe_se_handler_count   00000009     <absolute>
 0000:00000100       ___guard_flags             00000100     <absolute>
 0000:00000000       ___ImageBase               00400000     <linker-defined>
 0001:00006b00       _AddFunctionName           00407b00 f   extractfuncs.obj
 0001:00006ce0       _AddTokenToList            00407ce0 f   extractfuncs.obj
 0001:00006d60       _ConcatDec                 00407d60 f   extractfuncs.obj
 0001:00006dd0       _DumpReplaceFunctions      00407dd0 f   extractfuncs.obj
 0001:000075e0       _Error                     004085e0 f   extractfuncs.obj
 0001:00007630       _FindFunctionName          00408630 f   extractfuncs.obj
 0001:00007690       _GetFunctionNamesFromFile  00408690 f   extractfuncs.obj
 0001:00007ae0       _MayScrewUp                00408ae0 f   extractfuncs.obj
 0001:00007b60       _ScrewUpFile               00408b60 f   extractfuncs.obj
 0001:00007d30       _StripTokenList            00408d30 f   extractfuncs.obj
 0001:00007dc0       _WriteString               00408dc0 f   extractfuncs.obj
 0001:00007e20       _WriteWhiteSpace           00408e20 f   extractfuncs.obj
 0001:00007e90       ___local_stdio_printf_options 00408e90 f i extractfuncs.obj
 0001:00007eb0       __vfprintf_l               00408eb0 f i extractfuncs.obj
 0001:00007f00       __vsnprintf_l              00408f00 f i extractfuncs.obj
 0001:00007f70       __vsprintf_l               00408f70 f i extractfuncs.obj
 0001:00007fb0       _main                      00408fb0 f   extractfuncs.obj
 0001:000080e0       _printf                    004090e0 f i extractfuncs.obj
 0001:00008130       _sprintf                   00409130 f i extractfuncs.obj
 0001:00008180       _vprintf                   00409180 f i extractfuncs.obj
 0001:000081c0       _Log_Close                 004091c0 f   l_log.obj
 0001:00008230       _Log_FileStruct            00409230 f   l_log.obj
 0001:00008250       _Log_Flush                 00409250 f   l_log.obj
 0001:00008280       _Log_Open                  00409280 f   l_log.obj
 0001:00008340       _Log_Print                 00409340 f   l_log.obj
 0001:000083d0       _Log_Shutdown              004093d0 f   l_log.obj
 0001:00008400       _Log_Write                 00409400 f   l_log.obj
 0001:00008460       _Log_WriteTimeStamped      00409460 f   l_log.obj
 0001:000084d0       _vfprintf                  004094d0 f i l_log.obj
 0001:00008500       _FreeMemory                00409500 f   l_memory.obj
 0001:00008540       _GetClearedHunkMemory      00409540 f   l_memory.obj
 0001:00008590       _GetClearedMemory          00409590 f   l_memory.obj
 0001:000085e0       _GetHunkMemory             004095e0 f   l_memory.obj
 0001:00008640       _GetMemory                 00409640 f   l_memory.obj
 0001:000086a0       _PrintMemoryLabels         004096a0 f   l_memory.obj
 0001:000086c0       _PrintUsedMemorySize       004096c0 f   l_memory.obj
 0001:000086e0       _PC_Directive_define       004096e0 f   l_precomp.obj
 0001:00008d50       _PC_Directive_ifdef        00409d50 f   l_precomp.obj
 0001:00008d80       _PC_Directive_ifndef       00409d80 f   l_precomp.obj
 0001:00008db0       _PC_Directive_else         00409db0 f   l_precomp.obj
 0001:00008e60       _PC_Directive_endif        00409e60 f   l_precomp.obj
 0001:00008ec0       _PC_Directive_elif         00409ec0 f   l_precomp.obj
 0001:00008f80       _PC_Directive_if           00409f80 f   l_precomp.obj
 0001:00009000       _PC_Directive_line         0040a000 f   l_precomp.obj
 0001:00009030       _PC_Directive_error        0040a030 f   l_precomp.obj
 0001:000090c0       _PC_Directive_pragma       0040a0c0 f   l_precomp.obj
 0001:00009130       _PC_Directive_eval         0040a130 f   l_precomp.obj
 0001:00009250       _PC_Directive_evalfloat    0040a250 f   l_precomp.obj
 0001:00009380       _PC_DollarDirective_evalint 0040a380 f   l_precomp.obj
 0001:000094b0       _PC_DollarDirective_evalfloat 0040a4b0 f   l_precomp.obj
 0001:000095f0       _PC_Directive_include      0040a5f0 f   l_precomp.obj
 0001:00009900       _PC_Directive_undef        0040a900 f   l_precomp.obj
 0001:00009b10       _FreeSource                0040ab10 f   l_precomp.obj
 0001:00009cd0       _LoadSourceFile            0040acd0 f   l_precomp.obj
 0001:00009df0       _LoadSourceMemory          0040adf0 f   l_precomp.obj
 0001:00009f10       _PC_AddBuiltinDefines      0040af10 f   l_precomp.obj
 0001:0000a070       _PC_AddDefine              0040b070 f   l_precomp.obj
 0001:0000a0d0       _PC_AddDefineToHash        0040b0d0 f   l_precomp.obj
 0001:0000a120       _PC_AddGlobalDefine        0040b120 f   l_precomp.obj
 0001:0000a180       _PC_AddGlobalDefinesToSource 0040b180 f   l_precomp.obj
 0001:0000a1f0       _PC_CheckTokenString       0040b1f0 f   l_precomp.obj
 0001:0000a290       _PC_CheckTokenType         0040b290 f   l_precomp.obj
 0001:0000a340       _PC_ClearTokenWhiteSpace   0040b340 f   l_precomp.obj
 0001:0000a390       _PC_ConvertPath            0040b390 f   l_precomp.obj
 0001:0000a460       _PC_CopyDefine             0040b460 f   l_precomp.obj
 0001:0000a620       _PC_CopyToken              0040b620 f   l_precomp.obj
 0001:0000a6b0       _PC_DefineFromString       0040b6b0 f   l_precomp.obj
 0001:0000a8b0       _PC_Directive_if_def       0040b8b0 f   l_precomp.obj
 0001:0000aa40       _PC_DollarEvaluate         0040ba40 f   l_precomp.obj
 0001:0000aeb0       _PC_Evaluate               0040beb0 f   l_precomp.obj
 0001:0000b280       _PC_EvaluateTokens         0040c280 f   l_precomp.obj
 0001:0000c660       _PC_ExpandBuiltinDefine    0040d660 f   l_precomp.obj
 0001:0000c9d0       _PC_ExpandDefine           0040d9d0 f   l_precomp.obj
 0001:0000cfd0       _PC_ExpandDefineIntoSource 0040dfd0 f   l_precomp.obj
 0001:0000d050       _PC_ExpectAnyToken         0040e050 f   l_precomp.obj
 0001:0000d0a0       _PC_ExpectTokenString      0040e0a0 f   l_precomp.obj
 0001:0000d160       _PC_ExpectTokenType        0040e160 f   l_precomp.obj
 0001:0000d490       _PC_FindDefine             0040e490 f   l_precomp.obj
 0001:0000d4f0       _PC_FindDefineParm         0040e4f0 f   l_precomp.obj
 0001:0000d570       _PC_FindHashedDefine       0040e570 f   l_precomp.obj
 0001:0000d5f0       _PC_FreeDefine             0040e5f0 f   l_precomp.obj
 0001:0000d690       _PC_FreeToken              0040e690 f   l_precomp.obj
 0001:0000d6d0       _PC_InitTokenHeap          0040e6d0 f   l_precomp.obj
 0001:0000d6f0       _PC_MergeTokens            0040e6f0 f   l_precomp.obj
 0001:0000d7b0       _PC_NameHash               0040e7b0 f   l_precomp.obj
 0001:0000d840       _PC_OperatorPriority       0040e840 f   l_precomp.obj
 0001:0000da00       _PC_PopIndent              0040ea00 f   l_precomp.obj
 0001:0000dad0       _PC_PrintDefineHashTable   0040ead0 f   l_precomp.obj
 0001:0000db70       _PC_PushIndent             0040eb70 f   l_precomp.obj
 0001:0000dc20       _PC_PushScript             0040ec20 f   l_precomp.obj
 0001:0000dcc0       _PC_ReadDefineParms        0040ecc0 f   l_precomp.obj
 0001:0000e0f0       _PC_ReadDirective          0040f0f0 f   l_precomp.obj
 0001:0000e240       _PC_ReadDollarDirective    0040f240 f   l_precomp.obj
 0001:0000e3b0       _PC_ReadLine               0040f3b0 f   l_precomp.obj
 0001:0000e440       _PC_ReadSourceToken        0040f440 f   l_precomp.obj
 0001:0000e5e0       _PC_ReadToken              0040f5e0 f   l_precomp.obj
 0001:0000e780       _PC_RemoveAllGlobalDefines 0040f780 f   l_precomp.obj
 0001:0000e7e0       _PC_RemoveGlobalDefine     0040f7e0 f   l_precomp.obj
 0001:0000e840       _PC_SetIncludePath         0040f840 f   l_precomp.obj
 0001:0000e8f0       _PC_SetPunctuations        0040f8f0 f   l_precomp.obj
 0001:0000e920       _PC_SkipUntilString        0040f920 f   l_precomp.obj
 0001:0000e9a0       _PC_StringizeTokens        0040f9a0 f   l_precomp.obj
 0001:0000eaa0       _PC_UnreadLastToken        0040faa0 f   l_precomp.obj
 0001:0000ead0       _PC_UnreadSourceToken      0040fad0 f   l_precomp.obj
 0001:0000eb30       _PC_UnreadToken            0040fb30 f   l_precomp.obj
 0001:0000eb60       _PC_WhiteSpaceBeforeToken  0040fb60 f   l_precomp.obj
 0001:0000ebb0       _Q_stricmp                 0040fbb0 f   l_precomp.obj
 0001:0000ebe0       _Q_stricmpn                0040fbe0 f   l_precomp.obj
 0001:0000ecc0       _Q_strlwr                  0040fcc0 f   l_precomp.obj
 0001:0000ed20       _Q_strncmp                 0040fd20 f   l_precomp.obj
 0001:0000edc0       _Q_strncpyz                0040fdc0 f   l_precomp.obj
 0001:0000ee30       _Q_strupr                  0040fe30 f   l_precomp.obj
 0001:0000ee90       _SourceError               0040fe90 f   l_precomp.obj
 0001:0000ef00       _SourceWarning             0040ff00 f   l_precomp.obj
 0001:0000ef70       _UnreadSignToken           0040ff70 f   l_precomp.obj
 0001:0000f090       _vsprintf                  00410090 f i l_precomp.obj
 0001:0000f0d0       _EndOfScript               004100d0 f   l_script.obj
 0001:0000f120       _FileLength                00410120 f   l_script.obj
 0001:0000f190       _FreeScript                00410190 f   l_script.obj
 0001:0000f1e0       _GetScriptFlags            004101e0 f   l_script.obj
 0001:0000f200       _LoadScriptFile            00410200 f   l_script.obj
 0001:0000f3c0       _LoadScriptMemory          004103c0 f   l_script.obj
 0001:0000f510       _NumLinesCrossed           00410510 f   l_script.obj
 0001:0000f540       _NumberValue               00410540 f   l_script.obj
 0001:0000f8f0       _PS_CheckTokenString       004108f0 f   l_script.obj
 0001:0000f990       _PS_CheckTokenType         00410990 f   l_script.obj
 0001:0000fa40       _PS_CreatePunctuationTable 00410a40 f   l_script.obj
 0001:0000fc00       _PS_ExpectAnyToken         00410c00 f   l_script.obj
 0001:0000fc50       _PS_ExpectTokenString      00410c50 f   l_script.obj
 0001:0000fd10       _PS_ExpectTokenType        00410d10 f   l_script.obj
 0001:00010080       _PS_NextWhiteSpaceChar     00411080 f   l_script.obj
 0001:000100f0       _PS_ReadEscapeCharacter    004110f0 f   l_script.obj
 0001:00010510       _PS_ReadLiteral            00411510 f   l_script.obj
 0001:00010750       _PS_ReadName               00411750 f   l_script.obj
 0001:00010880       _PS_ReadNumber             00411880 f   l_script.obj
 0001:00010f00       _PS_ReadPrimitive          00411f00 f   l_script.obj
 0001:00010ff0       _PS_ReadPunctuation        00411ff0 f   l_script.obj
 0001:00011110       _PS_ReadString             00412110 f   l_script.obj
 0001:00011440       _PS_ReadToken              00412440 f   l_script.obj
 0001:000117c0       _PS_ReadWhiteSpace         004127c0 f   l_script.obj
 0001:00011aa0       _PS_SkipUntilString        00412aa0 f   l_script.obj
 0001:00011b20       _PS_UnreadLastToken        00412b20 f   l_script.obj
 0001:00011b50       _PS_UnreadToken            00412b50 f   l_script.obj
 0001:00011ba0       _PunctuationFromNum        00412ba0 f   l_script.obj
 0001:00011c20       _ReadSignedFloat           00412c20 f   l_script.obj
 0001:00011d20       _ReadSignedInt             00412d20 f   l_script.obj
 0001:00011e00       _ResetScript               00412e00 f   l_script.obj
 0001:00011eb0       _ScriptError               00412eb0 f   l_script.obj
 0001:00011f30       _ScriptSkipTo              00412f30 f   l_script.obj
 0001:00011ff0       _ScriptWarning             00412ff0 f   l_script.obj
 0001:00012070       _SetScriptFlags            00413070 f   l_script.obj
 0001:000120a0       _SetScriptPunctuations     004130a0 f   l_script.obj
 0001:00012110       _StripDoubleQuotes         00413110 f   l_script.obj
 0001:00012190       _StripSingleQuotes         00413190 f   l_script.obj
 0001:00012201       _FindFirstFileA@8          00413201 f   kernel32:KERNEL32.dll
 0001:00012207       _FindNextFileA@8           00413207 f   kernel32:KERNEL32.dll
 0001:00012210       @__security_check_cookie@4 00413210 f   LIBCMTD:_secchk_.obj
 0001:00012230       __ftoui3                   00413230 f   LIBCMTD:_ftol3_.obj
 0001:0001223f       __ftoul3                   0041323f f   LIBCMTD:_ftol3_.obj
 0001:0001224e       __ftol3                    0041324e f   LIBCMTD:_ftol3_.obj
 0001:0001225b       __ftol3_NaN                0041325b f   LIBCMTD:_ftol3_.obj
 0001:00012273       __ftol3_work               00413273 f   LIBCMTD:_ftol3_.obj
 0001:000122f9       __ftol3_common             004132f9 f   LIBCMTD:_ftol3_.obj
 0001:000123bb       __ftol3_arg_error          004133bb f   LIBCMTD:_ftol3_.obj
 0001:000123cd       __ftol3_except             004133cd f   LIBCMTD:_ftol3_.obj
 0001:00012411       __dtoui3                   00413411 f   LIBCMTD:_ftol3_.obj
 0001:00012420       __dtoul3                   00413420 f   LIBCMTD:_ftol3_.obj
 0001:0001242f       __dtol3                    0041342f f   LIBCMTD:_ftol3_.obj
 0001:0001243c       __dtol3_NaN                0041343c f   LIBCMTD:_ftol3_.obj
 0001:00012459       __dtol3_work               00413459 f   LIBCMTD:_ftol3_.obj
 0001:00012540       __ultod3                   00413540 f   LIBCMTD:_ftol3_.obj
 0001:00012580       __ltod3                    00413580 f   LIBCMTD:_ftol3_.obj
 0001:00012a40       ?configure_argv@__scrt_narrow_argv_policy@@SAHXZ 00413a40 f i LIBCMTD:exe_main.obj
 0001:00012a60       ?initialize_environment@__scrt_narrow_environment_policy@@SAHXZ 00413a60 f i LIBCMTD:exe_main.obj
 0001:00012aa0       ?set_app_type@__scrt_main_policy@@SAXXZ 00413aa0 f i LIBCMTD:exe_main.obj
 0001:00012ac0       ?set_commode@__scrt_file_policy@@SAXXZ 00413ac0 f i LIBCMTD:exe_main.obj
 0001:00012ae0       ?set_fmode@__scrt_file_policy@@SAXXZ 00413ae0 f i LIBCMTD:exe_main.obj
 0001:00012b00       _mainCRTStartup            00413b00 f   LIBCMTD:exe_main.obj
 0001:00012b10       ___raise_securityfailure   00413b10 f   LIBCMTD:gs_report.obj
 0001:00012b50       ___report_gsfailure        00413b50 f   LIBCMTD:gs_report.obj
 0001:00012ca0       ___report_rangecheckfailure 00413ca0 f   LIBCMTD:gs_report.obj
 0001:00012cb0       ___report_securityfailure  00413cb0 f   LIBCMTD:gs_report.obj
 0001:00012dc0       ___report_securityfailureEx 00413dc0 f   LIBCMTD:gs_report.obj
 0001:00012f30       ??$__crt_fast_decode_pointer@PAP6AXXZ@@YAPAP6AXXZQAP6AXXZ@Z 00413f30 f i LIBCMTD:utility.obj
 0001:00012f60       ??$__crt_fast_encode_pointer@PAP6AXXZ@@YAPAP6AXXZQAP6AXXZ@Z 00413f60 f i LIBCMTD:utility.obj
 0001:00012fa0       ?__crt_rotate_pointer_value@@YAIIH@Z 00413fa0 f i LIBCMTD:utility.obj
 0001:000130f0       _NtCurrentTeb              004140f0 f i LIBCMTD:utility.obj
 0001:00013100       ___scrt_acquire_startup_lock 00414100 f   LIBCMTD:utility.obj
 0001:00013160       ___scrt_dllmain_after_initialize_c 00414160 f   LIBCMTD:utility.obj
 0001:000131a0       ___scrt_dllmain_before_initialize_c 004141a0 f   LIBCMTD:utility.obj
 0001:000131d0       ___scrt_dllmain_crt_thread_attach 004141d0 f   LIBCMTD:utility.obj
 0001:00013210       ___scrt_dllmain_crt_thread_detach 00414210 f   LIBCMTD:utility.obj
 0001:00013230       ___scrt_dllmain_exception_filter 00414230 f   LIBCMTD:utility.obj
 0001:00013290       ___scrt_dllmain_uninitialize_c 00414290 f   LIBCMTD:utility.obj
 0001:000132d0       ___scrt_dllmain_uninitialize_critical 004142d0 f   LIBCMTD:utility.obj
 0001:000132f0       ___scrt_initialize_crt     004142f0 f   LIBCMTD:utility.obj
 0001:00013350       ___scrt_initialize_onexit_tables 00414350 f   LIBCMTD:utility.obj
 0001:00013470       ___scrt_is_nonwritable_in_current_image 00414470 f   LIBCMTD:utility.obj
 0001:000135f0       ___scrt_release_startup_lock 004145f0 f   LIBCMTD:utility.obj
 0001:00013620       ___scrt_uninitialize_crt   00414620 f   LIBCMTD:utility.obj
 0001:00013670       __onexit                   00414670 f   LIBCMTD:utility.obj
 0001:00013700       _at_quick_exit             00414700 f   LIBCMTD:utility.obj
 0001:00013760       _atexit                    00414760 f   LIBCMTD:utility.obj
 0001:00013830       ___security_init_cookie    00414830 f   LIBCMTD:gs_support.obj
 0001:000138d0       __matherr                  004148d0 f   LIBCMTD:matherr.obj
 0001:000138e0       __get_startup_argv_mode    004148e0 f   LIBCMTD:argv_mode.obj
 0001:000138f0       __get_startup_commit_mode  004148f0 f   LIBCMTD:commit_mode.obj
 0001:00013900       __get_startup_file_mode    00414900 f   LIBCMTD:file_mode.obj
 0001:00013910       __get_startup_new_mode     00414910 f   LIBCMTD:new_mode.obj
 0001:00013920       __get_startup_thread_locale_mode 00414920 f   LIBCMTD:thread_locale.obj
 0001:00013930       ?__scrt_initialize_type_info@@YAXXZ 00414930 f   LIBCMTD:tncleanup.obj
 0001:00013950       ?__scrt_uninitialize_type_info@@YAXXZ 00414950 f   LIBCMTD:tncleanup.obj
 0001:00013970       __should_initialize_environment 00414970 f   LIBCMTD:env_mode.obj
 0001:00013980       __initialize_default_precision 00414980 f   LIBCMTD:default_precision.obj
 0001:000139b0       __initialize_invalid_parameter_handler 004149b0 f   LIBCMTD:invalid_parameter_handler.obj
 0001:000139c0       __initialize_denormal_control 004149c0 f   LIBCMTD:denormal_control.obj
 0001:000139d0       ___local_stdio_scanf_options 004149d0 f i LIBCMTD:default_local_stdio_options.obj
 0001:000139e0       ___scrt_initialize_default_local_stdio_options 004149e0 f   LIBCMTD:default_local_stdio_options.obj
 0001:00013a30       ___scrt_is_user_matherr_present 00414a30 f   LIBCMTD:matherr_detection.obj
 0001:00013a60       ___scrt_get_dyn_tls_init_callback 00414a60 f   LIBCMTD:dyn_tls_init.obj
 0001:00013a70       ___scrt_get_dyn_tls_dtor_callback 00414a70 f   LIBCMTD:dyn_tls_dtor.obj
 0001:00013a80       ___scrt_fastfail           00414a80 f   LIBCMTD:utility_desktop.obj
 0001:00013c10       ___scrt_get_show_window_mode 00414c10 f   LIBCMTD:utility_desktop.obj
 0001:00013c60       ___scrt_initialize_winrt   00414c60 f   LIBCMTD:utility_desktop.obj
 0001:00013c70       ___scrt_is_managed_app     00414c70 f   LIBCMTD:utility_desktop.obj
 0001:00013d20       ___scrt_set_unhandled_exception_filter 00414d20 f   LIBCMTD:utility_desktop.obj
 0001:00013d40       ___scrt_unhandled_exception_filter@4 00414d40 f   LIBCMTD:utility_desktop.obj
 0001:00013dc0       __crt_debugger_hook        00414dc0 f   LIBCMTD:utility_desktop.obj
 0001:00013de0       __RTC_Initialize           00414de0 f   LIBCMTD:_initsect_.obj
 0001:00013e20       __RTC_Terminate            00414e20 f   LIBCMTD:_initsect_.obj
 0001:00013e60       @_guard_check_icall@4      00414e60 f i LIBCMTD:checkcfg.obj
 0001:00013e80       ___isa_available_init      00414e80 f   LIBCMTD:_cpu_disp_.obj
 0001:00014210       ___scrt_is_ucrt_dll_in_use 00415210 f   LIBCMTD:ucrt_detection.obj
 0001:00014240       @_guard_check_icall_nop@4  00415240 f i LIBCMTD:guard_support.obj
 0001:00014250       _ReadNoFence               00415250 f i LIBCMTD:guard_support.obj
 0001:00014270       _ReadPointerNoFence        00415270 f i LIBCMTD:guard_support.obj
 0001:00014290       __guard_icall_checks_enforced 00415290 f i LIBCMTD:guard_support.obj
 0001:000142d0       _memcpy                    004152d0 f   libvcruntimed:memcpy.obj
 0001:000149b0       _memset                    004159b0 f   libvcruntimed:memset.obj
 0001:00014be0       __except_handler4          00415be0 f   libvcruntimed:_chandler4_.obj
 0001:00014e30       ___vcrt_initialize         00415e30 f   libvcruntimed:initialization.obj
 0001:00014e80       ___vcrt_thread_attach      00415e80 f   libvcruntimed:initialization.obj
 0001:00014ea0       ___vcrt_thread_detach      00415ea0 f   libvcruntimed:initialization.obj
 0001:00014ec0       ___vcrt_uninitialize       00415ec0 f   libvcruntimed:initialization.obj
 0001:00014ef0       ___vcrt_uninitialize_critical 00415ef0 f   libvcruntimed:initialization.obj
 0001:00014f50       ??$?RD@__crt_internal_free_policy@@QBEXQBD@Z 00415f50 f i libvcruntimed:std_type_info.obj
 0001:00014f80       ??$?RX@__crt_internal_free_policy@@QBEXQBX@Z 00415f80 f i libvcruntimed:std_type_info.obj
 0001:00014fb0       ??$__crt_interlocked_compare_exchange_pointer@$$CBDPAD$$T@@YAPBDPDSBDQAD$$T@Z 00415fb0 f i libvcruntimed:std_type_info.obj
 0001:00014fd0       ??$__crt_interlocked_read_pointer@$$CBD@@YAPBDPDSBD@Z 00415fd0 f i libvcruntimed:std_type_info.obj
 0001:00014ff0       ??0?$__crt_unique_heap_ptr@DU__crt_internal_free_policy@@@@QAE@QAD@Z 00415ff0 f i libvcruntimed:std_type_info.obj
 0001:00015010       ??0?$__crt_unique_heap_ptr@XU__crt_internal_free_policy@@@@QAE@QAX@Z 00416010 f i libvcruntimed:std_type_info.obj
 0001:00015030       ??1?$__crt_unique_heap_ptr@DU__crt_internal_free_policy@@@@QAE@XZ 00416030 f i libvcruntimed:std_type_info.obj
 0001:00015050       ??1?$__crt_unique_heap_ptr@XU__crt_internal_free_policy@@@@QAE@XZ 00416050 f i libvcruntimed:std_type_info.obj
 0001:000150b0       ??B?$__crt_unique_heap_ptr@DU__crt_internal_free_policy@@@@QBE_NXZ 004160b0 f i libvcruntimed:std_type_info.obj
 0001:000150d0       ??B?$__crt_unique_heap_ptr@XU__crt_internal_free_policy@@@@QBE_NXZ 004160d0 f i libvcruntimed:std_type_info.obj
 0001:00015150       ?__crt_interlocked_read_32@@YAHPDH@Z 00416150 f i libvcruntimed:std_type_info.obj
 0001:00015170       ?detach@?$__crt_unique_heap_ptr@XU__crt_internal_free_policy@@@@QAEPAXXZ 00416170 f i libvcruntimed:std_type_info.obj
 0001:000151a0       ?get@?$__crt_unique_heap_ptr@DU__crt_internal_free_policy@@@@QBEPADXZ 004161a0 f i libvcruntimed:std_type_info.obj
 0001:000151c0       ?get@?$__crt_unique_heap_ptr@XU__crt_internal_free_policy@@@@QBEPAXXZ 004161c0 f i libvcruntimed:std_type_info.obj
 0001:000151e0       ?is_valid@?$__crt_unique_heap_ptr@DU__crt_internal_free_policy@@@@QBE_NXZ 004161e0 f i libvcruntimed:std_type_info.obj
 0001:00015220       ?is_valid@?$__crt_unique_heap_ptr@XU__crt_internal_free_policy@@@@QBE_NXZ 00416220 f i libvcruntimed:std_type_info.obj
 0001:00015260       ?release@?$__crt_unique_heap_ptr@DU__crt_internal_free_policy@@@@QAEXXZ 00416260 f i libvcruntimed:std_type_info.obj
 0001:00015290       ?release@?$__crt_unique_heap_ptr@XU__crt_internal_free_policy@@@@QAEXXZ 00416290 f i libvcruntimed:std_type_info.obj
 0001:000152c0       ___std_type_info_compare   004162c0 f   libvcruntimed:std_type_info.obj
 0001:000152f0       ___std_type_info_destroy_list 004162f0 f   libvcruntimed:std_type_info.obj
 0001:00015340       ___std_type_info_hash      00416340 f   libvcruntimed:std_type_info.obj
 0001:000153b0       ___std_type_info_name      004163b0 f   libvcruntimed:std_type_info.obj
 0001:00015600       __local_unwind4            00416600 f   libvcruntimed:_exsup4_.obj
 0001:000156d8       __seh_longjmp_unwind4@4    004166d8 f   libvcruntimed:_exsup4_.obj
 0001:00015700       @_EH4_CallFilterFunc@8     00416700 f   libvcruntimed:_exsup4_.obj
 0001:00015718       @_EH4_TransferToHandler@8  00416718 f   libvcruntimed:_exsup4_.obj
 0001:00015734       @_EH4_GlobalUnwind2@8      00416734 f   libvcruntimed:_exsup4_.obj
 0001:00015750       @_EH4_LocalUnwind@16       00416750 f   libvcruntimed:_exsup4_.obj
 0001:000157d0       ___except_validate_context_record 004167d0 f   libvcruntimed:jbcxrval.obj
 0001:00015830       ___except_validate_jump_buffer 00416830 f   libvcruntimed:jbcxrval.obj
 0001:00015850       ___except_validate_jump_buffer_common 00416850 f i libvcruntimed:jbcxrval.obj
 0001:000158c0       ??$?RU__vcrt_ptd@@@__crt_internal_free_policy@@QBEXQBU__vcrt_ptd@@@Z 004168c0 f i libvcruntimed:per_thread_data.obj
 0001:000158f0       ??0?$__crt_unique_heap_ptr@U__vcrt_ptd@@U__crt_internal_free_policy@@@@QAE@QAU__vcrt_ptd@@@Z 004168f0 f i libvcruntimed:per_thread_data.obj
 0001:00015930       ??1?$__crt_unique_heap_ptr@U__vcrt_ptd@@U__crt_internal_free_policy@@@@QAE@XZ 00416930 f i libvcruntimed:per_thread_data.obj
 0001:00015970       ??B?$__crt_unique_heap_ptr@U__vcrt_ptd@@U__crt_internal_free_policy@@@@QBE_NXZ 00416970 f i libvcruntimed:per_thread_data.obj
 0001:00015990       ?detach@?$__crt_unique_heap_ptr@U__vcrt_ptd@@U__crt_internal_free_policy@@@@QAEPAU__vcrt_ptd@@XZ 00416990 f i libvcruntimed:per_thread_data.obj
 0001:000159c0       ?get@?$__crt_unique_heap_ptr@U__vcrt_ptd@@U__crt_internal_free_policy@@@@QBEPAU__vcrt_ptd@@XZ 004169c0 f i libvcruntimed:per_thread_data.obj
 0001:000159e0       ?is_valid@?$__crt_unique_heap_ptr@U__vcrt_ptd@@U__crt_internal_free_policy@@@@QBE_NXZ 004169e0 f i libvcruntimed:per_thread_data.obj
 0001:00015a20       ?release@?$__crt_unique_heap_ptr@U__vcrt_ptd@@U__crt_internal_free_policy@@@@QAEXXZ 00416a20 f i libvcruntimed:per_thread_data.obj
 0001:00015a80       ___vcrt_freefls@4          00416a80 f   libvcruntimed:per_thread_data.obj
 0001:00015ab0       ___vcrt_freeptd            00416ab0 f   libvcruntimed:per_thread_data.obj
 0001:00015b20       ___vcrt_getptd             00416b20 f   libvcruntimed:per_thread_data.obj
 0001:00015b50       ___vcrt_getptd_noexit      00416b50 f   libvcruntimed:per_thread_data.obj
 0001:00015d00       ___vcrt_getptd_noinit      00416d00 f   libvcruntimed:per_thread_data.obj
 0001:00015d70       ___vcrt_initialize_ptd     00416d70 f   libvcruntimed:per_thread_data.obj
 0001:00015dd0       ___vcrt_uninitialize_ptd   00416dd0 f   libvcruntimed:per_thread_data.obj
 0001:00015e10       ___vcrt_initialize_locks   00416e10 f   libvcruntimed:locks.obj
 0001:00015e80       ___vcrt_lock               00416e80 f   libvcruntimed:locks.obj
 0001:00015ea0       ___vcrt_uninitialize_locks 00416ea0 f   libvcruntimed:locks.obj
 0001:00015f00       ___vcrt_unlock             00416f00 f   libvcruntimed:locks.obj
 0001:00015f20       ??$?BX@__crt_fast_encoded_nullptr_t@@QBEPAXXZ 00416f20 f i libvcruntimed:winapi_downlevel.obj
 0001:00015f40       ??$__crt_fast_decode_pointer@PAX@@YAPAXQAX@Z 00416f40 f i libvcruntimed:winapi_downlevel.obj
 0001:00015f70       ??$__crt_fast_encode_pointer@PAX@@YAPAXQAX@Z 00416f70 f i libvcruntimed:winapi_downlevel.obj
 0001:00015fb0       ??$__crt_interlocked_exchange_pointer@UHINSTANCE__@@PAU1@@@YAPAUHINSTANCE__@@PDSAU0@QAU0@@Z 00416fb0 f i libvcruntimed:winapi_downlevel.obj
 0001:00015fc0       ??$__crt_interlocked_exchange_pointer@UHINSTANCE__@@PAX@@YAPAUHINSTANCE__@@PDSAU0@QAX@Z 00416fc0 f i libvcruntimed:winapi_downlevel.obj
 0001:00015fd0       ??$__crt_interlocked_exchange_pointer@XPAX@@YAPAXPDSAXQAX@Z 00416fd0 f i libvcruntimed:winapi_downlevel.obj
 0001:00015fe0       ??$__crt_interlocked_read_pointer@UHINSTANCE__@@@@YAPAUHINSTANCE__@@PDSAU0@@Z 00416fe0 f i libvcruntimed:winapi_downlevel.obj
 0001:00016000       ??$__crt_interlocked_read_pointer@X@@YAPAXPDSAX@Z 00417000 f i libvcruntimed:winapi_downlevel.obj
 0001:00016020       ?__crt_fast_encode_pointer@@YA?AU__crt_fast_encoded_nullptr_t@@$$T@Z 00417020 f i libvcruntimed:winapi_downlevel.obj
 0001:00016520       ___vcrt_FlsAlloc           00417520 f   libvcruntimed:winapi_downlevel.obj
 0001:00016570       ___vcrt_FlsFree            00417570 f   libvcruntimed:winapi_downlevel.obj
 0001:000165c0       ___vcrt_FlsGetValue        004175c0 f   libvcruntimed:winapi_downlevel.obj
 0001:00016610       ___vcrt_FlsSetValue        00417610 f   libvcruntimed:winapi_downlevel.obj
 0001:00016670       ___vcrt_InitializeCriticalSectionEx 00417670 f   libvcruntimed:winapi_downlevel.obj
 0001:000166d0       ___vcrt_initialize_winapi_thunks 004176d0 f   libvcruntimed:winapi_downlevel.obj
 0001:00016750       ___vcrt_uninitialize_winapi_thunks 00417750 f   libvcruntimed:winapi_downlevel.obj
 0001:000167e0       ??$?B$$A6AXXZ@__crt_fast_encoded_nullptr_t@@QBEP6AXXZXZ 004177e0 f i libvcruntimed:purevirt_data.obj
 0001:00016800       ??$__crt_fast_encode_pointer@P6AXXZ@@YAP6AXXZQ6AXXZ@Z 00417800 f i libvcruntimed:purevirt_data.obj
 0001:00016840       ___vcrt_initialize_pure_virtual_call_handler 00417840 f   libvcruntimed:purevirt_data.obj
 0001:00016870       ??$__vcrt_va_start_verify_argument_type@QBD@@YAXXZ 00417870 f i libvcruntimed:undname.obj
 0001:00016880       ??0Block@_HeapManager@@QAE@XZ 00417880 f i libvcruntimed:undname.obj
 0001:000168a0       ??0DName@@QAE@AAPBDD@Z     004178a0 f   libvcruntimed:undname.obj
 0001:00016b50       ??0DName@@QAE@ABV0@@Z      00417b50 f i libvcruntimed:undname.obj
 0001:00016b80       ??0DName@@QAE@D@Z          00417b80 f   libvcruntimed:undname.obj
 0001:00016bd0       ??0DName@@QAE@PAV0@@Z      00417bd0 f   libvcruntimed:undname.obj
 0001:00016cb0       ??0DName@@QAE@PBD@Z        00417cb0 f   libvcruntimed:undname.obj
 0001:00016d20       ??0DName@@QAE@W4DNameStatus@@@Z 00417d20 f   libvcruntimed:undname.obj
 0001:00016de0       ??0DName@@QAE@XZ           00417de0 f i libvcruntimed:undname.obj
 0001:00016e10       ??0DName@@QAE@_J@Z         00417e10 f   libvcruntimed:undname.obj
 0001:00016f30       ??0DName@@QAE@_K@Z         00417f30 f   libvcruntimed:undname.obj
 0001:00017000       ??0DNameNode@@IAE@XZ       00418000 f i libvcruntimed:undname.obj
 0001:00017020       ??0Replicator@@QAE@XZ      00418020 f i libvcruntimed:undname.obj
 0001:00017040       ??0UnDecorator@@QAE@PADPBDHP6APADJ@ZK@Z 00418040 f i libvcruntimed:undname.obj
 0001:00017100       ??0charNode@@QAE@D@Z       00418100 f i libvcruntimed:undname.obj
 0001:00017140       ??0pDNameNode@@QAE@PAVDName@@@Z 00418140 f   libvcruntimed:undname.obj
 0001:000171c0       ??0pairNode@@QAE@PBVDNameNode@@0@Z 004181c0 f i libvcruntimed:undname.obj
 0001:00017210       ??0pcharNode@@QAE@PBDH@Z   00418210 f   libvcruntimed:undname.obj
 0001:000172d0       ??2@YAPAXIAAV_HeapManager@@H@Z 004182d0 f i libvcruntimed:undname.obj
 0001:000172f0       ??4DName@@QAEAAV0@ABV0@@Z  004182f0 f   libvcruntimed:undname.obj
 0001:00017320       ??4DName@@QAEAAV0@D@Z      00418320 f i libvcruntimed:undname.obj
 0001:00017370       ??4DName@@QAEAAV0@PAV0@@Z  00418370 f   libvcruntimed:undname.obj
 0001:00017430       ??4DName@@QAEAAV0@PBD@Z    00418430 f   libvcruntimed:undname.obj
 0001:00017480       ??4DName@@QAEAAV0@W4DNameStatus@@@Z 00418480 f   libvcruntimed:undname.obj
 0001:00017520       ??AReplicator@@QBE?AVDName@@H@Z 00418520 f   libvcruntimed:undname.obj
 0001:000175a0       ??BUnDecorator@@QAEPADXZ   004185a0 f i libvcruntimed:undname.obj
 0001:000178f0       ??H@YA?AVDName@@DABV0@@Z   004188f0 f i libvcruntimed:undname.obj
 0001:00017930       ??H@YA?AVDName@@PBDABV0@@Z 00418930 f i libvcruntimed:undname.obj
 0001:00017970       ??H@YA?AVDName@@W4DNameStatus@@ABV0@@Z 00418970 f i libvcruntimed:undname.obj
 0001:000179b0       ??HDName@@QBE?AV0@ABV0@@Z  004189b0 f   libvcruntimed:undname.obj
 0001:00017a00       ??HDName@@QBE?AV0@D@Z      00418a00 f   libvcruntimed:undname.obj
 0001:00017a50       ??HDName@@QBE?AV0@PAV0@@Z  00418a50 f   libvcruntimed:undname.obj
 0001:00017aa0       ??HDName@@QBE?AV0@PBD@Z    00418aa0 f   libvcruntimed:undname.obj
 0001:00017af0       ??HDName@@QBE?AV0@W4DNameStatus@@@Z 00418af0 f   libvcruntimed:undname.obj
 0001:00017b40       ??YDName@@QAEAAV0@ABV0@@Z  00418b40 f   libvcruntimed:undname.obj
 0001:00017bc0       ??YDName@@QAEAAV0@D@Z      00418bc0 f   libvcruntimed:undname.obj
 0001:00017c60       ??YDName@@QAEAAV0@PAV0@@Z  00418c60 f   libvcruntimed:undname.obj
 0001:00017d40       ??YDName@@QAEAAV0@PBD@Z    00418d40 f   libvcruntimed:undname.obj
 0001:00017e00       ??YDName@@QAEAAV0@W4DNameStatus@@@Z 00418e00 f   libvcruntimed:undname.obj
 0001:00017e80       ??YReplicator@@QAEAAV0@ABVDName@@@Z 00418e80 f   libvcruntimed:undname.obj
 0001:00017f30       ??_5DName@@QAEAAV0@ABV0@@Z 00418f30 f   libvcruntimed:undname.obj
 0001:00017fa0       ?Constructor@_HeapManager@@QAEXP6APAXI@ZP6AXPAX@Z@Z 00418fa0 f i libvcruntimed:undname.obj
 0001:00017ff0       ?Destructor@_HeapManager@@QAEXXZ 00418ff0 f i libvcruntimed:undname.obj
 0001:00018060       ?UScore@UnDecorator@@SAPBDW4Tokens@@@Z 00419060 f   libvcruntimed:undname.obj
 0001:000180a0       ?append@DName@@AAEXPBVDNameNode@@@Z 004190a0 f   libvcruntimed:undname.obj
 0001:00018150       ?composeDeclaration@UnDecorator@@CA?AVDName@@ABV2@@Z 00419150 f i libvcruntimed:undname.obj
 0001:0001a520       ?dbGetString@DName@@QBEPADXZ 0041b520 f   libvcruntimed:undname.obj
 0001:0001a550       ?doAccessSpecifiers@UnDecorator@@SAHXZ 0041b550 f i libvcruntimed:undname.obj
 0001:0001a580       ?doAllocationLanguage@UnDecorator@@SAHXZ 0041b580 f i libvcruntimed:undname.obj
 0001:0001a5b0       ?doAllocationModel@UnDecorator@@SAHXZ 0041b5b0 f i libvcruntimed:undname.obj
 0001:0001a5e0       ?doEcsu@UnDecorator@@SAHXZ 0041b5e0 f i libvcruntimed:undname.obj
 0001:0001a610       ?doEllipsis@UnDecorator@@SAHXZ 0041b610 f i libvcruntimed:undname.obj
 0001:0001a640       ?doFunctionReturns@UnDecorator@@SAHXZ 0041b640 f i libvcruntimed:undname.obj
 0001:0001a670       ?doMSKeywords@UnDecorator@@SAHXZ 0041b670 f i libvcruntimed:undname.obj
 0001:0001a6a0       ?doMemberTypes@UnDecorator@@SAHXZ 0041b6a0 f i libvcruntimed:undname.obj
 0001:0001a6d0       ?doNameOnly@UnDecorator@@SAHXZ 0041b6d0 f i libvcruntimed:undname.obj
 0001:0001a6f0       ?doNoIdentCharCheck@UnDecorator@@SAHXZ 0041b6f0 f i libvcruntimed:undname.obj
 0001:0001a710       ?doPchar@DName@@AAEXPBDH@Z 0041b710 f   libvcruntimed:undname.obj
 0001:0001a8a0       ?doPtr64@UnDecorator@@SAHXZ 0041b8a0 f i libvcruntimed:undname.obj
 0001:0001a8d0       ?doRestrictionSpec@UnDecorator@@SAHXZ 0041b8d0 f i libvcruntimed:undname.obj
 0001:0001a900       ?doThisTypes@UnDecorator@@SAHXZ 0041b900 f i libvcruntimed:undname.obj
 0001:0001a940       ?doThrowTypes@UnDecorator@@SAHXZ 0041b940 f i libvcruntimed:undname.obj
 0001:0001a970       ?doTypeOnly@UnDecorator@@SAHXZ 0041b970 f i libvcruntimed:undname.obj
 0001:0001a990       ?doUnderScore@UnDecorator@@SAHXZ 0041b990 f i libvcruntimed:undname.obj
 0001:0001a9c0       ?getArgumentList@UnDecorator@@CA?AVDName@@XZ 0041b9c0 f   libvcruntimed:undname.obj
 0001:0001ab60       ?getArgumentTypes@UnDecorator@@CA?AVDName@@XZ 0041bb60 f   libvcruntimed:undname.obj
 0001:0001ad10       ?getArrayType@UnDecorator@@CA?AVDName@@ABV2@@Z 0041bd10 f i libvcruntimed:undname.obj
 0001:0001afd0       ?getBasedType@UnDecorator@@CA?AVDName@@XZ 0041bfd0 f   libvcruntimed:undname.obj
 0001:0001b0c0       ?getBasicDataType@UnDecorator@@CA?AVDName@@ABV2@@Z 0041c0c0 f   libvcruntimed:undname.obj
 0001:0001b820       ?getCallIndex@UnDecorator@@CA?AVDName@@XZ 0041c820 f i libvcruntimed:undname.obj
 0001:0001b840       ?getCallingConvention@UnDecorator@@CA?AVDName@@XZ 0041c840 f   libvcruntimed:undname.obj
 0001:0001ba30       ?getDataIndirectType@UnDecorator@@CA?AVDName@@ABV2@PBD0H@Z 0041ca30 f   libvcruntimed:undname.obj
 0001:0001c3e0       ?getDataIndirectType@UnDecorator@@CA?AVDName@@XZ 0041d3e0 f i libvcruntimed:undname.obj
 0001:0001c430       ?getDataType@UnDecorator@@CA?AVDName@@PAV2@@Z 0041d430 f   libvcruntimed:undname.obj
 0001:0001c590       ?getDecoratedName@UnDecorator@@CA?AVDName@@XZ 0041d590 f   libvcruntimed:undname.obj
 0001:0001c980       ?getDimension@UnDecorator@@CA?AVDName@@_N@Z 0041d980 f   libvcruntimed:undname.obj
 0001:0001cce0       ?getDispatchTarget@UnDecorator@@CA?AVDName@@XZ 0041dce0 f   libvcruntimed:undname.obj
 0001:0001cda0       ?getDisplacement@UnDecorator@@CA?AVDName@@XZ 0041dda0 f i libvcruntimed:undname.obj
 0001:0001cdc0       ?getECSUDataType@UnDecorator@@CA?AVDName@@XZ 0041ddc0 f   libvcruntimed:undname.obj
 0001:0001d000       ?getECSUName@UnDecorator@@CA?AVDName@@XZ 0041e000 f i libvcruntimed:undname.obj
 0001:0001d020       ?getEnumType@UnDecorator@@CA?AVDName@@XZ 0041e020 f i libvcruntimed:undname.obj
 0001:0001d1c0       ?getExtendedDataIndirectType@UnDecorator@@CA?AVDName@@AAPBDAA_NH@Z 0041e1c0 f   libvcruntimed:undname.obj
 0001:0001d4a0       ?getExternalDataType@UnDecorator@@CA?AVDName@@ABV2@@Z 0041e4a0 f i libvcruntimed:undname.obj
 0001:0001d560       ?getFunctionIndirectType@UnDecorator@@CA?AVDName@@ABV2@@Z 0041e560 f   libvcruntimed:undname.obj
 0001:0001db20       ?getGuardNumber@UnDecorator@@CA?AVDName@@XZ 0041eb20 f i libvcruntimed:undname.obj
 0001:0001db40       ?getLastChar@DName@@QBEDXZ 0041eb40 f i libvcruntimed:undname.obj
 0001:0001db90       ?getLastChar@DNameStatusNode@@UBEDXZ 0041eb90 f i libvcruntimed:undname.obj
 0001:0001dbd0       ?getLastChar@charNode@@UBEDXZ 0041ebd0 f i libvcruntimed:undname.obj
 0001:0001dbf0       ?getLastChar@pDNameNode@@UBEDXZ 0041ebf0 f i libvcruntimed:undname.obj
 0001:0001dc30       ?getLastChar@pairNode@@UBEDXZ 0041ec30 f i libvcruntimed:undname.obj
 0001:0001dcb0       ?getLastChar@pcharNode@@UBEDXZ 0041ecb0 f i libvcruntimed:undname.obj
 0001:0001dcf0       ?getLexicalFrame@UnDecorator@@CA?AVDName@@XZ 0041ecf0 f i libvcruntimed:undname.obj
 0001:0001dd40       ?getMemory@_HeapManager@@QAEPAXIH@Z 0041ed40 f   libvcruntimed:undname.obj
 0001:0001dea0       ?getNoexcept@UnDecorator@@CA?AVDName@@XZ 0041eea0 f   libvcruntimed:undname.obj
 0001:0001df20       ?getNumberOfDimensions@UnDecorator@@CAHXZ 0041ef20 f   libvcruntimed:undname.obj
 0001:0001e060       ?getOperatorName@UnDecorator@@CA?AVDName@@_NPA_N@Z 0041f060 f i libvcruntimed:undname.obj
 0001:0001ed20       ?getPointerType@UnDecorator@@CA?AVDName@@ABV2@0@Z 0041fd20 f i libvcruntimed:undname.obj
 0001:0001ed60       ?getPointerTypeArray@UnDecorator@@CA?AVDName@@ABV2@0@Z 0041fd60 f i libvcruntimed:undname.obj
 0001:0001eda0       ?getPrimaryDataType@UnDecorator@@CA?AVDName@@ABV2@@Z 0041fda0 f   libvcruntimed:undname.obj
 0001:0001f290       ?getPtrRefDataType@UnDecorator@@CA?AVDName@@ABV2@H@Z 00420290 f   libvcruntimed:undname.obj
 0001:0001f540       ?getPtrRefType@UnDecorator@@CA?AVDName@@ABV2@0PBD@Z 00420540 f   libvcruntimed:undname.obj
 0001:0001f710       ?getReferenceType@UnDecorator@@CA?AVDName@@ABV2@0PBD@Z 00420710 f i libvcruntimed:undname.obj
 0001:0001f740       ?getRestrictionSpec@UnDecorator@@CA?AVDName@@XZ 00420740 f   libvcruntimed:undname.obj
 0001:0001f900       ?getReturnType@UnDecorator@@CA?AVDName@@PAV2@@Z 00420900 f   libvcruntimed:undname.obj
 0001:0001f960       ?getScope@UnDecorator@@CA?AVDName@@XZ 00420960 f   libvcruntimed:undname.obj
 0001:0001ff90       ?getScopedName@UnDecorator@@CA?AVDName@@XZ 00420f90 f   libvcruntimed:undname.obj
 0001:000200f0       ?getSignedDimension@UnDecorator@@CA?AVDName@@XZ 004210f0 f   libvcruntimed:undname.obj
 0001:00020190       ?getStorageConvention@UnDecorator@@CA?AVDName@@XZ 00421190 f i libvcruntimed:undname.obj
 0001:000201b0       ?getString@DName@@QBEPADPAD0@Z 004211b0 f i libvcruntimed:undname.obj
 0001:00020210       ?getString@DName@@QBEPADPADH@Z 00421210 f i libvcruntimed:undname.obj
 0001:000202c0       ?getString@DNameStatusNode@@UBEPADPAD0@Z 004212c0 f i libvcruntimed:undname.obj
 0001:00020300       ?getString@charNode@@UBEPADPAD0@Z 00421300 f i libvcruntimed:undname.obj
 0001:00020340       ?getString@pDNameNode@@UBEPADPAD0@Z 00421340 f i libvcruntimed:undname.obj
 0001:00020390       ?getString@pairNode@@UBEPADPAD0@Z 00421390 f i libvcruntimed:undname.obj
 0001:00020430       ?getString@pcharNode@@UBEPADPAD0@Z 00421430 f i libvcruntimed:undname.obj
 0001:00020470       ?getStringEncoding@UnDecorator@@CA?AVDName@@PBDH@Z 00421470 f   libvcruntimed:undname.obj
 0001:000205c0       ?getStringHelper@@YAPADPADPBD1H@Z 004215c0 f i libvcruntimed:undname.obj
 0001:00020610       ?getSymbolName@UnDecorator@@CA?AVDName@@XZ 00421610 f i libvcruntimed:undname.obj
 0001:000206c0       ?getTemplateArgumentList@UnDecorator@@CA?AVDName@@XZ 004216c0 f   libvcruntimed:undname.obj
 0001:00020ba0       ?getTemplateConstant@UnDecorator@@CA?AVDName@@XZ 00421ba0 f   libvcruntimed:undname.obj
 0001:000212b0       ?getTemplateName@UnDecorator@@CA?AVDName@@_N@Z 004222b0 f   libvcruntimed:undname.obj
 0001:000214f0       ?getThisType@UnDecorator@@CA?AVDName@@XZ 004224f0 f i libvcruntimed:undname.obj
 0001:00021540       ?getThrowTypes@UnDecorator@@CA?AVDName@@XZ 00422540 f   libvcruntimed:undname.obj
 0001:000215a0       ?getTypeEncoding@UnDecorator@@CAHXZ 004225a0 f i libvcruntimed:undname.obj
 0001:000222b0       ?getVCallThunkType@UnDecorator@@CA?AVDName@@XZ 004232b0 f i libvcruntimed:undname.obj
 0001:00022330       ?getVbTableType@UnDecorator@@CA?AVDName@@ABV2@@Z 00423330 f i libvcruntimed:undname.obj
 0001:00022350       ?getVdispMapType@UnDecorator@@CA?AVDName@@ABV2@@Z 00423350 f i libvcruntimed:undname.obj
 0001:000223e0       ?getVfTableType@UnDecorator@@CA?AVDName@@ABV2@@Z 004233e0 f i libvcruntimed:undname.obj
 0001:00022610       ?getZName@UnDecorator@@CA?AVDName@@_N0@Z 00423610 f   libvcruntimed:undname.obj
 0001:00022990       ?haveTemplateParameters@UnDecorator@@SAHXZ 00423990 f i libvcruntimed:undname.obj
 0001:000229b0       ?isArray@DName@@QBEHXZ     004239b0 f i libvcruntimed:undname.obj
 0001:000229d0       ?isComArray@DName@@QBEHXZ  004239d0 f i libvcruntimed:undname.obj
 0001:000229f0       ?isEmpty@DName@@QBEHXZ     004239f0 f i libvcruntimed:undname.obj
 0001:00022a30       ?isFull@Replicator@@QBEHXZ 00423a30 f i libvcruntimed:undname.obj
 0001:00022a70       ?isNoTE@DName@@QBEHXZ      00423a70 f i libvcruntimed:undname.obj
 0001:00022a90       ?isPinPtr@DName@@QBEHXZ    00423a90 f i libvcruntimed:undname.obj
 0001:00022ab0       ?isPtrRef@DName@@QBEHXZ    00423ab0 f i libvcruntimed:undname.obj
 0001:00022ad0       ?isUDC@DName@@QBEHXZ       00423ad0 f i libvcruntimed:undname.obj
 0001:00022b20       ?isUDTThunk@DName@@QBEHXZ  00423b20 f i libvcruntimed:undname.obj
 0001:00022b70       ?isVCallThunk@DName@@QBEHXZ 00423b70 f i libvcruntimed:undname.obj
 0001:00022b90       ?isValid@DName@@QBEHXZ     00423b90 f i libvcruntimed:undname.obj
 0001:00022bd0       ?length@DName@@QBEHXZ      00423bd0 f i libvcruntimed:undname.obj
 0001:00022c20       ?length@DNameStatusNode@@UBEHXZ 00423c20 f i libvcruntimed:undname.obj
 0001:00022c40       ?length@charNode@@UBEHXZ   00423c40 f i libvcruntimed:undname.obj
 0001:00022c60       ?length@pDNameNode@@UBEHXZ 00423c60 f i libvcruntimed:undname.obj
 0001:00022ca0       ?length@pairNode@@UBEHXZ   00423ca0 f i libvcruntimed:undname.obj
 0001:00022d30       ?length@pcharNode@@UBEHXZ  00423d30 f i libvcruntimed:undname.obj
 0001:00022d50       ?make@DNameStatusNode@@SAPBV1@W4DNameStatus@@@Z 00423d50 f i libvcruntimed:undname.obj
 0001:00022d90       ?setIsArray@DName@@QAEXXZ  00423d90 f i libvcruntimed:undname.obj
 0001:00022dc0       ?setIsComArray@DName@@QAEXXZ 00423dc0 f i libvcruntimed:undname.obj
 0001:00022df0       ?setIsNoTE@DName@@QAEXXZ   00423df0 f i libvcruntimed:undname.obj
 0001:00022e20       ?setIsPinPtr@DName@@QAEXXZ 00423e20 f i libvcruntimed:undname.obj
 0001:00022e50       ?setIsUDC@DName@@QAEXXZ    00423e50 f i libvcruntimed:undname.obj
 0001:00022e90       ?setIsVCallThunk@DName@@QAEXXZ 00423e90 f i libvcruntimed:undname.obj
 0001:00022ec0       ?setPtrRef@DName@@QAEAAV1@XZ 00423ec0 f i libvcruntimed:undname.obj
 0001:00022ef0       ?status@DName@@QBE?AW4DNameStatus@@XZ 00423ef0 f i libvcruntimed:undname.obj
 0001:00023010       ___unDName                 00424010 f   libvcruntimed:undname.obj
 0001:00023110       ___unDNameEx               00424110 f   libvcruntimed:undname.obj
 0001:00023210       __vsprintf_s_l             00424210 f i libvcruntimed:undname.obj
 0001:00023270       _sprintf_s                 00424270 f i libvcruntimed:undname.obj
 0001:000232c0       __global_unwind2           004242c0 f   libvcruntimed:_exsup_.obj
 0001:00023326       __local_unwind2            00424326 f   libvcruntimed:_exsup_.obj
 0001:000233aa       __abnormal_termination     004243aa f   libvcruntimed:_exsup_.obj
 0001:000233d0       __NLG_Notify1              004243d0 f   libvcruntimed:_exsup_.obj
 0001:000233dc       __NLG_Notify               004243dc f   libvcruntimed:_exsup_.obj
 0001:000233f3       __NLG_Dispatch             004243f3     libvcruntimed:_exsup_.obj
 0001:000233f3       __NLG_Dispatch2            004243f3     libvcruntimed:_exsup_.obj
 0001:000233fb       __NLG_Call                 004243fb f   libvcruntimed:_exsup_.obj
 0001:000233fd       __NLG_Return2              004243fd     libvcruntimed:_exsup_.obj
 0001:00023450       ??$__crt_fast_decode_pointer@P6AXXZ@@YAP6AXXZQ6AXXZ@Z 00424450 f i libvcruntimed:purevirt.obj
 0001:00023480       ??$__crt_interlocked_exchange_pointer@$$A6AXXZP6AXXZ@@YAP6AXXZPDS6AXXZQ6AXXZ@Z 00424480 f i libvcruntimed:purevirt.obj
 0001:00023490       ??$__crt_interlocked_read_pointer@$$A6AXXZ@@YAP6AXXZPDS6AXXZ@Z 00424490 f i libvcruntimed:purevirt.obj
 0001:000234b0       __get_purecall_handler     004244b0 f   libvcruntimed:purevirt.obj
 0001:000234e0       __purecall                 004244e0 f   libvcruntimed:purevirt.obj
 0001:00023520       __set_purecall_handler     00424520 f   libvcruntimed:purevirt.obj
 0001:00023560       ??$?RPAU__crt_stdio_stream_data@@@__crt_internal_free_policy@@QBEXQBQAU__crt_stdio_stream_data@@@Z 00424560 f i libucrtd:_file.obj
 0001:00023590       ??0?$__crt_unique_heap_ptr@PAU__crt_stdio_stream_data@@U__crt_internal_free_policy@@@@QAE@QAPAU__crt_stdio_stream_data@@@Z 00424590 f i libucrtd:_file.obj
 0001:000235b0       ??0__crt_stdio_stream@@QAE@QAU_iobuf@@@Z 004245b0 f i libucrtd:_file.obj
 0001:000235d0       ??1?$__crt_unique_heap_ptr@PAU__crt_stdio_stream_data@@U__crt_internal_free_policy@@@@QAE@XZ 004245d0 f i libucrtd:_file.obj
 0001:000235f0       ??C__crt_stdio_stream@@QBEPAU__crt_stdio_stream_data@@XZ 004245f0 f i libucrtd:_file.obj
 0001:00023610       ?detach@?$__crt_unique_heap_ptr@PAU__crt_stdio_stream_data@@U__crt_internal_free_policy@@@@QAEPAPAU__crt_stdio_stream_data@@XZ 00424610 f i libucrtd:_file.obj
 0001:00023640       ?release@?$__crt_unique_heap_ptr@PAU__crt_stdio_stream_data@@U__crt_internal_free_policy@@@@QAEXXZ 00424640 f i libucrtd:_file.obj
 0001:00023680       ___acrt_initialize_stdio   00424680 f   libucrtd:_file.obj
 0001:00023850       ___acrt_iob_func           00424850 f   libucrtd:_file.obj
 0001:00023870       ___acrt_uninitialize_stdio 00424870 f   libucrtd:_file.obj
 0001:00023910       __get_stream_buffer_pointers 00424910 f   libucrtd:_file.obj
 0001:00023a20       __lock_file                00424a20 f   libucrtd:_file.obj
 0001:00023a50       __unlock_file              00424a50 f   libucrtd:_file.obj
 0001:00023a80       ??$__crt_interlocked_read@J@@YAJPDJ@Z 00424a80 f i libucrtd:fclose.obj
 0001:00023aa0       ?get_flags@__crt_stdio_stream@@QBEJXZ 00424aa0 f i libucrtd:fclose.obj
 0001:00023ad0       ?is_in_use@__crt_stdio_stream@@QBE_NXZ 00424ad0 f i libucrtd:fclose.obj
 0001:00023b10       ?is_string_backed@__crt_stdio_stream@@QBE_NXZ 00424b10 f i libucrtd:fclose.obj
 0001:00023b50       ?public_stream@__crt_stdio_stream@@QBEPAU_iobuf@@XZ 00424b50 f i libucrtd:fclose.obj
 0001:00023b70       ?valid@__crt_stdio_stream@@QBE_NXZ 00424b70 f i libucrtd:fclose.obj
 0001:00023bb0       __fclose_nolock            00424bb0 f   libucrtd:fclose.obj
 0001:00023d40       _fclose                    00424d40 f   libucrtd:fclose.obj
 0001:00024680       ??$open_file@ABQBDABQBDABHPAU_iobuf@@@?$__crt_char_traits@D@@SAPAU_iobuf@@ABQBD0ABH$$QAPAU1@@Z 00425680 f i libucrtd:fopen.obj
 0001:000246b0       ??$open_file@ABQB_WABQB_WABHPAU_iobuf@@@?$__crt_char_traits@_W@@SAPAU_iobuf@@ABQB_W0ABH$$QAPAU1@@Z 004256b0 f i libucrtd:fopen.obj
 0001:000246e0       ?unlock@__crt_stdio_stream@@QBEXXZ 004256e0 f i libucrtd:fopen.obj
 0001:00024710       __fsopen                   00425710 f   libucrtd:fopen.obj
 0001:00024740       __wfopen                   00425740 f   libucrtd:fopen.obj
 0001:00024760       __wfopen_s                 00425760 f   libucrtd:fopen.obj
 0001:00024790       __wfsopen                  00425790 f   libucrtd:fopen.obj
 0001:000247c0       _fopen                     004257c0 f   libucrtd:fopen.obj
 0001:000247e0       _fopen_s                   004257e0 f   libucrtd:fopen.obj
 0001:00024810       __fputc_nolock             00425810 f   libucrtd:fputc.obj
 0001:000248c0       __fputchar                 004258c0 f   libucrtd:fputc.obj
 0001:000248f0       __putc_nolock              004258f0 f   libucrtd:fputc.obj
 0001:00024910       _fputc                     00425910 f   libucrtd:fputc.obj
 0001:00024be0       _putc                      00425be0 f   libucrtd:fputc.obj
 0001:00024c00       _putchar                   00425c00 f   libucrtd:fputc.obj
 0001:00024c20       ?has_any_buffer@__crt_stdio_stream@@QBE_NXZ 00425c20 f i libucrtd:fread.obj
 0001:00024c40       ?has_any_of@__crt_stdio_stream@@QBE_NJ@Z 00425c40 f i libucrtd:fread.obj
 0001:00024c80       ?set_flags@__crt_stdio_stream@@QBE_NJ@Z 00425c80 f i libucrtd:fread.obj
 0001:00024ce0       __fread_nolock             00425ce0 f   libucrtd:fread.obj
 0001:00024d10       __fread_nolock_s           00425d10 f   libucrtd:fread.obj
 0001:00025520       _fread                     00426520 f   libucrtd:fread.obj
 0001:00025550       _fread_s                   00426550 f   libucrtd:fread.obj
 0001:00025840       ?LongLongSub@@YAJ_J0PA_J@Z 00426840 f i libucrtd:fseek.obj
 0001:00025950       ?__acrt_stdio_reset_buffer@@YAXV__crt_stdio_stream@@@Z 00426950 f i libucrtd:fseek.obj
 0001:00025f80       ?has_all_of@__crt_stdio_stream@@QBE_NJ@Z 00426f80 f i libucrtd:fseek.obj
 0001:00025fd0       ?lowio_handle@__crt_stdio_stream@@QBEHXZ 00426fd0 f i libucrtd:fseek.obj
 0001:00026000       ?unset_flags@__crt_stdio_stream@@QBE_NJ@Z 00427000 f i libucrtd:fseek.obj
 0001:00026060       __fseek_nolock             00427060 f   libucrtd:fseek.obj
 0001:000260a0       __fseeki64                 004270a0 f   libucrtd:fseek.obj
 0001:000260e0       __fseeki64_nolock          004270e0 f   libucrtd:fseek.obj
 0001:00026120       _fseek                     00427120 f   libucrtd:fseek.obj
 0001:00026f40       ?ctrl_z@__crt_stdio_stream@@QBE_NXZ 00427f40 f i libucrtd:ftell.obj
 0001:00026f60       ?has_big_buffer@__crt_stdio_stream@@QBE_NXZ 00427f60 f i libucrtd:ftell.obj
 0001:00026f80       ?has_crt_buffer@__crt_stdio_stream@@QBE_NXZ 00427f80 f i libucrtd:ftell.obj
 0001:00026fa0       ?has_setvbuf_buffer@__crt_stdio_stream@@QBE_NXZ 00427fa0 f i libucrtd:ftell.obj
 0001:00026fc0       __ftell_nolock             00427fc0 f   libucrtd:ftell.obj
 0001:00026ff0       __ftelli64                 00427ff0 f   libucrtd:ftell.obj
 0001:00027020       __ftelli64_nolock          00428020 f   libucrtd:ftell.obj
 0001:00027050       _ftell                     00428050 f   libucrtd:ftell.obj
 0001:00027080       ??$?R_W@__crt_internal_free_policy@@QBEXQB_W@Z 00428080 f i libucrtd:unlink.obj
 0001:000270b0       ??0?$__crt_unique_heap_ptr@_WU__crt_internal_free_policy@@@@QAE@QA_W@Z 004280b0 f i libucrtd:unlink.obj
 0001:000270d0       ??1?$__crt_unique_heap_ptr@_WU__crt_internal_free_policy@@@@QAE@XZ 004280d0 f i libucrtd:unlink.obj
 0001:000270f0       ?get@?$__crt_unique_heap_ptr@_WU__crt_internal_free_policy@@@@QBEPA_WXZ 004280f0 f i libucrtd:unlink.obj
 0001:00027110       ?get_address_of@?$__crt_unique_heap_ptr@_WU__crt_internal_free_policy@@@@QAEPAPA_WXZ 00428110 f i libucrtd:unlink.obj
 0001:00027130       ?release@?$__crt_unique_heap_ptr@_WU__crt_internal_free_policy@@@@QAEXXZ 00428130 f i libucrtd:unlink.obj
 0001:00027170       __unlink                   00428170 f   libucrtd:unlink.obj
 0001:00027190       _remove                    00428190 f   libucrtd:unlink.obj
 0001:00027230       _rename                    00428230 f   libucrtd:rename.obj
 0001:00027430       ??$?0ABV?$stream_output_adapter@D@__crt_stdio_output@@AB_KABQBDABQAU__crt_locale_pointers@@ABQAD@?$format_validation_base@DV?$stream_output_adapter@D@__crt_stdio_output@@@__crt_stdio_output@@IAE@ABV?$stream_output_adapter@D@1@AB_KABQBDABQAU__crt_locale_pointers@@ABQAD@Z 00428430 f i libucrtd:output.obj
 0001:00027470       ??$?0ABV?$stream_output_adapter@D@__crt_stdio_output@@AB_KABQBDABQAU__crt_locale_pointers@@ABQAD@?$positional_parameter_base@DV?$stream_output_adapter@D@__crt_stdio_output@@@__crt_stdio_output@@IAE@ABV?$stream_output_adapter@D@1@AB_KABQBDABQAU__crt_locale_pointers@@ABQAD@Z 00428470 f i libucrtd:output.obj
 0001:00027500       ??$?0ABV?$stream_output_adapter@D@__crt_stdio_output@@AB_KABQBDABQAU__crt_locale_pointers@@ABQAD@?$standard_base@DV?$stream_output_adapter@D@__crt_stdio_output@@@__crt_stdio_output@@IAE@ABV?$stream_output_adapter@D@1@AB_KABQBDABQAU__crt_locale_pointers@@ABQAD@Z 00428500 f i libucrtd:output.obj
 0001:00027560       ??$?0ABV?$stream_output_adapter@_W@__crt_stdio_output@@AB_KABQB_WABQAU__crt_locale_pointers@@ABQAD@?$format_validation_base@_WV?$stream_output_adapter@_W@__crt_stdio_output@@@__crt_stdio_output@@IAE@ABV?$stream_output_adapter@_W@1@AB_KABQB_WABQAU__crt_locale_pointers@@ABQAD@Z 00428560 f i libucrtd:output.obj
 0001:000275a0       ??$?0ABV?$stream_output_adapter@_W@__crt_stdio_output@@AB_KABQB_WABQAU__crt_locale_pointers@@ABQAD@?$positional_parameter_base@_WV?$stream_output_adapter@_W@__crt_stdio_output@@@__crt_stdio_output@@IAE@ABV?$stream_output_adapter@_W@1@AB_KABQB_WABQAU__crt_locale_pointers@@ABQAD@Z 004285a0 f i libucrtd:output.obj
 0001:00027630       ??$?0ABV?$stream_output_adapter@_W@__crt_stdio_output@@AB_KABQB_WABQAU__crt_locale_pointers@@ABQAD@?$standard_base@_WV?$stream_output_adapter@_W@__crt_stdio_output@@@__crt_stdio_output@@IAE@ABV?$stream_output_adapter@_W@1@AB_KABQB_WABQAU__crt_locale_pointers@@ABQAD@Z 00428630 f i libucrtd:output.obj
 0001:00027690       ??$?0ABV?$string_output_adapter@D@__crt_stdio_output@@AB_KABQBDABQAU__crt_locale_pointers@@ABQAD@?$format_validation_base@DV?$string_output_adapter@D@__crt_stdio_output@@@__crt_stdio_output@@IAE@ABV?$string_output_adapter@D@1@AB_KABQBDABQAU__crt_locale_pointers@@ABQAD@Z 00428690 f i libucrtd:output.obj
 0001:000276d0       ??$?0ABV?$string_output_adapter@D@__crt_stdio_output@@AB_KABQBDABQAU__crt_locale_pointers@@ABQAD@?$positional_parameter_base@DV?$string_output_adapter@D@__crt_stdio_output@@@__crt_stdio_output@@IAE@ABV?$string_output_adapter@D@1@AB_KABQBDABQAU__crt_locale_pointers@@ABQAD@Z 004286d0 f i libucrtd:output.obj
 0001:00027760       ??$?0ABV?$string_output_adapter@D@__crt_stdio_output@@AB_KABQBDABQAU__crt_locale_pointers@@ABQAD@?$standard_base@DV?$string_output_adapter@D@__crt_stdio_output@@@__crt_stdio_output@@IAE@ABV?$string_output_adapter@D@1@AB_KABQBDABQAU__crt_locale_pointers@@ABQAD@Z 00428760 f i libucrtd:output.obj
 0001:000277c0       ??$?0ABV?$string_output_adapter@_W@__crt_stdio_output@@AB_KABQB_WABQAU__crt_locale_pointers@@ABQAD@?$format_validation_base@_WV?$string_output_adapter@_W@__crt_stdio_output@@@__crt_stdio_output@@IAE@ABV?$string_output_adapter@_W@1@AB_KABQB_WABQAU__crt_locale_pointers@@ABQAD@Z 004287c0 f i libucrtd:output.obj
 0001:00027800       ??$?0ABV?$string_output_adapter@_W@__crt_stdio_output@@AB_KABQB_WABQAU__crt_locale_pointers@@ABQAD@?$positional_parameter_base@_WV?$string_output_adapter@_W@__crt_stdio_output@@@__crt_stdio_output@@IAE@ABV?$string_output_adapter@_W@1@AB_KABQB_WABQAU__crt_locale_pointers@@ABQAD@Z 00428800 f i libucrtd:output.obj
 0001:00027890       ??$?0ABV?$string_output_adapter@_W@__crt_stdio_output@@AB_KABQB_WABQAU__crt_locale_pointers@@ABQAD@?$standard_base@_WV?$string_output_adapter@_W@__crt_stdio_output@@@__crt_stdio_output@@IAE@ABV?$string_output_adapter@_W@1@AB_KABQB_WABQAU__crt_locale_pointers@@ABQAD@Z 00428890 f i libucrtd:output.obj
 0001:000278f0       ??$?RV<lambda_2293f24e3ce1ad6fe22ccfb9dec07671>@@AAV<lambda_2565fc715a641e539f44ad02d6823606>@@V<lambda_d3217f279b832965d9ca670dc2993570>@@@?$__crt_seh_guarded_call@H@@QAEH$$QAV<lambda_2293f24e3ce1ad6fe22ccfb9dec07671>@@AAV<lambda_2565fc715a641e539f44ad02d6823606>@@$$QAV<lambda_d3217f279b832965d9ca670dc2993570>@@@Z 004288f0 f i libucrtd:output.obj
 0001:000279a0       ??$?RV<lambda_4d4ac866be0fa3c441830420fabdd2cb>@@AAV<lambda_63a10c2dc8dbb9e4dd1890be52af7c93>@@V<lambda_002af9fa0f8fe472b648c51882d4fc32>@@@?$__crt_seh_guarded_call@H@@QAEH$$QAV<lambda_4d4ac866be0fa3c441830420fabdd2cb>@@AAV<lambda_63a10c2dc8dbb9e4dd1890be52af7c93>@@$$QAV<lambda_002af9fa0f8fe472b648c51882d4fc32>@@@Z 004289a0 f i libucrtd:output.obj
 0001:00027a50       ??$?RV<lambda_5be909dfbae0a631386585770cd7b676>@@AAV<lambda_e516058a9c289d98c8ca9fea99247804>@@V<lambda_afe2e0cdc5e0ecf6f0d6f5e2f8985e38>@@@?$__crt_seh_guarded_call@H@@QAEH$$QAV<lambda_5be909dfbae0a631386585770cd7b676>@@AAV<lambda_e516058a9c289d98c8ca9fea99247804>@@$$QAV<lambda_afe2e0cdc5e0ecf6f0d6f5e2f8985e38>@@@Z 00428a50 f i libucrtd:output.obj
 0001:00027b00       ??$?RV<lambda_823d65812123d985753d53e2a8c25d20>@@AAV<lambda_0a97c9e57da7be065955385c79108ff2>@@V<lambda_4d2973f3ad2d226f00468307185dca1b>@@@?$__crt_seh_guarded_call@H@@QAEH$$QAV<lambda_823d65812123d985753d53e2a8c25d20>@@AAV<lambda_0a97c9e57da7be065955385c79108ff2>@@$$QAV<lambda_4d2973f3ad2d226f00468307185dca1b>@@@Z 00428b00 f i libucrtd:output.obj
 0001:00027bb0       ??$?RV<lambda_ab9923ffb5d694ec0d78876dd103e44f>@@AAV<lambda_481dd5778c961fbcd3b60b650e9b9dc4>@@V<lambda_7923d86c9e3f319b415918ec4b39749c>@@@?$__crt_seh_guarded_call@H@@QAEH$$QAV<lambda_ab9923ffb5d694ec0d78876dd103e44f>@@AAV<lambda_481dd5778c961fbcd3b60b650e9b9dc4>@@$$QAV<lambda_7923d86c9e3f319b415918ec4b39749c>@@@Z 00428bb0 f i libucrtd:output.obj
 0001:00027c60       ??$?RV<lambda_db08b09ef7aa9d4f8620ce68402612bc>@@AAV<lambda_4f2c1eaeead2a5fc776db5b62ea0fb9b>@@V<lambda_3ae262bc35d4ba6a3825c4f6bcaaf95c>@@@?$__crt_seh_guarded_call@H@@QAEH$$QAV<lambda_db08b09ef7aa9d4f8620ce68402612bc>@@AAV<lambda_4f2c1eaeead2a5fc776db5b62ea0fb9b>@@$$QAV<lambda_3ae262bc35d4ba6a3825c4f6bcaaf95c>@@@Z 00428c60 f i libucrtd:output.obj
 0001:00027d10       ??$__acrt_lock_stream_and_call@V<lambda_0a97c9e57da7be065955385c79108ff2>@@@@YAHQAU_iobuf@@$$QAV<lambda_0a97c9e57da7be065955385c79108ff2>@@@Z 00428d10 f i libucrtd:output.obj
 0001:00027d60       ??$__acrt_lock_stream_and_call@V<lambda_2565fc715a641e539f44ad02d6823606>@@@@YAHQAU_iobuf@@$$QAV<lambda_2565fc715a641e539f44ad02d6823606>@@@Z 00428d60 f i libucrtd:output.obj
 0001:00027db0       ??$__acrt_lock_stream_and_call@V<lambda_481dd5778c961fbcd3b60b650e9b9dc4>@@@@YAHQAU_iobuf@@$$QAV<lambda_481dd5778c961fbcd3b60b650e9b9dc4>@@@Z 00428db0 f i libucrtd:output.obj
 0001:00027e00       ??$__acrt_lock_stream_and_call@V<lambda_4f2c1eaeead2a5fc776db5b62ea0fb9b>@@@@YAHQAU_iobuf@@$$QAV<lambda_4f2c1eaeead2a5fc776db5b62ea0fb9b>@@@Z 00428e00 f i libucrtd:output.obj
 0001:00027e50       ??$__acrt_lock_stream_and_call@V<lambda_63a10c2dc8dbb9e4dd1890be52af7c93>@@@@YAHQAU_iobuf@@$$QAV<lambda_63a10c2dc8dbb9e4dd1890be52af7c93>@@@Z 00428e50 f i libucrtd:output.obj
 0001:00027ea0       ??$__acrt_lock_stream_and_call@V<lambda_e516058a9c289d98c8ca9fea99247804>@@@@YAHQAU_iobuf@@$$QAV<lambda_e516058a9c289d98c8ca9fea99247804>@@@Z 00428ea0 f i libucrtd:output.obj
 0001:0002b770       ??$count@D@formatting_buffer@__crt_stdio_output@@QBEIXZ 0042c770 f i libucrtd:output.obj
 0001:0002b7c0       ??$data@D@formatting_buffer@__crt_stdio_output@@QAEPADXZ 0042c7c0 f i libucrtd:output.obj
 0001:0002b810       ??$data@_W@formatting_buffer@__crt_stdio_output@@QAEPA_WXZ 0042c810 f i libucrtd:output.obj
 0001:0002b860       ??$ensure_buffer_is_big_enough@D@formatting_buffer@__crt_stdio_output@@QAE_NI@Z 0042c860 f i libucrtd:output.obj
 0001:0002b980       ??$extract_argument_from_va_list@C_J@?$positional_parameter_base@DV?$stream_output_adapter@D@__crt_stdio_output@@@__crt_stdio_output@@IAE_NAA_J@Z 0042c980 f i libucrtd:output.obj
 0001:0002bb00       ??$extract_argument_from_va_list@C_J@?$positional_parameter_base@DV?$string_output_adapter@D@__crt_stdio_output@@@__crt_stdio_output@@IAE_NAA_J@Z 0042cb00 f i libucrtd:output.obj
 0001:0002bc80       ??$extract_argument_from_va_list@C_J@?$positional_parameter_base@_WV?$stream_output_adapter@_W@__crt_stdio_output@@@__crt_stdio_output@@IAE_NAA_J@Z 0042cc80 f i libucrtd:output.obj
 0001:0002be00       ??$extract_argument_from_va_list@C_J@?$positional_parameter_base@_WV?$string_output_adapter@_W@__crt_stdio_output@@@__crt_stdio_output@@IAE_NAA_J@Z 0042ce00 f i libucrtd:output.obj
 0001:0002bf80       ??$extract_argument_from_va_list@C_J@?$standard_base@DV?$stream_output_adapter@D@__crt_stdio_output@@@__crt_stdio_output@@IAE_NAA_J@Z 0042cf80 f i libucrtd:output.obj
 0001:0002bfc0       ??$extract_argument_from_va_list@C_J@?$standard_base@DV?$string_output_adapter@D@__crt_stdio_output@@@__crt_stdio_output@@IAE_NAA_J@Z 0042cfc0 f i libucrtd:output.obj
 0001:0002c000       ??$extract_argument_from_va_list@C_J@?$standard_base@_WV?$stream_output_adapter@_W@__crt_stdio_output@@@__crt_stdio_output@@IAE_NAA_J@Z 0042d000 f i libucrtd:output.obj
 0001:0002c040       ??$extract_argument_from_va_list@C_J@?$standard_base@_WV?$string_output_adapter@_W@__crt_stdio_output@@@__crt_stdio_output@@IAE_NAA_J@Z 0042d040 f i libucrtd:output.obj
 0001:0002c080       ??$extract_argument_from_va_list@E_J@?$positional_parameter_base@DV?$stream_output_adapter@D@__crt_stdio_output@@@__crt_stdio_output@@IAE_NAA_J@Z 0042d080 f i libucrtd:output.obj
 0001:0002c200       ??$extract_argument_from_va_list@E_J@?$positional_parameter_base@DV?$string_output_adapter@D@__crt_stdio_output@@@__crt_stdio_output@@IAE_NAA_J@Z 0042d200 f i libucrtd:output.obj
 0001:0002c380       ??$extract_argument_from_va_list@E_J@?$positional_parameter_base@_WV?$stream_output_adapter@_W@__crt_stdio_output@@@__crt_stdio_output@@IAE_NAA_J@Z 0042d380 f i libucrtd:output.obj
 0001:0002c500       ??$extract_argument_from_va_list@E_J@?$positional_parameter_base@_WV?$string_output_adapter@_W@__crt_stdio_output@@@__crt_stdio_output@@IAE_NAA_J@Z 0042d500 f i libucrtd:output.obj
 0001:0002c680       ??$extract_argument_from_va_list@E_J@?$standard_base@DV?$stream_output_adapter@D@__crt_stdio_output@@@__crt_stdio_output@@IAE_NAA_J@Z 0042d680 f i libucrtd:output.obj
 0001:0002c6c0       ??$extract_argument_from_va_list@E_J@?$standard_base@DV?$string_output_adapter@D@__crt_stdio_output@@@__crt_stdio_output@@IAE_NAA_J@Z 0042d6c0 f i libucrtd:output.obj
 0001:0002c700       ??$extract_argument_from_va_list@E_J@?$standard_base@_WV?$stream_output_adapter@_W@__crt_stdio_output@@@__crt_stdio_output@@IAE_NAA_J@Z 0042d700 f i libucrtd:output.obj
 0001:0002c740       ??$extract_argument_from_va_list@E_J@?$standard_base@_WV?$string_output_adapter@_W@__crt_stdio_output@@@__crt_stdio_output@@IAE_NAA_J@Z 0042d740 f i libucrtd:output.obj
 0001:0002c780       ??$extract_argument_from_va_list@F_J@?$positional_parameter_base@DV?$stream_output_adapter@D@__crt_stdio_output@@@__crt_stdio_output@@IAE_NAA_J@Z 0042d780 f i libucrtd:output.obj
 0001:0002c900       ??$extract_argument_from_va_list@F_J@?$positional_parameter_base@DV?$string_output_adapter@D@__crt_stdio_output@@@__crt_stdio_output@@IAE_NAA_J@Z 0042d900 f i libucrtd:output.obj
 0001:0002ca80       ??$extract_argument_from_va_list@F_J@?$positional_parameter_base@_WV?$stream_output_adapter@_W@__crt_stdio_output@@@__crt_stdio_output@@IAE_NAA_J@Z 0042da80 f i libucrtd:output.obj
 0001:0002cc00       ??$extract_argument_from_va_list@F_J@?$positional_parameter_base@_WV?$string_output_adapter@_W@__crt_stdio_output@@@__crt_stdio_output@@IAE_NAA_J@Z 0042dc00 f i libucrtd:output.obj
 0001:0002cd80       ??$extract_argument_from_va_list@F_J@?$standard_base@DV?$stream_output_adapter@D@__crt_stdio_output@@@__crt_stdio_output@@IAE_NAA_J@Z 0042dd80 f i libucrtd:output.obj
 0001:0002cdc0       ??$extract_argument_from_va_list@F_J@?$standard_base@DV?$string_output_adapter@D@__crt_stdio_output@@@__crt_stdio_output@@IAE_NAA_J@Z 0042ddc0 f i libucrtd:output.obj
 0001:0002ce00       ??$extract_argument_from_va_list@F_J@?$standard_base@_WV?$stream_output_adapter@_W@__crt_stdio_output@@@__crt_stdio_output@@IAE_NAA_J@Z 0042de00 f i libucrtd:output.obj
 0001:0002ce40       ??$extract_argument_from_va_list@F_J@?$standard_base@_WV?$string_output_adapter@_W@__crt_stdio_output@@@__crt_stdio_output@@IAE_NAA_J@Z 0042de40 f i libucrtd:output.obj
 0001:0002ce80       ??$extract_argument_from_va_list@GD@?$positional_parameter_base@DV?$stream_output_adapter@D@__crt_stdio_output@@@__crt_stdio_output@@IAE_NAAD@Z 0042de80 f i libucrtd:output.obj
 0001:0002d000       ??$extract_argument_from_va_list@GD@?$positional_parameter_base@DV?$string_output_adapter@D@__crt_stdio_output@@@__crt_stdio_output@@IAE_NAAD@Z 0042e000 f i libucrtd:output.obj
 0001:0002d180       ??$extract_argument_from_va_list@GD@?$standard_base@DV?$stream_output_adapter@D@__crt_stdio_output@@@__crt_stdio_output@@IAE_NAAD@Z 0042e180 f i libucrtd:output.obj
 0001:0002d1b0       ??$extract_argument_from_va_list@GD@?$standard_base@DV?$string_output_adapter@D@__crt_stdio_output@@@__crt_stdio_output@@IAE_NAAD@Z 0042e1b0 f i libucrtd:output.obj
 0001:0002d1e0       ??$extract_argument_from_va_list@G_J@?$positional_parameter_base@DV?$stream_output_adapter@D@__crt_stdio_output@@@__crt_stdio_output@@IAE_NAA_J@Z 0042e1e0 f i libucrtd:output.obj
 0001:0002d360       ??$extract_argument_from_va_list@G_J@?$positional_parameter_base@DV?$string_output_adapter@D@__crt_stdio_output@@@__crt_stdio_output@@IAE_NAA_J@Z 0042e360 f i libucrtd:output.obj
 0001:0002d4e0       ??$extract_argument_from_va_list@G_J@?$positional_parameter_base@_WV?$stream_output_adapter@_W@__crt_stdio_output@@@__crt_stdio_output@@IAE_NAA_J@Z 0042e4e0 f i libucrtd:output.obj
 0001:0002d660       ??$extract_argument_from_va_list@G_J@?$positional_parameter_base@_WV?$string_output_adapter@_W@__crt_stdio_output@@@__crt_stdio_output@@IAE_NAA_J@Z 0042e660 f i libucrtd:output.obj
 0001:0002d7e0       ??$extract_argument_from_va_list@G_J@?$standard_base@DV?$stream_output_adapter@D@__crt_stdio_output@@@__crt_stdio_output@@IAE_NAA_J@Z 0042e7e0 f i libucrtd:output.obj
 0001:0002d820       ??$extract_argument_from_va_list@G_J@?$standard_base@DV?$string_output_adapter@D@__crt_stdio_output@@@__crt_stdio_output@@IAE_NAA_J@Z 0042e820 f i libucrtd:output.obj
 0001:0002d860       ??$extract_argument_from_va_list@G_J@?$standard_base@_WV?$stream_output_adapter@_W@__crt_stdio_output@@@__crt_stdio_output@@IAE_NAA_J@Z 0042e860 f i libucrtd:output.obj
 0001:0002d8a0       ??$extract_argument_from_va_list@G_J@?$standard_base@_WV?$string_output_adapter@_W@__crt_stdio_output@@@__crt_stdio_output@@IAE_NAA_J@Z 0042e8a0 f i libucrtd:output.obj
 0001:0002d8e0       ??$extract_argument_from_va_list@H_J@?$positional_parameter_base@DV?$stream_output_adapter@D@__crt_stdio_output@@@__crt_stdio_output@@IAE_NAA_J@Z 0042e8e0 f i libucrtd:output.obj
 0001:0002da60       ??$extract_argument_from_va_list@H_J@?$positional_parameter_base@DV?$string_output_adapter@D@__crt_stdio_output@@@__crt_stdio_output@@IAE_NAA_J@Z 0042ea60 f i libucrtd:output.obj
 0001:0002dbe0       ??$extract_argument_from_va_list@H_J@?$positional_parameter_base@_WV?$stream_output_adapter@_W@__crt_stdio_output@@@__crt_stdio_output@@IAE_NAA_J@Z 0042ebe0 f i libucrtd:output.obj
 0001:0002dd60       ??$extract_argument_from_va_list@H_J@?$positional_parameter_base@_WV?$string_output_adapter@_W@__crt_stdio_output@@@__crt_stdio_output@@IAE_NAA_J@Z 0042ed60 f i libucrtd:output.obj
 0001:0002dee0       ??$extract_argument_from_va_list@H_J@?$standard_base@DV?$stream_output_adapter@D@__crt_stdio_output@@@__crt_stdio_output@@IAE_NAA_J@Z 0042eee0 f i libucrtd:output.obj
 0001:0002df20       ??$extract_argument_from_va_list@H_J@?$standard_base@DV?$string_output_adapter@D@__crt_stdio_output@@@__crt_stdio_output@@IAE_NAA_J@Z 0042ef20 f i libucrtd:output.obj
 0001:0002df60       ??$extract_argument_from_va_list@H_J@?$standard_base@_WV?$stream_output_adapter@_W@__crt_stdio_output@@@__crt_stdio_output@@IAE_NAA_J@Z 0042ef60 f i libucrtd:output.obj
 0001:0002dfa0       ??$extract_argument_from_va_list@H_J@?$standard_base@_WV?$string_output_adapter@_W@__crt_stdio_output@@@__crt_stdio_output@@IAE_NAA_J@Z 0042efa0 f i libucrtd:output.obj
 0001:0002dfe0       ??$extract_argument_from_va_list@I_J@?$positional_parameter_base@DV?$stream_output_adapter@D@__crt_stdio_output@@@__crt_stdio_output@@IAE_NAA_J@Z 0042efe0 f i libucrtd:output.obj
 0001:0002e160       ??$extract_argument_from_va_list@I_J@?$positional_parameter_base@DV?$string_output_adapter@D@__crt_stdio_output@@@__crt_stdio_output@@IAE_NAA_J@Z 0042f160 f i libucrtd:output.obj
 0001:0002e2e0       ??$extract_argument_from_va_list@I_J@?$positional_parameter_base@_WV?$stream_output_adapter@_W@__crt_stdio_output@@@__crt_stdio_output@@IAE_NAA_J@Z 0042f2e0 f i libucrtd:output.obj
 0001:0002e460       ??$extract_argument_from_va_list@I_J@?$positional_parameter_base@_WV?$string_output_adapter@_W@__crt_stdio_output@@@__crt_stdio_output@@IAE_NAA_J@Z 0042f460 f i libucrtd:output.obj
 0001:0002e5e0       ??$extract_argument_from_va_list@I_J@?$standard_base@DV?$stream_output_adapter@D@__crt_stdio_output@@@__crt_stdio_output@@IAE_NAA_J@Z 0042f5e0 f i libucrtd:output.obj
 0001:0002e620       ??$extract_argument_from_va_list@I_J@?$standard_base@DV?$string_output_adapter@D@__crt_stdio_output@@@__crt_stdio_output@@IAE_NAA_J@Z 0042f620 f i libucrtd:output.obj
 0001:0002e660       ??$extract_argument_from_va_list@I_J@?$standard_base@_WV?$stream_output_adapter@_W@__crt_stdio_output@@@__crt_stdio_output@@IAE_NAA_J@Z 0042f660 f i libucrtd:output.obj
 0001:0002e6a0       ??$extract_argument_from_va_list@I_J@?$standard_base@_WV?$string_output_adapter@_W@__crt_stdio_output@@@__crt_stdio_output@@IAE_NAA_J@Z 0042f6a0 f i libucrtd:output.obj
 0001:0002e6e0       ??$extract_argument_from_va_list@PADPAD@?$positional_parameter_base@DV?$stream_output_adapter@D@__crt_stdio_output@@@__crt_stdio_output@@IAE_NAAPAD@Z 0042f6e0 f i libucrtd:output.obj
 0001:0002e860       ??$extract_argument_from_va_list@PADPAD@?$positional_parameter_base@DV?$string_output_adapter@D@__crt_stdio_output@@@__crt_stdio_output@@IAE_NAAPAD@Z 0042f860 f i libucrtd:output.obj
 0001:0002e9e0       ??$extract_argument_from_va_list@PADPAD@?$positional_parameter_base@_WV?$stream_output_adapter@_W@__crt_stdio_output@@@__crt_stdio_output@@IAE_NAAPAD@Z 0042f9e0 f i libucrtd:output.obj
 0001:0002eb60       ??$extract_argument_from_va_list@PADPAD@?$positional_parameter_base@_WV?$string_output_adapter@_W@__crt_stdio_output@@@__crt_stdio_output@@IAE_NAAPAD@Z 0042fb60 f i libucrtd:output.obj
 0001:0002ece0       ??$extract_argument_from_va_list@PADPAD@?$standard_base@DV?$stream_output_adapter@D@__crt_stdio_output@@@__crt_stdio_output@@IAE_NAAPAD@Z 0042fce0 f i libucrtd:output.obj
 0001:0002ed10       ??$extract_argument_from_va_list@PADPAD@?$standard_base@DV?$string_output_adapter@D@__crt_stdio_output@@@__crt_stdio_output@@IAE_NAAPAD@Z 0042fd10 f i libucrtd:output.obj
 0001:0002ed40       ??$extract_argument_from_va_list@PADPAD@?$standard_base@_WV?$stream_output_adapter@_W@__crt_stdio_output@@@__crt_stdio_output@@IAE_NAAPAD@Z 0042fd40 f i libucrtd:output.obj
 0001:0002ed70       ??$extract_argument_from_va_list@PADPAD@?$standard_base@_WV?$string_output_adapter@_W@__crt_stdio_output@@@__crt_stdio_output@@IAE_NAAPAD@Z 0042fd70 f i libucrtd:output.obj
 0001:0002eda0       ??$extract_argument_from_va_list@PAUansi_string@?1??type_case_Z@?$output_processor@DV?$stream_output_adapter@D@__crt_stdio_output@@V?$format_validation_base@DV?$stream_output_adapter@D@__crt_stdio_output@@@2@@__crt_stdio_output@@AAE_NXZ@PAU1?1??234@AAE_NXZ@@?$standard_base@DV?$stream_output_adapter@D@__crt_stdio_output@@@__crt_stdio_output@@IAE_NAAPAUansi_string@?1??type_case_Z@?$output_processor@DV?$stream_output_adapter@D@__crt_stdio_output@@V?$format_validation_base@DV?$stream_output_adapter@D@__crt_stdio_output@@@2@@1@AAE_NXZ@@Z 0042fda0 f i libucrtd:output.obj
 0001:0002edd0       ??$extract_argument_from_va_list@PAUansi_string@?1??type_case_Z@?$output_processor@DV?$stream_output_adapter@D@__crt_stdio_output@@V?$positional_parameter_base@DV?$stream_output_adapter@D@__crt_stdio_output@@@2@@__crt_stdio_output@@AAE_NXZ@PAU1?1??234@AAE_NXZ@@?$positional_parameter_base@DV?$stream_output_adapter@D@__crt_stdio_output@@@__crt_stdio_output@@IAE_NAAPAUansi_string@?1??type_case_Z@?$output_processor@DV?$stream_output_adapter@D@__crt_stdio_output@@V?$positional_parameter_base@DV?$stream_output_adapter@D@__crt_stdio_output@@@2@@1@AAE_NXZ@@Z 0042fdd0 f i libucrtd:output.obj
 0001:0002ef50       ??$extract_argument_from_va_list@PAUansi_string@?1??type_case_Z@?$output_processor@DV?$stream_output_adapter@D@__crt_stdio_output@@V?$positional_parameter_base@DV?$stream_output_adapter@D@__crt_stdio_output@@@2@@__crt_stdio_output@@AAE_NXZ@PAU1?1??234@AAE_NXZ@@?$standard_base@DV?$stream_output_adapter@D@__crt_stdio_output@@@__crt_stdio_output@@IAE_NAAPAUansi_string@?1??type_case_Z@?$output_processor@DV?$stream_output_adapter@D@__crt_stdio_output@@V?$positional_parameter_base@DV?$stream_output_adapter@D@__crt_stdio_output@@@2@@1@AAE_NXZ@@Z 0042ff50 f i libucrtd:output.obj
 0001:0002ef80       ??$extract_argument_from_va_list@PAUansi_string@?1??type_case_Z@?$output_processor@DV?$stream_output_adapter@D@__crt_stdio_output@@V?$standard_base@DV?$stream_output_adapter@D@__crt_stdio_output@@@2@@__crt_stdio_output@@AAE_NXZ@PAU1?1??234@AAE_NXZ@@?$standard_base@DV?$stream_output_adapter@D@__crt_stdio_output@@@__crt_stdio_output@@IAE_NAAPAUansi_string@?1??type_case_Z@?$output_processor@DV?$stream_output_adapter@D@__crt_stdio_output@@V?$standard_base@DV?$stream_output_adapter@D@__crt_stdio_output@@@2@@1@AAE_NXZ@@Z 0042ff80 f i libucrtd:output.obj
 0001:0002efb0       ??$extract_argument_from_va_list@PAUansi_string@?1??type_case_Z@?$output_processor@DV?$string_output_adapter@D@__crt_stdio_output@@V?$format_validation_base@DV?$string_output_adapter@D@__crt_stdio_output@@@2@@__crt_stdio_output@@AAE_NXZ@PAU1?1??234@AAE_NXZ@@?$standard_base@DV?$string_output_adapter@D@__crt_stdio_output@@@__crt_stdio_output@@IAE_NAAPAUansi_string@?1??type_case_Z@?$output_processor@DV?$string_output_adapter@D@__crt_stdio_output@@V?$format_validation_base@DV?$string_output_adapter@D@__crt_stdio_output@@@2@@1@AAE_NXZ@@Z 0042ffb0 f i libucrtd:output.obj
 0001:0002efe0       ??$extract_argument_from_va_list@PAUansi_string@?1??type_case_Z@?$output_processor@DV?$string_output_adapter@D@__crt_stdio_output@@V?$positional_parameter_base@DV?$string_output_adapter@D@__crt_stdio_output@@@2@@__crt_stdio_output@@AAE_NXZ@PAU1?1??234@AAE_NXZ@@?$positional_parameter_base@DV?$string_output_adapter@D@__crt_stdio_output@@@__crt_stdio_output@@IAE_NAAPAUansi_string@?1??type_case_Z@?$output_processor@DV?$string_output_adapter@D@__crt_stdio_output@@V?$positional_parameter_base@DV?$string_output_adapter@D@__crt_stdio_output@@@2@@1@AAE_NXZ@@Z 0042ffe0 f i libucrtd:output.obj
 0001:0002f160       ??$extract_argument_from_va_list@PAUansi_string@?1??type_case_Z@?$output_processor@DV?$string_output_adapter@D@__crt_stdio_output@@V?$positional_parameter_base@DV?$string_output_adapter@D@__crt_stdio_output@@@2@@__crt_stdio_output@@AAE_NXZ@PAU1?1??234@AAE_NXZ@@?$standard_base@DV?$string_output_adapter@D@__crt_stdio_output@@@__crt_stdio_output@@IAE_NAAPAUansi_string@?1??type_case_Z@?$output_processor@DV?$string_output_adapter@D@__crt_stdio_output@@V?$positional_parameter_base@DV?$string_output_adapter@D@__crt_stdio_output@@@2@@1@AAE_NXZ@@Z 00430160 f i libucrtd:output.obj
 0001:0002f190       ??$extract_argument_from_va_list@PAUansi_string@?1??type_case_Z@?$output_processor@DV?$string_output_adapter@D@__crt_stdio_output@@V?$standard_base@DV?$string_output_adapter@D@__crt_stdio_output@@@2@@__crt_stdio_output@@AAE_NXZ@PAU1?1??234@AAE_NXZ@@?$standard_base@DV?$string_output_adapter@D@__crt_stdio_output@@@__crt_stdio_output@@IAE_NAAPAUansi_string@?1??type_case_Z@?$output_processor@DV?$string_output_adapter@D@__crt_stdio_output@@V?$standard_base@DV?$string_output_adapter@D@__crt_stdio_output@@@2@@1@AAE_NXZ@@Z 00430190 f i libucrtd:output.obj
 0001:0002f1c0       ??$extract_argument_from_va_list@PAUansi_string@?1??type_case_Z@?$output_processor@_WV?$stream_output_adapter@_W@__crt_stdio_output@@V?$format_validation_base@_WV?$stream_output_adapter@_W@__crt_stdio_output@@@2@@__crt_stdio_output@@AAE_NXZ@PAU1?1??234@AAE_NXZ@@?$standard_base@_WV?$stream_output_adapter@_W@__crt_stdio_output@@@__crt_stdio_output@@IAE_NAAPAUansi_string@?1??type_case_Z@?$output_processor@_WV?$stream_output_adapter@_W@__crt_stdio_output@@V?$format_validation_base@_WV?$stream_output_adapter@_W@__crt_stdio_output@@@2@@1@AAE_NXZ@@Z 004301c0 f i libucrtd:output.obj
 0001:0002f1f0       ??$extract_argument_from_va_list@PAUansi_string@?1??type_case_Z@?$output_processor@_WV?$stream_output_adapter@_W@__crt_stdio_output@@V?$positional_parameter_base@_WV?$stream_output_adapter@_W@__crt_stdio_output@@@2@@__crt_stdio_output@@AAE_NXZ@PAU1?1??234@AAE_NXZ@@?$positional_parameter_base@_WV?$stream_output_adapter@_W@__crt_stdio_output@@@__crt_stdio_output@@IAE_NAAPAUansi_string@?1??type_case_Z@?$output_processor@_WV?$stream_output_adapter@_W@__crt_stdio_output@@V?$positional_parameter_base@_WV?$stream_output_adapter@_W@__crt_stdio_output@@@2@@1@AAE_NXZ@@Z 004301f0 f i libucrtd:output.obj
[...]
 0002:00024578       ??_R2bad_exception@std@@8  004d6578     libvcruntimed:frame.obj
 0002:00024584       ??_R1A@?0A@EA@bad_exception@std@@8 004d6584     libvcruntimed:frame.obj
 0002:000246c0       ___safe_se_handler_table   004d66c0     <linker-defined>
 0002:00024988       ___rtc_iaa                 004d6988     LIBCMTD:_initsect_.obj
 0002:00024a8c       ___rtc_izz                 004d6a8c     LIBCMTD:_initsect_.obj
 0002:00024b90       ___rtc_taa                 004d6b90     LIBCMTD:_initsect_.obj
 0002:00024c94       ___rtc_tzz                 004d6c94     LIBCMTD:_initsect_.obj
 0002:00025b18       __TI2?AVbad_exception@std@@ 004d7b18     libvcruntimed:frame.obj
 0002:00025b2c       __CTA2?AVbad_exception@std@@ 004d7b2c     libvcruntimed:frame.obj
 0002:00025b3c       __CT??_R0?AVbad_exception@std@@@8??0bad_exception@std@@QAE@ABV01@@Z12 004d7b3c     libvcruntimed:frame.obj
 0002:00025b5c       __CT??_R0?AVexception@std@@@8??0exception@std@@QAE@ABV01@@Z12 004d7b5c     libvcruntimed:frame.obj
 0003:00000010       _directives                004d8010     l_precomp.obj
 0003:000000b0       _dollardirectives          004d80b0     l_precomp.obj
 0003:00000190       _default_punctuations      004d8190     l_script.obj
 0003:0000048c       ___security_cookie         004d848c     LIBCMTD:gs_cookie.obj
 0003:00000490       ___security_cookie_complement 004d8490     LIBCMTD:gs_cookie.obj
 0003:000004a0       __fltused                  004d84a0     LIBCMTD:fltused.obj
 0003:000004a4       ___scrt_native_dllmain_reason 004d84a4     LIBCMTD:utility.obj
 0003:000004a8       ___scrt_default_matherr    004d84a8     LIBCMTD:matherr.obj
 0003:000004ac       ___isa_enabled             004d84ac     LIBCMTD:_cpu_disp_.obj
 0003:000004c0       __NLG_Destination          004d84c0     libvcruntimed:_exsup_.obj
 0003:000004d8       __iob                      004d84d8     libucrtd:_file.obj
 0003:000005b8       __crtDbgFlag               004d85b8     libucrtd:debug_heap.obj
 0003:000005bc       __crtBreakAlloc            004d85bc     libucrtd:debug_heap.obj
 0003:000005c0       ___abort_behavior          004d85c0     libucrtd:abort.obj
 0003:000005d0       ___badioinfo               004d85d0     libucrtd:ioinit.obj
 0003:00000610       __lookuptrailbytes         004d8610     libucrtd:read.obj
 0003:0000074c       ___mb_cur_max              004d874c     libucrtd:nlsdata.obj
 0003:00000750       ___acrt_initial_locale_data 004d8750     libucrtd:nlsdata.obj
 0003:0000082c       ___acrt_initial_locale_pointers 004d882c     libucrtd:nlsdata.obj
 0003:00000838       ___acrt_wide_c_locale_string 004d8838     libucrtd:nlsdata.obj
 0003:00000968       __mbctype                  004d8968     libucrtd:mbctype.obj
 0003:00000aa0       __mbcasemap                004d8aa0     libucrtd:mbctype.obj
 0003:00000bd8       ___acrt_initial_multibyte_data 004d8bd8     libucrtd:mbctype.obj
 0003:00000e64       ___acrt_current_multibyte_data 004d8e64     libucrtd:mbctype.obj
 0003:00000e68       __pctype                   004d8e68     libucrtd:ctype.obj
 0003:00000e6c       __pwctype                  004d8e6c     libucrtd:ctype.obj
 0003:00000e70       ___acrt_lconv_static_decimal 004d8e70     libucrtd:localeconv.obj
 0003:00000e74       ___acrt_lconv_static_W_decimal 004d8e74     libucrtd:localeconv.obj
 0003:00000e78       ___acrt_lconv_c            004d8e78     libucrtd:localeconv.obj
 0003:00000ed8       ___acrt_lconv              004d8ed8     libucrtd:localeconv.obj
 0003:00000edc       ___globallocalestatus      004d8edc     libucrtd:glstatus.obj
 0003:00000ee4       __pfnAllocHook             004d8ee4     libucrtd:debug_heap_hook.obj
 0003:00000ee8       __CrtDbgMode               004d8ee8     libucrtd:dbgrptt.obj
 0003:00000ef8       __CrtDbgFile               004d8ef8     libucrtd:dbgrptt.obj
 0003:00000f08       __crtAssertBusy            004d8f08     libucrtd:dbgrptt.obj
 0003:00000fe0       ___dcrt_lowio_console_output_handle 004d8fe0     libucrtd:initcon.obj
 0003:00001128       ??_R0?AVDNameNode@@@8      004d9128     libvcruntimed:undname.obj
 0003:00001144       ??_R0?AVcharNode@@@8       004d9144     libvcruntimed:undname.obj
 0003:00001160       ??_R0?AVpcharNode@@@8      004d9160     libvcruntimed:undname.obj
 0003:0000117c       ??_R0?AVpDNameNode@@@8     004d917c     libvcruntimed:undname.obj
 0003:0000119c       ??_R0?AVDNameStatusNode@@@8 004d919c     libvcruntimed:undname.obj
 0003:000011c0       ??_R0?AVpairNode@@@8       004d91c0     libvcruntimed:undname.obj
 0003:000011dc       ??_R0?AVtype_info@@@8      004d91dc     LIBCMTD:std_type_info_static.obj
 0003:000011f8       ??_R0?AVbad_exception@std@@@8 004d91f8     libvcruntimed:frame.obj
 0003:00001220       ??_R0?AVexception@std@@@8  004d9220     libvcruntimed:frame.obj
 0003:00001244       ??_R0?AVbad_alloc@std@@@8  004d9244     libvcruntimed:ehhelpers.obj
 0003:00001380       _tokenListHead             004d9380     extractfuncs.obj
 0003:00001384       _verbose                   004d9384     extractfuncs.obj
 0003:0000174c       ___scrt_current_native_startup_state 004d974c     LIBCMTD:utility.obj
 0003:00001750       ___scrt_native_startup_lock 004d9750     LIBCMTD:utility.obj
 0003:00001778       ?__type_info_root_node@@3U__type_info_node@@A 004d9778     LIBCMTD:tncleanup.obj
 0003:00001788       ?_OptionsStorage@?1??__local_stdio_printf_options@@9@4_KA 004d9788     LIBCMTD:default_local_stdio_options.obj
 0003:00001798       ?_OptionsStorage@?1??__local_stdio_scanf_options@@9@4_KA 004d9798     LIBCMTD:default_local_stdio_options.obj
 0003:000017a4       ___scrt_debugger_hook_flag 004d97a4     LIBCMTD:utility_desktop.obj
 0003:000017a8       ___isa_available           004d97a8     LIBCMTD:_cpu_disp_.obj
 0003:000017ac       ___favor                   004d97ac     LIBCMTD:_cpu_disp_.obj
 0003:00001830       ___pPurecall               004d9830     libvcruntimed:purevirt_data.obj
 0003:00001834       ?pArgList@UnDecorator@@0PAVReplicator@@A 004d9834     libvcruntimed:undname.obj
 0003:00001838       ?pZNameList@UnDecorator@@0PAVReplicator@@A 004d9838     libvcruntimed:undname.obj
 0003:0000183c       ?pTemplateArgList@UnDecorator@@0PAVReplicator@@A 004d983c     libvcruntimed:undname.obj
 0003:00001840       ?gName@UnDecorator@@0PBDB  004d9840     libvcruntimed:undname.obj
 0003:00001844       ?name@UnDecorator@@0PBDB   004d9844     libvcruntimed:undname.obj
 0003:00001848       ?outputString@UnDecorator@@0PADA 004d9848     libvcruntimed:undname.obj
 0003:0000184c       ?maxStringLength@UnDecorator@@0HA 004d984c     libvcruntimed:undname.obj
 0003:00001850       ?disableFlags@UnDecorator@@0KA 004d9850     libvcruntimed:undname.obj
 0003:00001854       ?fExplicitTemplateParams@UnDecorator@@0_NA 004d9854     libvcruntimed:undname.obj
 0003:00001855       ?fGetTemplateArgumentList@UnDecorator@@0_NA 004d9855     libvcruntimed:undname.obj
 0003:00001858       ?m_pGetParameter@UnDecorator@@0P6APADJ@ZA 004d9858     libvcruntimed:undname.obj
 0003:000018e0       __nstream                  004d98e0     libucrtd:_file.obj
 0003:000018e4       ___piob                    004d98e4     libucrtd:_file.obj
 0003:000018ec       __cflush                   004d98ec     libucrtd:_file.obj
 0003:0000241c       __environ_table            004da41c     libucrtd:environment_initialization.obj
 0003:00002420       __wenviron_table           004da420     libucrtd:environment_initialization.obj
 0003:00002428       ___dcrt_initial_wide_environment 004da428     libucrtd:environment_initialization.obj
 0003:0000242c       ___dcrt_initial_narrow_environment 004da42c     libucrtd:environment_initialization.obj
 0003:00002430       ___argc                    004da430     libucrtd:argv_data.obj
 0003:00002434       ___argv                    004da434     libucrtd:argv_data.obj
 0003:00002438       ___wargv                   004da438     libucrtd:argv_data.obj
 0003:0000243c       __acmdln                   004da43c     libucrtd:argv_data.obj
 0003:00002440       __wcmdln                   004da440     libucrtd:argv_data.obj
 0003:00002444       __pgmptr                   004da444     libucrtd:argv_data.obj
 0003:00002448       __wpgmptr                  004da448     libucrtd:argv_data.obj
 0003:0000244c       ___acrt_locale_changed_data 004da44c     libucrtd:wsetlocale.obj
 0003:00002454       __commode                  004da454     libucrtd:ncommode.obj
 0003:00002458       ___acrt_atexit_table       004da458     libucrtd:onexit.obj
 0003:00002468       ___acrt_at_quick_exit_table 004da468     libucrtd:onexit.obj
 0003:00002494       __pfnDumpClient            004da494     libucrtd:debug_heap.obj
 0003:000025a8       ___pioinfo                 004da5a8     libucrtd:ioinit.obj
 0003:00002810       __nhandle                  004da810     libucrtd:ioinit.obj
 0003:00002818       ___acrt_stdout_buffer      004da818     libucrtd:_sftbuf.obj
 0003:0000281c       ___acrt_stderr_buffer      004da81c     libucrtd:_sftbuf.obj
 0003:00002820       ___acrt_current_locale_data 004da820     libucrtd:nlsdata.obj
 0003:00002a08       ___mbcodepage              004daa08     libucrtd:mbctype.obj
 0003:00002a0c       ___ismbcodepage            004daa0c     libucrtd:mbctype.obj
 0003:00002a10       ___mbulinfo                004daa10     libucrtd:mbctype.obj
 0003:00002a24       ___mblocalename            004daa24     libucrtd:mbctype.obj
 0003:00002a2c       __fmode                    004daa2c     libucrtd:txtmode.obj
 0003:00002a30       ___acrt_lconv_static_null  004daa30     libucrtd:localeconv.obj
 0003:00002a34       ___acrt_lconv_static_W_null 004daa34     libucrtd:localeconv.obj
 0003:00002a38       ___acrt_heap               004daa38     libucrtd:heap_handle.obj
 0003:00002a58       __pReportHookListW         004daa58     libucrtd:dbgrptt.obj
 0003:00002a5c       __pfnReportHook            004daa5c     libucrtd:dbgrptt.obj
 0003:00002a60       __pReportHookList          004daa60     libucrtd:dbgrptt.obj
 0003:00002a68       ?_timezone@@3V?$dual_state_global@J@__crt_state_management@@A 004daa68     libucrtd:timeset.obj
 0003:00002a6c       ?_daylight@@3V?$dual_state_global@H@__crt_state_management@@A 004daa6c     libucrtd:timeset.obj
 0003:00002a70       ?_dstbias@@3V?$dual_state_global@J@__crt_state_management@@A 004daa70     libucrtd:timeset.obj
 0003:00002b5c       __umaskval                 004dab5c     libucrtd:umask.obj
 0003:00002b60       ___fastflag                004dab60     libucrtd:fp_flags.obj
 0003:00002b68       ?__WinRTOutOfMemoryExceptionCallback@@3P6GPAXXZA 004dab68     libvcruntimed:ehhelpers.obj
 0003:00002b6c       _globaldefines             004dab6c     <common>
 0003:00002b7c       _numtokens                 004dab7c     <common>
 0003:00002b80       _numblocks                 004dab80     <common>
 0003:00002b90       _totalmemorysize           004dab90     <common>
 0003:00002b94       _allocatedmemory           004dab94     <common>
 0003:00002ba0       _logfile                   004daba0     <common>
 0003:00003080       ?_OptionsStorage@?1??__local_stdio_printf_options@@9@9 004db080     <common>
 0003:000066a0       _tokenList                 004de6a0     <common>
 0003:000174a0       _numfuncs                  004ef4a0     <common>
 0003:000174a4       _replacefuncs              004ef4a4     <common>
 0003:000174a8       ___scrt_ucrt_dll_is_in_use 004ef4a8     <common>
 0003:000174b4       ___dyn_tls_dtor_callback   004ef4b4     <common>
 0003:000174c0       ___dyn_tls_init_callback   004ef4c0     <common>
 0003:000174cc       __pmatherr                 004ef4cc     <common>
 0003:000174d8       ___use_sse2_mathfcns       004ef4d8     <common>
 0004:00000000       __imp__FindFirstFileA@8    004f0000     kernel32:KERNEL32.dll
 0004:00000004       __imp__FindNextFileA@8     004f0004     kernel32:KERNEL32.dll
 0004:00000008       __imp__EncodePointer@4     004f0008     kernel32:KERNEL32.dll
 0004:0000000c       __imp__UnhandledExceptionFilter@4 004f000c     kernel32:KERNEL32.dll
 0004:00000010       __imp__SetUnhandledExceptionFilter@4 004f0010     kernel32:KERNEL32.dll
 0004:00000014       __imp__GetCurrentProcess@0 004f0014     kernel32:KERNEL32.dll
 0004:00000018       __imp__TerminateProcess@8  004f0018     kernel32:KERNEL32.dll
 0004:0000001c       __imp__IsProcessorFeaturePresent@4 004f001c     kernel32:KERNEL32.dll
 0004:00000020       __imp__QueryPerformanceCounter@4 004f0020     kernel32:KERNEL32.dll
 0004:00000024       __imp__GetCurrentProcessId@0 004f0024     kernel32:KERNEL32.dll
 0004:00000028       __imp__GetCurrentThreadId@0 004f0028     kernel32:KERNEL32.dll
 0004:0000002c       __imp__GetSystemTimeAsFileTime@4 004f002c     kernel32:KERNEL32.dll
 0004:00000030       __imp__InitializeSListHead@4 004f0030     kernel32:KERNEL32.dll
 0004:00000034       __imp__IsDebuggerPresent@0 004f0034     kernel32:KERNEL32.dll
 0004:00000038       __imp__GetStartupInfoW@4   004f0038     kernel32:KERNEL32.dll
 0004:0000003c       __imp__GetModuleHandleW@4  004f003c     kernel32:KERNEL32.dll
 0004:00000040       __imp__InterlockedPushEntrySList@8 004f0040     kernel32:KERNEL32.dll
 0004:00000044       __imp__InterlockedFlushSList@4 004f0044     kernel32:KERNEL32.dll
 0004:00000048       __imp__RtlUnwind@16        004f0048     kernel32:KERNEL32.dll
 0004:0000004c       __imp__GetLastError@0      004f004c     kernel32:KERNEL32.dll
 0004:00000050       __imp__SetLastError@4      004f0050     kernel32:KERNEL32.dll
 0004:00000054       __imp__EnterCriticalSection@4 004f0054     kernel32:KERNEL32.dll
 0004:00000058       __imp__LeaveCriticalSection@4 004f0058     kernel32:KERNEL32.dll
 0004:0000005c       __imp__DeleteCriticalSection@4 004f005c     kernel32:KERNEL32.dll
 0004:00000060       __imp__InitializeCriticalSectionAndSpinCount@8 004f0060     kernel32:KERNEL32.dll
 0004:00000064       __imp__TlsAlloc@0          004f0064     kernel32:KERNEL32.dll
 0004:00000068       __imp__TlsGetValue@4       004f0068     kernel32:KERNEL32.dll
 0004:0000006c       __imp__TlsSetValue@8       004f006c     kernel32:KERNEL32.dll
 0004:00000070       __imp__TlsFree@4           004f0070     kernel32:KERNEL32.dll
 0004:00000074       __imp__FreeLibrary@4       004f0074     kernel32:KERNEL32.dll
 0004:00000078       __imp__GetProcAddress@8    004f0078     kernel32:KERNEL32.dll
 0004:0000007c       __imp__LoadLibraryExW@12   004f007c     kernel32:KERNEL32.dll
 0004:00000080       __imp__ReadFile@20         004f0080     kernel32:KERNEL32.dll
 0004:00000084       __imp__MultiByteToWideChar@24 004f0084     kernel32:KERNEL32.dll
 0004:00000088       __imp__ExitProcess@4       004f0088     kernel32:KERNEL32.dll
 0004:0000008c       __imp__GetModuleHandleExW@12 004f008c     kernel32:KERNEL32.dll
 0004:00000090       __imp__RaiseException@16   004f0090     kernel32:KERNEL32.dll
 0004:00000094       __imp__GetStdHandle@4      004f0094     kernel32:KERNEL32.dll
 0004:00000098       __imp__WriteFile@20        004f0098     kernel32:KERNEL32.dll
 0004:0000009c       __imp__GetModuleFileNameW@12 004f009c     kernel32:KERNEL32.dll
 0004:000000a0       __imp__GetModuleFileNameA@12 004f00a0     kernel32:KERNEL32.dll
 0004:000000a4       __imp__WideCharToMultiByte@32 004f00a4     kernel32:KERNEL32.dll
 0004:000000a8       __imp__GetCommandLineA@0   004f00a8     kernel32:KERNEL32.dll
 0004:000000ac       __imp__GetCommandLineW@0   004f00ac     kernel32:KERNEL32.dll
 0004:000000b0       __imp__GetACP@0            004f00b0     kernel32:KERNEL32.dll
 0004:000000b4       __imp__HeapAlloc@12        004f00b4     kernel32:KERNEL32.dll
 0004:000000b8       __imp__HeapValidate@12     004f00b8     kernel32:KERNEL32.dll
 0004:000000bc       __imp__GetSystemInfo@4     004f00bc     kernel32:KERNEL32.dll
 0004:000000c0       __imp__GetDateFormatW@24   004f00c0     kernel32:KERNEL32.dll
 0004:000000c4       __imp__GetTimeFormatW@24   004f00c4     kernel32:KERNEL32.dll
 0004:000000c8       __imp__CompareStringW@24   004f00c8     kernel32:KERNEL32.dll
 0004:000000cc       __imp__LCMapStringW@24     004f00cc     kernel32:KERNEL32.dll
 0004:000000d0       __imp__GetLocaleInfoW@16   004f00d0     kernel32:KERNEL32.dll
 0004:000000d4       __imp__IsValidLocale@8     004f00d4     kernel32:KERNEL32.dll
 0004:000000d8       __imp__GetUserDefaultLCID@0 004f00d8     kernel32:KERNEL32.dll
 0004:000000dc       __imp__EnumSystemLocalesW@8 004f00dc     kernel32:KERNEL32.dll
 0004:000000e0       __imp__GetFileType@4       004f00e0     kernel32:KERNEL32.dll
 0004:000000e4       __imp__CloseHandle@4       004f00e4     kernel32:KERNEL32.dll
 0004:000000e8       __imp__GetConsoleMode@8    004f00e8     kernel32:KERNEL32.dll
 0004:000000ec       __imp__ReadConsoleW@20     004f00ec     kernel32:KERNEL32.dll
 0004:000000f0       __imp__SetFilePointerEx@20 004f00f0     kernel32:KERNEL32.dll
 0004:000000f4       __imp__DeleteFileW@4       004f00f4     kernel32:KERNEL32.dll
 0004:000000f8       __imp__MoveFileExW@12      004f00f8     kernel32:KERNEL32.dll
 0004:000000fc       __imp__GetCurrentThread@0  004f00fc     kernel32:KERNEL32.dll
 0004:00000100       __imp__FlushFileBuffers@4  004f0100     kernel32:KERNEL32.dll
 0004:00000104       __imp__GetConsoleCP@0      004f0104     kernel32:KERNEL32.dll
 0004:00000108       __imp__OutputDebugStringA@4 004f0108     kernel32:KERNEL32.dll
 0004:0000010c       __imp__OutputDebugStringW@4 004f010c     kernel32:KERNEL32.dll
 0004:00000110       __imp__WaitForSingleObjectEx@12 004f0110     kernel32:KERNEL32.dll
 0004:00000114       __imp__CreateThread@24     004f0114     kernel32:KERNEL32.dll
 0004:00000118       __imp__FindClose@4         004f0118     kernel32:KERNEL32.dll
 0004:0000011c       __imp__FindFirstFileExA@24 004f011c     kernel32:KERNEL32.dll
 0004:00000120       __imp__FindFirstFileExW@24 004f0120     kernel32:KERNEL32.dll
 0004:00000124       __imp__FindNextFileW@8     004f0124     kernel32:KERNEL32.dll
 0004:00000128       __imp__IsValidCodePage@4   004f0128     kernel32:KERNEL32.dll
 0004:0000012c       __imp__GetOEMCP@0          004f012c     kernel32:KERNEL32.dll
 0004:00000130       __imp__GetCPInfo@8         004f0130     kernel32:KERNEL32.dll
 0004:00000134       __imp__GetEnvironmentStringsW@0 004f0134     kernel32:KERNEL32.dll
 0004:00000138       __imp__FreeEnvironmentStringsW@4 004f0138     kernel32:KERNEL32.dll
 0004:0000013c       __imp__SetEnvironmentVariableA@8 004f013c     kernel32:KERNEL32.dll
 0004:00000140       __imp__SetEnvironmentVariableW@8 004f0140     kernel32:KERNEL32.dll
 0004:00000144       __imp__SetStdHandle@8      004f0144     kernel32:KERNEL32.dll
 0004:00000148       __imp__GetStringTypeW@16   004f0148     kernel32:KERNEL32.dll
 0004:0000014c       __imp__GetProcessHeap@0    004f014c     kernel32:KERNEL32.dll
 0004:00000150       __imp__SetConsoleCtrlHandler@8 004f0150     kernel32:KERNEL32.dll
 0004:00000154       __imp__HeapFree@12         004f0154     kernel32:KERNEL32.dll
 0004:00000158       __imp__HeapReAlloc@16      004f0158     kernel32:KERNEL32.dll
 0004:0000015c       __imp__HeapSize@12         004f015c     kernel32:KERNEL32.dll
 0004:00000160       __imp__HeapQueryInformation@20 004f0160     kernel32:KERNEL32.dll
 0004:00000164       __imp__WriteConsoleW@20    004f0164     kernel32:KERNEL32.dll
 0004:00000168       __imp__CreateFileW@28      004f0168     kernel32:KERNEL32.dll
 0004:0000016c       __imp__GetTimeZoneInformation@4 004f016c     kernel32:KERNEL32.dll
 0004:00000170       __imp__SetEndOfFile@4      004f0170     kernel32:KERNEL32.dll
 0004:00000174       __imp__DecodePointer@4     004f0174     kernel32:KERNEL32.dll
 0004:00000178       \177KERNEL32_NULL_THUNK_DATA 004f0178     kernel32:KERNEL32.dll
 0004:000001ec       __IMPORT_DESCRIPTOR_KERNEL32 004f01ec     kernel32:KERNEL32.dll
 0004:00000200       __NULL_IMPORT_DESCRIPTOR   004f0200     kernel32:KERNEL32.dll
 0005:00000000       ___guard_check_icall_fptr  004f1000     LIBCMTD:guard_support.obj
